Archive member included to satisfy reference by file (symbol)

/usr/local/mcuxpressoide-11.4.1_6260/ide/plugins/com.nxp.mcuxpresso.tools.linux_11.4.0.202103011116/tools/bin/../lib/gcc/arm-none-eabi/10.2.1/../../../../arm-none-eabi/lib/thumb/v6-m/nofp/libcr_c.a(__weak__main.o)
                              ./src/cr_startup_lpc84x.o (__main)
/usr/local/mcuxpressoide-11.4.1_6260/ide/plugins/com.nxp.mcuxpresso.tools.linux_11.4.0.202103011116/tools/bin/../lib/gcc/arm-none-eabi/10.2.1/../../../../arm-none-eabi/lib/thumb/v6-m/nofp/libcr_c.a(strlen.o)
                              ./UART/uart1.o (strlen)

Discarded input sections

 .text          0x0000000000000000        0x0 ./src/aeabi_romdiv_patch.o
 .data          0x0000000000000000        0x0 ./src/aeabi_romdiv_patch.o
 .bss           0x0000000000000000        0x0 ./src/aeabi_romdiv_patch.o
 .text.__aeabi_idiv
                0x0000000000000000       0x10 ./src/aeabi_romdiv_patch.o
 .group         0x0000000000000000        0xc ./src/cr_startup_lpc84x.o
 .text          0x0000000000000000        0x0 ./src/cr_startup_lpc84x.o
 .data          0x0000000000000000        0x0 ./src/cr_startup_lpc84x.o
 .bss           0x0000000000000000        0x0 ./src/cr_startup_lpc84x.o
 .group         0x0000000000000000        0xc ./src/crp.o
 .group         0x0000000000000000        0xc ./src/crp.o
 .text          0x0000000000000000        0x0 ./src/crp.o
 .data          0x0000000000000000        0x0 ./src/crp.o
 .bss           0x0000000000000000        0x0 ./src/crp.o
 .debug_macro   0x0000000000000000      0xa66 ./src/crp.o
 .group         0x0000000000000000        0xc ./src/main.o
 .group         0x0000000000000000        0xc ./src/main.o
 .group         0x0000000000000000        0xc ./src/main.o
 .group         0x0000000000000000        0xc ./src/main.o
 .group         0x0000000000000000        0xc ./src/main.o
 .group         0x0000000000000000        0xc ./src/main.o
 .group         0x0000000000000000        0xc ./src/main.o
 .group         0x0000000000000000        0xc ./src/main.o
 .group         0x0000000000000000        0xc ./src/main.o
 .group         0x0000000000000000        0xc ./src/main.o
 .group         0x0000000000000000        0xc ./src/main.o
 .group         0x0000000000000000        0xc ./src/main.o
 .group         0x0000000000000000        0xc ./src/main.o
 .group         0x0000000000000000        0xc ./src/main.o
 .group         0x0000000000000000        0xc ./src/main.o
 .group         0x0000000000000000        0xc ./src/main.o
 .group         0x0000000000000000        0xc ./src/main.o
 .text          0x0000000000000000        0x0 ./src/main.o
 .data          0x0000000000000000        0x0 ./src/main.o
 .bss           0x0000000000000000        0x0 ./src/main.o
 .debug_macro   0x0000000000000000      0xa66 ./src/main.o
 .group         0x0000000000000000        0xc ./src/mtb.o
 .group         0x0000000000000000        0xc ./src/mtb.o
 .group         0x0000000000000000        0xc ./src/mtb.o
 .text          0x0000000000000000        0x0 ./src/mtb.o
 .data          0x0000000000000000        0x0 ./src/mtb.o
 .bss           0x0000000000000000        0x0 ./src/mtb.o
 .debug_macro   0x0000000000000000      0xa66 ./src/mtb.o
 .debug_macro   0x0000000000000000       0x82 ./src/mtb.o
 .group         0x0000000000000000        0xc ./UART/uart1.o
 .group         0x0000000000000000        0xc ./UART/uart1.o
 .group         0x0000000000000000        0xc ./UART/uart1.o
 .group         0x0000000000000000        0xc ./UART/uart1.o
 .group         0x0000000000000000        0xc ./UART/uart1.o
 .group         0x0000000000000000        0xc ./UART/uart1.o
 .group         0x0000000000000000        0xc ./UART/uart1.o
 .group         0x0000000000000000        0xc ./UART/uart1.o
 .group         0x0000000000000000        0xc ./UART/uart1.o
 .group         0x0000000000000000        0xc ./UART/uart1.o
 .text          0x0000000000000000        0x0 ./UART/uart1.o
 .data          0x0000000000000000        0x0 ./UART/uart1.o
 .bss           0x0000000000000000        0x0 ./UART/uart1.o
 .text.UART1_Send
                0x0000000000000000       0x34 ./UART/uart1.o
 .text.UART1_PushTx
                0x0000000000000000       0x70 ./UART/uart1.o
 .text.UART1_PopRx
                0x0000000000000000       0x54 ./UART/uart1.o
 .text.MyPow    0x0000000000000000       0x48 ./UART/uart1.o
 .text.AnalizarTramaUart1
                0x0000000000000000      0x448 ./UART/uart1.o
 .rodata.AnalizarTramaUart1
                0x0000000000000000       0x1c ./UART/uart1.o
 .text.LeerBufferRX
                0x0000000000000000       0x28 ./UART/uart1.o
 .bss.estado.3  0x0000000000000000        0x1 ./UART/uart1.o
 .bss.i.2       0x0000000000000000        0x1 ./UART/uart1.o
 .bss.texto.1   0x0000000000000000       0x28 ./UART/uart1.o
 .bss.checksum.0
                0x0000000000000000        0x1 ./UART/uart1.o
 .debug_macro   0x0000000000000000      0xa66 ./UART/uart1.o
 .debug_macro   0x0000000000000000       0x16 ./UART/uart1.o
 .debug_macro   0x0000000000000000       0x3f ./UART/uart1.o
 .debug_macro   0x0000000000000000       0x10 ./UART/uart1.o
 .debug_macro   0x0000000000000000      0x12e ./UART/uart1.o
 .debug_macro   0x0000000000000000      0x5b3 ./UART/uart1.o
 .debug_macro   0x0000000000000000      0x3a1 ./UART/uart1.o
 .debug_macro   0x0000000000000000     0x55c4 ./UART/uart1.o
 .debug_macro   0x0000000000000000       0x16 ./UART/uart1.o
 .debug_macro   0x0000000000000000       0x6a ./UART/uart1.o
 .group         0x0000000000000000        0xc ./Timers/timers.o
 .group         0x0000000000000000        0xc ./Timers/timers.o
 .group         0x0000000000000000        0xc ./Timers/timers.o
 .group         0x0000000000000000        0xc ./Timers/timers.o
 .group         0x0000000000000000        0xc ./Timers/timers.o
 .group         0x0000000000000000        0xc ./Timers/timers.o
 .group         0x0000000000000000        0xc ./Timers/timers.o
 .group         0x0000000000000000        0xc ./Timers/timers.o
 .group         0x0000000000000000        0xc ./Timers/timers.o
 .group         0x0000000000000000        0xc ./Timers/timers.o
 .group         0x0000000000000000        0xc ./Timers/timers.o
 .text          0x0000000000000000        0x0 ./Timers/timers.o
 .data          0x0000000000000000        0x0 ./Timers/timers.o
 .bss           0x0000000000000000        0x0 ./Timers/timers.o
 .bss.TMR_handlers
                0x0000000000000000       0x78 ./Timers/timers.o
 .bss.Tmr_Base  0x0000000000000000       0x1e ./Timers/timers.o
 .bss.tiempoDAC
                0x0000000000000000        0x2 ./Timers/timers.o
 .text.TimerEvent
                0x0000000000000000       0x58 ./Timers/timers.o
 .text.TimerStart
                0x0000000000000000       0xcc ./Timers/timers.o
 .text.SetTimer
                0x0000000000000000       0x74 ./Timers/timers.o
 .text.GetTimer
                0x0000000000000000       0x7c ./Timers/timers.o
 .text.StandByTimer
                0x0000000000000000       0x2c ./Timers/timers.o
 .text.TimerStop
                0x0000000000000000       0x60 ./Timers/timers.o
 .text.TimerClose
                0x0000000000000000       0x2c ./Timers/timers.o
 .text.EV_parpadeo
                0x0000000000000000       0xa0 ./Timers/timers.o
 .rodata.EV_parpadeo
                0x0000000000000000       0x18 ./Timers/timers.o
 .text.EV_DAC   0x0000000000000000       0x48 ./Timers/timers.o
 .text.GetTiempoDAC
                0x0000000000000000       0x14 ./Timers/timers.o
 .bss.tic.0     0x0000000000000000        0x1 ./Timers/timers.o
 .debug_macro   0x0000000000000000      0xa66 ./Timers/timers.o
 .debug_macro   0x0000000000000000       0x16 ./Timers/timers.o
 .debug_macro   0x0000000000000000       0x3a ./Timers/timers.o
 .debug_macro   0x0000000000000000       0x6a ./Timers/timers.o
 .debug_macro   0x0000000000000000       0x3f ./Timers/timers.o
 .debug_macro   0x0000000000000000       0x10 ./Timers/timers.o
 .debug_macro   0x0000000000000000      0x12e ./Timers/timers.o
 .debug_macro   0x0000000000000000      0x5b3 ./Timers/timers.o
 .debug_macro   0x0000000000000000      0x3a1 ./Timers/timers.o
 .debug_macro   0x0000000000000000     0x55c4 ./Timers/timers.o
 .group         0x0000000000000000        0xc ./Teclado/teclado.o
 .group         0x0000000000000000        0xc ./Teclado/teclado.o
 .group         0x0000000000000000        0xc ./Teclado/teclado.o
 .group         0x0000000000000000        0xc ./Teclado/teclado.o
 .group         0x0000000000000000        0xc ./Teclado/teclado.o
 .group         0x0000000000000000        0xc ./Teclado/teclado.o
 .group         0x0000000000000000        0xc ./Teclado/teclado.o
 .group         0x0000000000000000        0xc ./Teclado/teclado.o
 .group         0x0000000000000000        0xc ./Teclado/teclado.o
 .text          0x0000000000000000        0x0 ./Teclado/teclado.o
 .data          0x0000000000000000        0x0 ./Teclado/teclado.o
 .bss           0x0000000000000000        0x0 ./Teclado/teclado.o
 .text.Inicializar_Teclado
                0x0000000000000000       0xc8 ./Teclado/teclado.o
 .text.GetKey   0x0000000000000000       0x24 ./Teclado/teclado.o
 .debug_macro   0x0000000000000000      0xa66 ./Teclado/teclado.o
 .debug_macro   0x0000000000000000       0x3f ./Teclado/teclado.o
 .debug_macro   0x0000000000000000       0x10 ./Teclado/teclado.o
 .debug_macro   0x0000000000000000      0x12e ./Teclado/teclado.o
 .debug_macro   0x0000000000000000      0x5b3 ./Teclado/teclado.o
 .debug_macro   0x0000000000000000      0x3a1 ./Teclado/teclado.o
 .debug_macro   0x0000000000000000     0x55c4 ./Teclado/teclado.o
 .debug_macro   0x0000000000000000       0x16 ./Teclado/teclado.o
 .debug_macro   0x0000000000000000       0x6a ./Teclado/teclado.o
 .group         0x0000000000000000        0xc ./SG90/sg90.o
 .group         0x0000000000000000        0xc ./SG90/sg90.o
 .group         0x0000000000000000        0xc ./SG90/sg90.o
 .group         0x0000000000000000        0xc ./SG90/sg90.o
 .group         0x0000000000000000        0xc ./SG90/sg90.o
 .group         0x0000000000000000        0xc ./SG90/sg90.o
 .group         0x0000000000000000        0xc ./SG90/sg90.o
 .group         0x0000000000000000        0xc ./SG90/sg90.o
 .group         0x0000000000000000        0xc ./SG90/sg90.o
 .group         0x0000000000000000        0xc ./SG90/sg90.o
 .group         0x0000000000000000        0xc ./SG90/sg90.o
 .group         0x0000000000000000        0xc ./SG90/sg90.o
 .group         0x0000000000000000        0xc ./SG90/sg90.o
 .group         0x0000000000000000        0xc ./SG90/sg90.o
 .group         0x0000000000000000        0xc ./SG90/sg90.o
 .group         0x0000000000000000        0xc ./SG90/sg90.o
 .group         0x0000000000000000        0xc ./SG90/sg90.o
 .text          0x0000000000000000        0x0 ./SG90/sg90.o
 .data          0x0000000000000000        0x0 ./SG90/sg90.o
 .bss           0x0000000000000000        0x0 ./SG90/sg90.o
 .text.SG90     0x0000000000000000       0x8c ./SG90/sg90.o
 .debug_info    0x0000000000000000       0xbd ./SG90/sg90.o
 .debug_abbrev  0x0000000000000000       0x7a ./SG90/sg90.o
 .debug_aranges
                0x0000000000000000       0x20 ./SG90/sg90.o
 .debug_ranges  0x0000000000000000       0x10 ./SG90/sg90.o
 .debug_macro   0x0000000000000000      0x142 ./SG90/sg90.o
 .debug_macro   0x0000000000000000      0xa66 ./SG90/sg90.o
 .debug_macro   0x0000000000000000       0x82 ./SG90/sg90.o
 .debug_macro   0x0000000000000000       0x16 ./SG90/sg90.o
 .debug_macro   0x0000000000000000       0x3f ./SG90/sg90.o
 .debug_macro   0x0000000000000000       0x10 ./SG90/sg90.o
 .debug_macro   0x0000000000000000      0x12e ./SG90/sg90.o
 .debug_macro   0x0000000000000000      0x5b3 ./SG90/sg90.o
 .debug_macro   0x0000000000000000      0x3a1 ./SG90/sg90.o
 .debug_macro   0x0000000000000000     0x55c4 ./SG90/sg90.o
 .debug_macro   0x0000000000000000       0x6a ./SG90/sg90.o
 .debug_macro   0x0000000000000000       0x3a ./SG90/sg90.o
 .debug_macro   0x0000000000000000       0x3a ./SG90/sg90.o
 .debug_macro   0x0000000000000000       0x3a ./SG90/sg90.o
 .debug_macro   0x0000000000000000       0x16 ./SG90/sg90.o
 .debug_macro   0x0000000000000000       0x3a ./SG90/sg90.o
 .debug_macro   0x0000000000000000       0x10 ./SG90/sg90.o
 .debug_macro   0x0000000000000000       0x2e ./SG90/sg90.o
 .debug_line    0x0000000000000000      0x62e ./SG90/sg90.o
 .debug_str     0x0000000000000000    0x32edc ./SG90/sg90.o
 .comment       0x0000000000000000       0x4e ./SG90/sg90.o
 .debug_frame   0x0000000000000000       0x30 ./SG90/sg90.o
 .ARM.attributes
                0x0000000000000000       0x2c ./SG90/sg90.o
 .group         0x0000000000000000        0xc ./LCD/lcd.o
 .group         0x0000000000000000        0xc ./LCD/lcd.o
 .group         0x0000000000000000        0xc ./LCD/lcd.o
 .group         0x0000000000000000        0xc ./LCD/lcd.o
 .group         0x0000000000000000        0xc ./LCD/lcd.o
 .group         0x0000000000000000        0xc ./LCD/lcd.o
 .group         0x0000000000000000        0xc ./LCD/lcd.o
 .group         0x0000000000000000        0xc ./LCD/lcd.o
 .group         0x0000000000000000        0xc ./LCD/lcd.o
 .group         0x0000000000000000        0xc ./LCD/lcd.o
 .text          0x0000000000000000        0x0 ./LCD/lcd.o
 .data          0x0000000000000000        0x0 ./LCD/lcd.o
 .bss           0x0000000000000000        0x0 ./LCD/lcd.o
 .text.LCD_Escribir
                0x0000000000000000      0x100 ./LCD/lcd.o
 .text.Display_LCD
                0x0000000000000000       0x84 ./LCD/lcd.o
 .text.Inicializar_LCD
                0x0000000000000000      0x1f4 ./LCD/lcd.o
 .text.LCD_Delay
                0x0000000000000000       0x28 ./LCD/lcd.o
 .debug_info    0x0000000000000000      0x2ec ./LCD/lcd.o
 .debug_abbrev  0x0000000000000000      0x117 ./LCD/lcd.o
 .debug_aranges
                0x0000000000000000       0x38 ./LCD/lcd.o
 .debug_ranges  0x0000000000000000       0x28 ./LCD/lcd.o
 .debug_macro   0x0000000000000000       0x81 ./LCD/lcd.o
 .debug_macro   0x0000000000000000      0xa66 ./LCD/lcd.o
 .debug_macro   0x0000000000000000       0x3f ./LCD/lcd.o
 .debug_macro   0x0000000000000000       0x10 ./LCD/lcd.o
 .debug_macro   0x0000000000000000      0x12e ./LCD/lcd.o
 .debug_macro   0x0000000000000000      0x5b3 ./LCD/lcd.o
 .debug_macro   0x0000000000000000      0x3a1 ./LCD/lcd.o
 .debug_macro   0x0000000000000000     0x55c4 ./LCD/lcd.o
 .debug_macro   0x0000000000000000       0x34 ./LCD/lcd.o
 .debug_macro   0x0000000000000000       0x16 ./LCD/lcd.o
 .debug_macro   0x0000000000000000       0x6a ./LCD/lcd.o
 .debug_line    0x0000000000000000      0x3e2 ./LCD/lcd.o
 .debug_str     0x0000000000000000    0x328f3 ./LCD/lcd.o
 .comment       0x0000000000000000       0x4e ./LCD/lcd.o
 .debug_frame   0x0000000000000000       0x90 ./LCD/lcd.o
 .ARM.attributes
                0x0000000000000000       0x2c ./LCD/lcd.o
 .group         0x0000000000000000        0xc ./IO/io.o
 .group         0x0000000000000000        0xc ./IO/io.o
 .group         0x0000000000000000        0xc ./IO/io.o
 .group         0x0000000000000000        0xc ./IO/io.o
 .group         0x0000000000000000        0xc ./IO/io.o
 .group         0x0000000000000000        0xc ./IO/io.o
 .group         0x0000000000000000        0xc ./IO/io.o
 .group         0x0000000000000000        0xc ./IO/io.o
 .group         0x0000000000000000        0xc ./IO/io.o
 .group         0x0000000000000000        0xc ./IO/io.o
 .text          0x0000000000000000        0x0 ./IO/io.o
 .data          0x0000000000000000        0x0 ./IO/io.o
 .bss           0x0000000000000000        0x0 ./IO/io.o
 .text.Entradas
                0x0000000000000000       0x14 ./IO/io.o
 .text.Inicializar_IO
                0x0000000000000000       0xe6 ./IO/io.o
 .debug_macro   0x0000000000000000      0xa66 ./IO/io.o
 .debug_macro   0x0000000000000000       0x3f ./IO/io.o
 .debug_macro   0x0000000000000000       0x10 ./IO/io.o
 .debug_macro   0x0000000000000000      0x12e ./IO/io.o
 .debug_macro   0x0000000000000000      0x5b3 ./IO/io.o
 .debug_macro   0x0000000000000000      0x3a1 ./IO/io.o
 .debug_macro   0x0000000000000000     0x55c4 ./IO/io.o
 .debug_macro   0x0000000000000000       0x16 ./IO/io.o
 .debug_macro   0x0000000000000000       0x6a ./IO/io.o
 .debug_macro   0x0000000000000000       0x34 ./IO/io.o
 .group         0x0000000000000000        0xc ./GPIO/gpio.o
 .group         0x0000000000000000        0xc ./GPIO/gpio.o
 .group         0x0000000000000000        0xc ./GPIO/gpio.o
 .group         0x0000000000000000        0xc ./GPIO/gpio.o
 .group         0x0000000000000000        0xc ./GPIO/gpio.o
 .group         0x0000000000000000        0xc ./GPIO/gpio.o
 .group         0x0000000000000000        0xc ./GPIO/gpio.o
 .group         0x0000000000000000        0xc ./GPIO/gpio.o
 .group         0x0000000000000000        0xc ./GPIO/gpio.o
 .text          0x0000000000000000        0x0 ./GPIO/gpio.o
 .data          0x0000000000000000        0x0 ./GPIO/gpio.o
 .bss           0x0000000000000000        0x0 ./GPIO/gpio.o
 .debug_macro   0x0000000000000000      0xa66 ./GPIO/gpio.o
 .debug_macro   0x0000000000000000       0x16 ./GPIO/gpio.o
 .debug_macro   0x0000000000000000       0x6a ./GPIO/gpio.o
 .debug_macro   0x0000000000000000       0x3f ./GPIO/gpio.o
 .debug_macro   0x0000000000000000       0x10 ./GPIO/gpio.o
 .debug_macro   0x0000000000000000      0x12e ./GPIO/gpio.o
 .debug_macro   0x0000000000000000      0x5b3 ./GPIO/gpio.o
 .debug_macro   0x0000000000000000      0x3a1 ./GPIO/gpio.o
 .debug_macro   0x0000000000000000     0x55c4 ./GPIO/gpio.o
 .group         0x0000000000000000        0xc ./Drivers/Inicializacion.o
 .group         0x0000000000000000        0xc ./Drivers/Inicializacion.o
 .group         0x0000000000000000        0xc ./Drivers/Inicializacion.o
 .group         0x0000000000000000        0xc ./Drivers/Inicializacion.o
 .group         0x0000000000000000        0xc ./Drivers/Inicializacion.o
 .group         0x0000000000000000        0xc ./Drivers/Inicializacion.o
 .group         0x0000000000000000        0xc ./Drivers/Inicializacion.o
 .group         0x0000000000000000        0xc ./Drivers/Inicializacion.o
 .group         0x0000000000000000        0xc ./Drivers/Inicializacion.o
 .group         0x0000000000000000        0xc ./Drivers/Inicializacion.o
 .group         0x0000000000000000        0xc ./Drivers/Inicializacion.o
 .group         0x0000000000000000        0xc ./Drivers/Inicializacion.o
 .group         0x0000000000000000        0xc ./Drivers/Inicializacion.o
 .group         0x0000000000000000        0xc ./Drivers/Inicializacion.o
 .group         0x0000000000000000        0xc ./Drivers/Inicializacion.o
 .group         0x0000000000000000        0xc ./Drivers/Inicializacion.o
 .group         0x0000000000000000        0xc ./Drivers/Inicializacion.o
 .text          0x0000000000000000        0x0 ./Drivers/Inicializacion.o
 .data          0x0000000000000000        0x0 ./Drivers/Inicializacion.o
 .bss           0x0000000000000000        0x0 ./Drivers/Inicializacion.o
 .debug_macro   0x0000000000000000      0xa66 ./Drivers/Inicializacion.o
 .debug_macro   0x0000000000000000       0x82 ./Drivers/Inicializacion.o
 .debug_macro   0x0000000000000000       0x16 ./Drivers/Inicializacion.o
 .debug_macro   0x0000000000000000       0x3f ./Drivers/Inicializacion.o
 .debug_macro   0x0000000000000000       0x10 ./Drivers/Inicializacion.o
 .debug_macro   0x0000000000000000      0x12e ./Drivers/Inicializacion.o
 .debug_macro   0x0000000000000000      0x5b3 ./Drivers/Inicializacion.o
 .debug_macro   0x0000000000000000      0x3a1 ./Drivers/Inicializacion.o
 .debug_macro   0x0000000000000000     0x55c4 ./Drivers/Inicializacion.o
 .debug_macro   0x0000000000000000       0x6a ./Drivers/Inicializacion.o
 .debug_macro   0x0000000000000000       0x3a ./Drivers/Inicializacion.o
 .debug_macro   0x0000000000000000       0x3a ./Drivers/Inicializacion.o
 .debug_macro   0x0000000000000000       0x3a ./Drivers/Inicializacion.o
 .debug_macro   0x0000000000000000       0x16 ./Drivers/Inicializacion.o
 .debug_macro   0x0000000000000000       0x3a ./Drivers/Inicializacion.o
 .debug_macro   0x0000000000000000       0x10 ./Drivers/Inicializacion.o
 .debug_macro   0x0000000000000000       0x2e ./Drivers/Inicializacion.o
 .group         0x0000000000000000        0xc ./Drivers/dr_pll.o
 .group         0x0000000000000000        0xc ./Drivers/dr_pll.o
 .group         0x0000000000000000        0xc ./Drivers/dr_pll.o
 .group         0x0000000000000000        0xc ./Drivers/dr_pll.o
 .group         0x0000000000000000        0xc ./Drivers/dr_pll.o
 .group         0x0000000000000000        0xc ./Drivers/dr_pll.o
 .group         0x0000000000000000        0xc ./Drivers/dr_pll.o
 .text          0x0000000000000000        0x0 ./Drivers/dr_pll.o
 .data          0x0000000000000000        0x0 ./Drivers/dr_pll.o
 .bss           0x0000000000000000        0x0 ./Drivers/dr_pll.o
 .debug_macro   0x0000000000000000      0xa66 ./Drivers/dr_pll.o
 .debug_macro   0x0000000000000000       0x3f ./Drivers/dr_pll.o
 .debug_macro   0x0000000000000000       0x10 ./Drivers/dr_pll.o
 .debug_macro   0x0000000000000000      0x12e ./Drivers/dr_pll.o
 .debug_macro   0x0000000000000000      0x5b3 ./Drivers/dr_pll.o
 .debug_macro   0x0000000000000000      0x3a1 ./Drivers/dr_pll.o
 .debug_macro   0x0000000000000000     0x55c4 ./Drivers/dr_pll.o
 .group         0x0000000000000000        0xc ./Drivers/dr_systick.o
 .group         0x0000000000000000        0xc ./Drivers/dr_systick.o
 .group         0x0000000000000000        0xc ./Drivers/dr_systick.o
 .group         0x0000000000000000        0xc ./Drivers/dr_systick.o
 .group         0x0000000000000000        0xc ./Drivers/dr_systick.o
 .group         0x0000000000000000        0xc ./Drivers/dr_systick.o
 .group         0x0000000000000000        0xc ./Drivers/dr_systick.o
 .group         0x0000000000000000        0xc ./Drivers/dr_systick.o
 .group         0x0000000000000000        0xc ./Drivers/dr_systick.o
 .group         0x0000000000000000        0xc ./Drivers/dr_systick.o
 .group         0x0000000000000000        0xc ./Drivers/dr_systick.o
 .text          0x0000000000000000        0x0 ./Drivers/dr_systick.o
 .data          0x0000000000000000        0x0 ./Drivers/dr_systick.o
 .bss           0x0000000000000000        0x0 ./Drivers/dr_systick.o
 .debug_macro   0x0000000000000000      0xa66 ./Drivers/dr_systick.o
 .debug_macro   0x0000000000000000       0x3f ./Drivers/dr_systick.o
 .debug_macro   0x0000000000000000       0x10 ./Drivers/dr_systick.o
 .debug_macro   0x0000000000000000      0x12e ./Drivers/dr_systick.o
 .debug_macro   0x0000000000000000      0x5b3 ./Drivers/dr_systick.o
 .debug_macro   0x0000000000000000      0x3a1 ./Drivers/dr_systick.o
 .debug_macro   0x0000000000000000     0x55c4 ./Drivers/dr_systick.o
 .debug_macro   0x0000000000000000       0x16 ./Drivers/dr_systick.o
 .debug_macro   0x0000000000000000       0x6a ./Drivers/dr_systick.o
 .debug_macro   0x0000000000000000       0x34 ./Drivers/dr_systick.o
 .debug_macro   0x0000000000000000       0x3a ./Drivers/dr_systick.o
 .group         0x0000000000000000        0xc ./CTIMER/ctimer.o
 .group         0x0000000000000000        0xc ./CTIMER/ctimer.o
 .group         0x0000000000000000        0xc ./CTIMER/ctimer.o
 .group         0x0000000000000000        0xc ./CTIMER/ctimer.o
 .group         0x0000000000000000        0xc ./CTIMER/ctimer.o
 .group         0x0000000000000000        0xc ./CTIMER/ctimer.o
 .group         0x0000000000000000        0xc ./CTIMER/ctimer.o
 .group         0x0000000000000000        0xc ./CTIMER/ctimer.o
 .group         0x0000000000000000        0xc ./CTIMER/ctimer.o
 .group         0x0000000000000000        0xc ./CTIMER/ctimer.o
 .group         0x0000000000000000        0xc ./CTIMER/ctimer.o
 .group         0x0000000000000000        0xc ./CTIMER/ctimer.o
 .group         0x0000000000000000        0xc ./CTIMER/ctimer.o
 .group         0x0000000000000000        0xc ./CTIMER/ctimer.o
 .group         0x0000000000000000        0xc ./CTIMER/ctimer.o
 .group         0x0000000000000000        0xc ./CTIMER/ctimer.o
 .group         0x0000000000000000        0xc ./CTIMER/ctimer.o
 .text          0x0000000000000000        0x0 ./CTIMER/ctimer.o
 .data          0x0000000000000000        0x0 ./CTIMER/ctimer.o
 .bss           0x0000000000000000        0x0 ./CTIMER/ctimer.o
 .debug_macro   0x0000000000000000      0xa66 ./CTIMER/ctimer.o
 .debug_macro   0x0000000000000000       0x82 ./CTIMER/ctimer.o
 .debug_macro   0x0000000000000000       0x16 ./CTIMER/ctimer.o
 .debug_macro   0x0000000000000000       0x3f ./CTIMER/ctimer.o
 .debug_macro   0x0000000000000000       0x10 ./CTIMER/ctimer.o
 .debug_macro   0x0000000000000000      0x12e ./CTIMER/ctimer.o
 .debug_macro   0x0000000000000000      0x5b3 ./CTIMER/ctimer.o
 .debug_macro   0x0000000000000000      0x3a1 ./CTIMER/ctimer.o
 .debug_macro   0x0000000000000000     0x55c4 ./CTIMER/ctimer.o
 .debug_macro   0x0000000000000000       0x6a ./CTIMER/ctimer.o
 .debug_macro   0x0000000000000000       0x3a ./CTIMER/ctimer.o
 .debug_macro   0x0000000000000000       0x3a ./CTIMER/ctimer.o
 .debug_macro   0x0000000000000000       0x16 ./CTIMER/ctimer.o
 .debug_macro   0x0000000000000000       0x3a ./CTIMER/ctimer.o
 .debug_macro   0x0000000000000000       0x10 ./CTIMER/ctimer.o
 .debug_macro   0x0000000000000000       0x2e ./CTIMER/ctimer.o
 .debug_macro   0x0000000000000000       0x3a ./CTIMER/ctimer.o
 .text          0x0000000000000000        0x0 /usr/local/mcuxpressoide-11.4.1_6260/ide/plugins/com.nxp.mcuxpresso.tools.linux_11.4.0.202103011116/tools/bin/../lib/gcc/arm-none-eabi/10.2.1/../../../../arm-none-eabi/lib/thumb/v6-m/nofp/libcr_c.a(__weak__main.o)
 .data          0x0000000000000000        0x0 /usr/local/mcuxpressoide-11.4.1_6260/ide/plugins/com.nxp.mcuxpresso.tools.linux_11.4.0.202103011116/tools/bin/../lib/gcc/arm-none-eabi/10.2.1/../../../../arm-none-eabi/lib/thumb/v6-m/nofp/libcr_c.a(__weak__main.o)
 .bss           0x0000000000000000        0x0 /usr/local/mcuxpressoide-11.4.1_6260/ide/plugins/com.nxp.mcuxpresso.tools.linux_11.4.0.202103011116/tools/bin/../lib/gcc/arm-none-eabi/10.2.1/../../../../arm-none-eabi/lib/thumb/v6-m/nofp/libcr_c.a(__weak__main.o)
 .text          0x0000000000000000        0x0 /usr/local/mcuxpressoide-11.4.1_6260/ide/plugins/com.nxp.mcuxpresso.tools.linux_11.4.0.202103011116/tools/bin/../lib/gcc/arm-none-eabi/10.2.1/../../../../arm-none-eabi/lib/thumb/v6-m/nofp/libcr_c.a(strlen.o)
 .data          0x0000000000000000        0x0 /usr/local/mcuxpressoide-11.4.1_6260/ide/plugins/com.nxp.mcuxpresso.tools.linux_11.4.0.202103011116/tools/bin/../lib/gcc/arm-none-eabi/10.2.1/../../../../arm-none-eabi/lib/thumb/v6-m/nofp/libcr_c.a(strlen.o)
 .bss           0x0000000000000000        0x0 /usr/local/mcuxpressoide-11.4.1_6260/ide/plugins/com.nxp.mcuxpresso.tools.linux_11.4.0.202103011116/tools/bin/../lib/gcc/arm-none-eabi/10.2.1/../../../../arm-none-eabi/lib/thumb/v6-m/nofp/libcr_c.a(strlen.o)
 .text.strlen   0x0000000000000000       0x58 /usr/local/mcuxpressoide-11.4.1_6260/ide/plugins/com.nxp.mcuxpresso.tools.linux_11.4.0.202103011116/tools/bin/../lib/gcc/arm-none-eabi/10.2.1/../../../../arm-none-eabi/lib/thumb/v6-m/nofp/libcr_c.a(strlen.o)
 .comment       0x0000000000000000       0x4e /usr/local/mcuxpressoide-11.4.1_6260/ide/plugins/com.nxp.mcuxpresso.tools.linux_11.4.0.202103011116/tools/bin/../lib/gcc/arm-none-eabi/10.2.1/../../../../arm-none-eabi/lib/thumb/v6-m/nofp/libcr_c.a(strlen.o)
 .ARM.attributes
                0x0000000000000000       0x2c /usr/local/mcuxpressoide-11.4.1_6260/ide/plugins/com.nxp.mcuxpresso.tools.linux_11.4.0.202103011116/tools/bin/../lib/gcc/arm-none-eabi/10.2.1/../../../../arm-none-eabi/lib/thumb/v6-m/nofp/libcr_c.a(strlen.o)

Memory Configuration

Name             Origin             Length             Attributes
MFlash64         0x0000000000000000 0x0000000000010000 xr
RamLoc16         0x0000000010000000 0x0000000000004000 xrw
*default*        0x0000000000000000 0xffffffffffffffff

Linker script and memory map

LOAD ./src/aeabi_romdiv_patch.o
LOAD ./src/cr_startup_lpc84x.o
LOAD ./src/crp.o
LOAD ./src/main.o
LOAD ./src/mtb.o
LOAD ./UART/uart1.o
LOAD ./Timers/timers.o
LOAD ./Teclado/teclado.o
LOAD ./SG90/sg90.o
LOAD ./LCD/lcd.o
LOAD ./IO/io.o
LOAD ./GPIO/gpio.o
LOAD ./Drivers/Inicializacion.o
LOAD ./Drivers/dr_pll.o
LOAD ./Drivers/dr_systick.o
LOAD ./CTIMER/ctimer.o
START GROUP
LOAD /usr/local/mcuxpressoide-11.4.1_6260/ide/plugins/com.nxp.mcuxpresso.tools.linux_11.4.0.202103011116/tools/bin/../lib/gcc/arm-none-eabi/10.2.1/../../../../arm-none-eabi/lib/thumb/v6-m/nofp/libcr_c.a
LOAD /usr/local/mcuxpressoide-11.4.1_6260/ide/plugins/com.nxp.mcuxpresso.tools.linux_11.4.0.202103011116/tools/bin/../lib/gcc/arm-none-eabi/10.2.1/thumb/v6-m/nofp/libcr_eabihelpers.a
LOAD /usr/local/mcuxpressoide-11.4.1_6260/ide/plugins/com.nxp.mcuxpresso.tools.linux_11.4.0.202103011116/tools/bin/../lib/gcc/arm-none-eabi/10.2.1/thumb/v6-m/nofp/libgcc.a
END GROUP
                0x0000000000000000                __base_MFlash64 = 0x0
                0x0000000000000000                __base_Flash = 0x0
                0x0000000000010000                __top_MFlash64 = 0x10000
                0x0000000000010000                __top_Flash = 0x10000
                0x0000000010000000                __base_RamLoc16 = 0x10000000
                0x0000000010000000                __base_RAM = 0x10000000
                0x0000000010004000                __top_RamLoc16 = 0x10004000
                0x0000000010004000                __top_RAM = 0x10004000

.text           0x0000000000000000      0xd88
 FILL mask 0xff
                0x0000000000000000                __vectors_start__ = ABSOLUTE (.)
 *(.isr_vector)
 .isr_vector    0x0000000000000000       0xc0 ./src/cr_startup_lpc84x.o
                0x0000000000000000                g_pfnVectors
                0x00000000000000c0                . = ALIGN (0x4)
                0x00000000000000c0                __section_table_start = .
                0x00000000000000c0                __data_section_table = .
                0x00000000000000c0        0x4 LONG 0xd88 LOADADDR (.data)
                0x00000000000000c4        0x4 LONG 0x10000100 ADDR (.data)
                0x00000000000000c8        0x4 LONG 0x4 SIZEOF (.data)
                0x00000000000000cc                __data_section_table_end = .
                0x00000000000000cc                __bss_section_table = .
                0x00000000000000cc        0x4 LONG 0x10000104 ADDR (.bss)
                0x00000000000000d0        0x4 LONG 0x108 SIZEOF (.bss)
                0x00000000000000d4                __bss_section_table_end = .
                0x00000000000000d4                __section_table_end = .
 *(.after_vectors*)
 .after_vectors
                0x00000000000000d4      0x144 ./src/cr_startup_lpc84x.o
                0x00000000000000d4                data_init
                0x0000000000000116                bss_init
                0x000000000000014c                ResetISR
                0x00000000000001f4                NMI_Handler
                0x00000000000001fa                HardFault_Handler
                0x0000000000000200                SVC_Handler
                0x0000000000000206                PendSV_Handler
                0x0000000000000212                CMP_IRQHandler
                0x0000000000000212                PININT7_IRQHandler
                0x0000000000000212                I2C0_IRQHandler
                0x0000000000000212                WKT_IRQHandler
                0x0000000000000212                PININT2_IRQHandler
                0x0000000000000212                PININT1_IRQHandler
                0x0000000000000212                MRT_IRQHandler
                0x0000000000000212                I2C1_IRQHandler
                0x0000000000000212                ADC_SEQB_IRQHandler
                0x0000000000000212                UART0_IRQHandler
                0x0000000000000212                SPI1_IRQHandler
                0x0000000000000212                IntDefaultHandler
                0x0000000000000212                ADC_OVR_IRQHandler
                0x0000000000000212                I2C2_IRQHandler
                0x0000000000000212                PININT3_IRQHandler
                0x0000000000000212                UART2_IRQHandler
                0x0000000000000212                PININT5_IRQHandler
                0x0000000000000212                PININT4_IRQHandler
                0x0000000000000212                ADC_THCMP_IRQHandler
                0x0000000000000212                PININT0_IRQHandler
                0x0000000000000212                BOD_IRQHandler
                0x0000000000000212                I2C3_IRQHandler
                0x0000000000000212                SCT_IRQHandler
                0x0000000000000212                WDT_IRQHandler
                0x0000000000000212                ADC_SEQA_IRQHandler
                0x0000000000000212                FAIM_IRQHandler
                0x0000000000000212                DAC0_IRQHandler
                0x0000000000000212                PININT6_IRQHandler
                0x0000000000000212                SPI0_IRQHandler
                0x0000000000000212                DMA_IRQHandler
                0x0000000000000212                FLASH_IRQHandler
                0x00000000000002fc                . = 0x2fc
 *fill*         0x0000000000000218       0xe4 ff
                0x00000000000002fc                PROVIDE (__CRP_WORD_START__ = .)
 *(.crp)
 .crp           0x00000000000002fc        0x4 ./src/crp.o
                0x00000000000002fc                CRP_WORD
                0x0000000000000300                PROVIDE (__CRP_WORD_END__ = .)
                0x0000000000000001                ASSERT (! ((__CRP_WORD_START__ == __CRP_WORD_END__)), Linker CRP Enabled, but no CRP_WORD provided within application)
 *(.text*)
 .text.__aeabi_uidiv
                0x0000000000000300       0x10 ./src/aeabi_romdiv_patch.o
                0x0000000000000300                __aeabi_uidiv
                0x0000000000000300                __aeabi_uidivmod
 .text.main     0x0000000000000310        0xa ./src/main.o
                0x0000000000000310                main
 *fill*         0x000000000000031a        0x2 ff
 .text.UART1_IRQHandler
                0x000000000000031c       0x60 ./UART/uart1.o
                0x000000000000031c                UART1_IRQHandler
 .text.Inicializar_UART1
                0x000000000000037c       0xc0 ./UART/uart1.o
                0x000000000000037c                Inicializar_UART1
 .text.UART1_PopTx
                0x000000000000043c       0x58 ./UART/uart1.o
                0x000000000000043c                UART1_PopTx
 .text.UART1_PushRx
                0x0000000000000494       0x48 ./UART/uart1.o
                0x0000000000000494                UART1_PushRx
 .text.AnalizarTimers
                0x00000000000004dc       0x70 ./Timers/timers.o
                0x00000000000004dc                AnalizarTimers
 .text.TECLADO_Barrido
                0x000000000000054c       0x22 ./Teclado/teclado.o
                0x000000000000054c                TECLADO_Barrido
 *fill*         0x000000000000056e        0x2 ff
 .text.TECLADO_Barrido_SW
                0x0000000000000570       0x9c ./Teclado/teclado.o
                0x0000000000000570                TECLADO_Barrido_SW
 .text.TECLADO_Barrido_HW
                0x000000000000060c      0x102 ./Teclado/teclado.o
                0x000000000000060c                TECLADO_Barrido_HW
 *fill*         0x000000000000070e        0x2 ff
 .text.Debounce
                0x0000000000000710       0xfc ./IO/io.o
                0x0000000000000710                Debounce
 .text.Inicializar_GPIO
                0x000000000000080c       0x70 ./GPIO/gpio.o
                0x000000000000080c                Inicializar_GPIO
 .text.GPIO_Set
                0x000000000000087c       0x7c ./GPIO/gpio.o
                0x000000000000087c                GPIO_Set
 .text.GPIO_Dir
                0x00000000000008f8       0x7c ./GPIO/gpio.o
                0x00000000000008f8                GPIO_Dir
 .text.GPIO_Read
                0x0000000000000974       0x36 ./GPIO/gpio.o
                0x0000000000000974                GPIO_Read
 *fill*         0x00000000000009aa        0x2 ff
 .text.IOCON_config_io
                0x00000000000009ac      0x164 ./GPIO/gpio.o
                0x00000000000009ac                IOCON_config_io
 .text.Inicializar
                0x0000000000000b10       0x2c ./Drivers/Inicializacion.o
                0x0000000000000b10                Inicializar
 .text.Inicializar_PLL
                0x0000000000000b3c       0xb0 ./Drivers/dr_pll.o
                0x0000000000000b3c                Inicializar_PLL
 .text.SysTick_Handler
                0x0000000000000bec       0x38 ./Drivers/dr_systick.o
                0x0000000000000bec                SysTick_Handler
 .text.Inicializar_SysTick
                0x0000000000000c24       0x38 ./Drivers/dr_systick.o
                0x0000000000000c24                Inicializar_SysTick
 .text.CTIMER0_IRQHandler
                0x0000000000000c5c       0xa8 ./CTIMER/ctimer.o
                0x0000000000000c5c                CTIMER0_IRQHandler
 .text.Inicializar_CTimer0
                0x0000000000000d04       0x7c ./CTIMER/ctimer.o
                0x0000000000000d04                Inicializar_CTimer0
 .text.__weak_main
                0x0000000000000d80        0x8 /usr/local/mcuxpressoide-11.4.1_6260/ide/plugins/com.nxp.mcuxpresso.tools.linux_11.4.0.202103011116/tools/bin/../lib/gcc/arm-none-eabi/10.2.1/../../../../arm-none-eabi/lib/thumb/v6-m/nofp/libcr_c.a(__weak__main.o)
                0x0000000000000d80                __main
                0x0000000000000d80                __weak_main
 *(.rodata .rodata.* .constdata .constdata.*)
                0x0000000000000d88                . = ALIGN (0x4)

.glue_7         0x0000000000000d88        0x0
 .glue_7        0x0000000000000d88        0x0 linker stubs

.glue_7t        0x0000000000000d88        0x0
 .glue_7t       0x0000000000000d88        0x0 linker stubs

.vfp11_veneer   0x0000000000000d88        0x0
 .vfp11_veneer  0x0000000000000d88        0x0 linker stubs

.v4_bx          0x0000000000000d88        0x0
 .v4_bx         0x0000000000000d88        0x0 linker stubs

.iplt           0x0000000000000d88        0x0
 .iplt          0x0000000000000d88        0x0 ./src/aeabi_romdiv_patch.o

.rel.dyn        0x0000000000000d88        0x0
 .rel.iplt      0x0000000000000d88        0x0 ./src/aeabi_romdiv_patch.o

.ARM.extab
 *(.ARM.extab* .gnu.linkonce.armextab.*)

.ARM.exidx      0x0000000000000d88        0x0
                0x0000000000000d88                __exidx_start = .
 *(.ARM.exidx* .gnu.linkonce.armexidx.*)
                0x0000000000000d88                __exidx_end = .
                0x0000000000000d88                _etext = .

.mtb_buffer_default
                0x0000000010000000      0x100
 *(.mtb*)
 .mtb.$RAM1     0x0000000010000000      0x100 ./src/mtb.o
                0x0000000010000000                __mtb_buffer__

.uninit_RESERVED
                0x0000000010000100        0x0
                0x0000000010000100                _start_uninit_RESERVED = .
 *(.bss.$RESERVED*)
                0x0000000010000100                . = ALIGN (0x4)
                0x0000000010000100                _end_uninit_RESERVED = .

.data           0x0000000010000100        0x4 load address 0x0000000000000d88
 FILL mask 0xff
                0x0000000010000100                _data = .
                [!provide]                        PROVIDE (__start_data_RAM = .)
                [!provide]                        PROVIDE (__start_data_RamLoc16 = .)
 *(vtable)
 *(.ramfunc*)
 *(CodeQuickAccess)
 *(DataQuickAccess)
 *(RamFunction)
 *(.data*)
 .data.BufferTeclado
                0x0000000010000100        0x1 ./Teclado/teclado.o
                0x0000000010000100                BufferTeclado
 .data.CodigoAnterior
                0x0000000010000101        0x1 ./Teclado/teclado.o
                0x0000000010000101                CodigoAnterior
 .data.segundos
                0x0000000010000102        0x2 ./Drivers/dr_systick.o
                0x0000000010000102                segundos
                0x0000000010000104                . = ALIGN (0x4)
                0x0000000010000104                _edata = .
                [!provide]                        PROVIDE (__end_data_RAM = .)
                [!provide]                        PROVIDE (__end_data_RamLoc16 = .)

.igot.plt       0x0000000010000104        0x0 load address 0x0000000000000d8c
 .igot.plt      0x0000000010000104        0x0 ./src/aeabi_romdiv_patch.o

.bss            0x0000000010000104      0x108
                0x0000000010000104                _bss = .
                [!provide]                        PROVIDE (__start_bss_RAM = .)
                [!provide]                        PROVIDE (__start_bss_RamLoc16 = .)
 *(.bss*)
 .bss.pDivRom_idiv
                0x0000000010000104        0x4 ./src/cr_startup_lpc84x.o
                0x0000000010000104                pDivRom_idiv
 .bss.pDivRom_uidiv
                0x0000000010000108        0x4 ./src/cr_startup_lpc84x.o
                0x0000000010000108                pDivRom_uidiv
 .bss.UART1     0x000000001000010c       0x38 ./UART/uart1.o
                0x000000001000010c                UART1
 .bss.Tmr_Run   0x0000000010000144       0x78 ./Timers/timers.o
                0x0000000010000144                Tmr_Run
 .bss.TMR_Events
                0x00000000100001bc       0x1e ./Timers/timers.o
                0x00000000100001bc                TMR_Events
 *fill*         0x00000000100001da        0x2 
 .bss.TMR_StandBy
                0x00000000100001dc       0x1e ./Timers/timers.o
                0x00000000100001dc                TMR_StandBy
 .bss.EstadosEstables
                0x00000000100001fa        0x2 ./Teclado/teclado.o
                0x00000000100001fa                EstadosEstables
 .bss.BufferEntradas
                0x00000000100001fc        0x1 ./IO/io.o
                0x00000000100001fc                BufferEntradas
 *fill*         0x00000000100001fd        0x3 
 .bss.ContadorEstados.0
                0x0000000010000200        0x4 ./IO/io.o
 .bss.bufferPWM
                0x0000000010000204        0x4 ./CTIMER/ctimer.o
                0x0000000010000204                bufferPWM
 .bss.flag.1    0x0000000010000208        0x1 ./CTIMER/ctimer.o
 .bss.flagPWM.0
                0x0000000010000209        0x1 ./CTIMER/ctimer.o
 *(COMMON)
                0x000000001000020c                . = ALIGN (0x4)
 *fill*         0x000000001000020a        0x2 
                0x000000001000020c                _ebss = .
                [!provide]                        PROVIDE (__end_bss_RAM = .)
                [!provide]                        PROVIDE (__end_bss_RamLoc16 = .)
                [!provide]                        PROVIDE (end = .)

.noinit         0x000000001000020c        0x0
                0x000000001000020c                _noinit = .
                [!provide]                        PROVIDE (__start_noinit_RAM = .)
                [!provide]                        PROVIDE (__start_noinit_RamLoc16 = .)
 *(.noinit*)
                0x000000001000020c                . = ALIGN (0x4)
                0x000000001000020c                _end_noinit = .
                [!provide]                        PROVIDE (__end_noinit_RAM = .)
                [!provide]                        PROVIDE (__end_noinit_RamLoc16 = .)
                [!provide]                        PROVIDE (_pvHeapStart = DEFINED (__user_heap_base)?__user_heap_base:.)
                0x0000000010004000                PROVIDE (_vStackTop = DEFINED (__user_stack_top)?__user_stack_top:(__top_RamLoc16 - 0x0))
                0xffffffffefffbac3                PROVIDE (__valid_user_code_checksum = (0x0 - (((_vStackTop + (ResetISR + 0x1)) + (DEFINED (NMI_Handler)?NMI_Handler:M0_NMI_Handler + 0x1)) + (DEFINED (HardFault_Handler)?HardFault_Handler:M0_HardFault_Handler + 0x1))))
                0x0000000000000000                _image_start = LOADADDR (.text)
                0x0000000000000d8c                _image_end = (LOADADDR (.data) + SIZEOF (.data))
                0x0000000000000d8c                _image_size = (_image_end - _image_start)
OUTPUT(Ctimer_Julian.axf elf32-littlearm)
LOAD linker stubs

.ARM.attributes
                0x0000000000000000       0x28
 .ARM.attributes
                0x0000000000000000       0x1c ./src/aeabi_romdiv_patch.o
 .ARM.attributes
                0x000000000000001c       0x2c ./src/cr_startup_lpc84x.o
 .ARM.attributes
                0x0000000000000048       0x31 ./src/crp.o
 .ARM.attributes
                0x0000000000000079       0x2c ./src/main.o
 .ARM.attributes
                0x00000000000000a5       0x31 ./src/mtb.o
 .ARM.attributes
                0x00000000000000d6       0x2c ./UART/uart1.o
 .ARM.attributes
                0x0000000000000102       0x2c ./Timers/timers.o
 .ARM.attributes
                0x000000000000012e       0x2c ./Teclado/teclado.o
 .ARM.attributes
                0x000000000000015a       0x2c ./IO/io.o
 .ARM.attributes
                0x0000000000000186       0x2c ./GPIO/gpio.o
 .ARM.attributes
                0x00000000000001b2       0x2c ./Drivers/Inicializacion.o
 .ARM.attributes
                0x00000000000001de       0x2c ./Drivers/dr_pll.o
 .ARM.attributes
                0x000000000000020a       0x2c ./Drivers/dr_systick.o
 .ARM.attributes
                0x0000000000000236       0x2c ./CTIMER/ctimer.o
 .ARM.attributes
                0x0000000000000262       0x2c /usr/local/mcuxpressoide-11.4.1_6260/ide/plugins/com.nxp.mcuxpresso.tools.linux_11.4.0.202103011116/tools/bin/../lib/gcc/arm-none-eabi/10.2.1/../../../../arm-none-eabi/lib/thumb/v6-m/nofp/libcr_c.a(__weak__main.o)

.comment        0x0000000000000000       0x4d
 .comment       0x0000000000000000       0x4d ./src/cr_startup_lpc84x.o
                                         0x4e (size before relaxing)
 .comment       0x000000000000004d       0x4e ./src/crp.o
 .comment       0x000000000000004d       0x4e ./src/main.o
 .comment       0x000000000000004d       0x4e ./src/mtb.o
 .comment       0x000000000000004d       0x4e ./UART/uart1.o
 .comment       0x000000000000004d       0x4e ./Timers/timers.o
 .comment       0x000000000000004d       0x4e ./Teclado/teclado.o
 .comment       0x000000000000004d       0x4e ./IO/io.o
 .comment       0x000000000000004d       0x4e ./GPIO/gpio.o
 .comment       0x000000000000004d       0x4e ./Drivers/Inicializacion.o
 .comment       0x000000000000004d       0x4e ./Drivers/dr_pll.o
 .comment       0x000000000000004d       0x4e ./Drivers/dr_systick.o
 .comment       0x000000000000004d       0x4e ./CTIMER/ctimer.o
 .comment       0x000000000000004d       0x4e /usr/local/mcuxpressoide-11.4.1_6260/ide/plugins/com.nxp.mcuxpresso.tools.linux_11.4.0.202103011116/tools/bin/../lib/gcc/arm-none-eabi/10.2.1/../../../../arm-none-eabi/lib/thumb/v6-m/nofp/libcr_c.a(__weak__main.o)

.debug_line     0x0000000000000000     0x3103
 .debug_line    0x0000000000000000       0x65 ./src/aeabi_romdiv_patch.o
 .debug_line    0x0000000000000065      0x14d ./src/cr_startup_lpc84x.o
 .debug_line    0x00000000000001b2       0xb5 ./src/crp.o
 .debug_line    0x0000000000000267      0x607 ./src/main.o
 .debug_line    0x000000000000086e       0xd2 ./src/mtb.o
 .debug_line    0x0000000000000940      0x6a4 ./UART/uart1.o
 .debug_line    0x0000000000000fe4      0x4c3 ./Timers/timers.o
 .debug_line    0x00000000000014a7      0x399 ./Teclado/teclado.o
 .debug_line    0x0000000000001840      0x325 ./IO/io.o
 .debug_line    0x0000000000001b65      0x2ef ./GPIO/gpio.o
 .debug_line    0x0000000000001e54      0x617 ./Drivers/Inicializacion.o
 .debug_line    0x000000000000246b      0x235 ./Drivers/dr_pll.o
 .debug_line    0x00000000000026a0      0x3cc ./Drivers/dr_systick.o
 .debug_line    0x0000000000002a6c      0x697 ./CTIMER/ctimer.o

.debug_info     0x0000000000000000     0x3488
 .debug_info    0x0000000000000000       0x22 ./src/aeabi_romdiv_patch.o
 .debug_info    0x0000000000000022      0x262 ./src/cr_startup_lpc84x.o
 .debug_info    0x0000000000000284       0x40 ./src/crp.o
 .debug_info    0x00000000000002c4       0x86 ./src/main.o
 .debug_info    0x000000000000034a       0x54 ./src/mtb.o
 .debug_info    0x000000000000039e      0xde5 ./UART/uart1.o
 .debug_info    0x0000000000001183      0x359 ./Timers/timers.o
 .debug_info    0x00000000000014dc      0x33f ./Teclado/teclado.o
 .debug_info    0x000000000000181b      0x27c ./IO/io.o
 .debug_info    0x0000000000001a97      0xb01 ./GPIO/gpio.o
 .debug_info    0x0000000000002598       0x82 ./Drivers/Inicializacion.o
 .debug_info    0x000000000000261a      0x57e ./Drivers/dr_pll.o
 .debug_info    0x0000000000002b98      0x135 ./Drivers/dr_systick.o
 .debug_info    0x0000000000002ccd      0x7bb ./CTIMER/ctimer.o

.debug_abbrev   0x0000000000000000      0xd17
 .debug_abbrev  0x0000000000000000       0x12 ./src/aeabi_romdiv_patch.o
 .debug_abbrev  0x0000000000000012      0x135 ./src/cr_startup_lpc84x.o
 .debug_abbrev  0x0000000000000147       0x38 ./src/crp.o
 .debug_abbrev  0x000000000000017f       0x49 ./src/main.o
 .debug_abbrev  0x00000000000001c8       0x46 ./src/mtb.o
 .debug_abbrev  0x000000000000020e      0x23a ./UART/uart1.o
 .debug_abbrev  0x0000000000000448      0x173 ./Timers/timers.o
 .debug_abbrev  0x00000000000005bb      0x15b ./Teclado/teclado.o
 .debug_abbrev  0x0000000000000716       0xf7 ./IO/io.o
 .debug_abbrev  0x000000000000080d      0x1d0 ./GPIO/gpio.o
 .debug_abbrev  0x00000000000009dd       0x47 ./Drivers/Inicializacion.o
 .debug_abbrev  0x0000000000000a24       0xdf ./Drivers/dr_pll.o
 .debug_abbrev  0x0000000000000b03       0xe6 ./Drivers/dr_systick.o
 .debug_abbrev  0x0000000000000be9      0x12e ./CTIMER/ctimer.o

.debug_aranges  0x0000000000000000      0x2f0
 .debug_aranges
                0x0000000000000000       0x28 ./src/aeabi_romdiv_patch.o
 .debug_aranges
                0x0000000000000028       0x60 ./src/cr_startup_lpc84x.o
 .debug_aranges
                0x0000000000000088       0x18 ./src/crp.o
 .debug_aranges
                0x00000000000000a0       0x20 ./src/main.o
 .debug_aranges
                0x00000000000000c0       0x18 ./src/mtb.o
 .debug_aranges
                0x00000000000000d8       0x68 ./UART/uart1.o
 .debug_aranges
                0x0000000000000140       0x70 ./Timers/timers.o
 .debug_aranges
                0x00000000000001b0       0x40 ./Teclado/teclado.o
 .debug_aranges
                0x00000000000001f0       0x30 ./IO/io.o
 .debug_aranges
                0x0000000000000220       0x40 ./GPIO/gpio.o
 .debug_aranges
                0x0000000000000260       0x20 ./Drivers/Inicializacion.o
 .debug_aranges
                0x0000000000000280       0x20 ./Drivers/dr_pll.o
 .debug_aranges
                0x00000000000002a0       0x28 ./Drivers/dr_systick.o
 .debug_aranges
                0x00000000000002c8       0x28 ./CTIMER/ctimer.o

.debug_str      0x0000000000000000    0x33f09
 .debug_str     0x0000000000000000       0x7e ./src/aeabi_romdiv_patch.o
 .debug_str     0x000000000000007e     0x2dd4 ./src/cr_startup_lpc84x.o
                                       0x2e3b (size before relaxing)
 .debug_str     0x0000000000002e52       0xe9 ./src/crp.o
                                       0x2d50 (size before relaxing)
 .debug_str     0x0000000000002f3b    0x301ef ./src/main.o
                                      0x32ec2 (size before relaxing)
 .debug_str     0x000000000003312a       0xd0 ./src/mtb.o
                                       0x3185 (size before relaxing)
 .debug_str     0x00000000000331fa      0x886 ./UART/uart1.o
                                      0x32f5e (size before relaxing)
 .debug_str     0x0000000000033a80       0xf3 ./Timers/timers.o
                                      0x327f9 (size before relaxing)
 .debug_str     0x0000000000033b73      0x13e ./Teclado/teclado.o
                                      0x32a45 (size before relaxing)
 .debug_str     0x0000000000033cb1       0x4a ./IO/io.o
                                      0x328a7 (size before relaxing)
 .debug_str     0x0000000000033cfb       0xf5 ./GPIO/gpio.o
                                      0x32bcd (size before relaxing)
 .debug_str     0x0000000000033df0       0x28 ./Drivers/Inicializacion.o
                                      0x32ed7 (size before relaxing)
 .debug_str     0x0000000000033e18       0x24 ./Drivers/dr_pll.o
                                      0x327b5 (size before relaxing)
 .debug_str     0x0000000000033e3c       0x66 ./Drivers/dr_systick.o
                                      0x327b7 (size before relaxing)
 .debug_str     0x0000000000033ea2       0x67 ./CTIMER/ctimer.o
                                      0x33265 (size before relaxing)

.debug_ranges   0x0000000000000000      0x208
 .debug_ranges  0x0000000000000000       0x20 ./src/aeabi_romdiv_patch.o
 .debug_ranges  0x0000000000000020       0x50 ./src/cr_startup_lpc84x.o
 .debug_ranges  0x0000000000000070       0x10 ./src/main.o
 .debug_ranges  0x0000000000000080       0x58 ./UART/uart1.o
 .debug_ranges  0x00000000000000d8       0x60 ./Timers/timers.o
 .debug_ranges  0x0000000000000138       0x30 ./Teclado/teclado.o
 .debug_ranges  0x0000000000000168       0x20 ./IO/io.o
 .debug_ranges  0x0000000000000188       0x30 ./GPIO/gpio.o
 .debug_ranges  0x00000000000001b8       0x10 ./Drivers/Inicializacion.o
 .debug_ranges  0x00000000000001c8       0x10 ./Drivers/dr_pll.o
 .debug_ranges  0x00000000000001d8       0x18 ./Drivers/dr_systick.o
 .debug_ranges  0x00000000000001f0       0x18 ./CTIMER/ctimer.o

.debug_macro    0x0000000000000000     0x7618
 .debug_macro   0x0000000000000000       0x23 ./src/cr_startup_lpc84x.o
 .debug_macro   0x0000000000000023      0xa66 ./src/cr_startup_lpc84x.o
 .debug_macro   0x0000000000000a89       0x1a ./src/crp.o
 .debug_macro   0x0000000000000aa3       0x34 ./src/crp.o
 .debug_macro   0x0000000000000ad7      0x142 ./src/main.o
 .debug_macro   0x0000000000000c19       0x82 ./src/main.o
 .debug_macro   0x0000000000000c9b       0x16 ./src/main.o
 .debug_macro   0x0000000000000cb1       0x3f ./src/main.o
 .debug_macro   0x0000000000000cf0       0x10 ./src/main.o
 .debug_macro   0x0000000000000d00      0x12e ./src/main.o
 .debug_macro   0x0000000000000e2e      0x5b3 ./src/main.o
 .debug_macro   0x00000000000013e1      0x3a1 ./src/main.o
 .debug_macro   0x0000000000001782     0x55c4 ./src/main.o
 .debug_macro   0x0000000000006d46       0x6a ./src/main.o
 .debug_macro   0x0000000000006db0       0x3a ./src/main.o
 .debug_macro   0x0000000000006dea       0x3a ./src/main.o
 .debug_macro   0x0000000000006e24       0x3a ./src/main.o
 .debug_macro   0x0000000000006e5e       0x16 ./src/main.o
 .debug_macro   0x0000000000006e74       0x3a ./src/main.o
 .debug_macro   0x0000000000006eae       0x10 ./src/main.o
 .debug_macro   0x0000000000006ebe       0x2e ./src/main.o
 .debug_macro   0x0000000000006eec       0x29 ./src/mtb.o
 .debug_macro   0x0000000000006f15       0x10 ./src/mtb.o
 .debug_macro   0x0000000000006f25       0xba ./UART/uart1.o
 .debug_macro   0x0000000000006fdf       0xa2 ./Timers/timers.o
 .debug_macro   0x0000000000007081       0x34 ./Timers/timers.o
 .debug_macro   0x00000000000070b5       0xb5 ./Teclado/teclado.o
 .debug_macro   0x000000000000716a       0x81 ./IO/io.o
 .debug_macro   0x00000000000071eb       0x72 ./GPIO/gpio.o
 .debug_macro   0x000000000000725d      0x142 ./Drivers/Inicializacion.o
 .debug_macro   0x000000000000739f       0x64 ./Drivers/dr_pll.o
 .debug_macro   0x0000000000007403       0xd3 ./Drivers/dr_systick.o
 .debug_macro   0x00000000000074d6      0x142 ./CTIMER/ctimer.o

.debug_frame    0x0000000000000000      0x6a8
 .debug_frame   0x0000000000000000      0x118 ./src/cr_startup_lpc84x.o
 .debug_frame   0x0000000000000118       0x2c ./src/main.o
 .debug_frame   0x0000000000000144      0x150 ./UART/uart1.o
 .debug_frame   0x0000000000000294      0x164 ./Timers/timers.o
 .debug_frame   0x00000000000003f8       0xac ./Teclado/teclado.o
 .debug_frame   0x00000000000004a4       0x6c ./IO/io.o
 .debug_frame   0x0000000000000510       0xac ./GPIO/gpio.o
 .debug_frame   0x00000000000005bc       0x2c ./Drivers/Inicializacion.o
 .debug_frame   0x00000000000005e8       0x2c ./Drivers/dr_pll.o
 .debug_frame   0x0000000000000614       0x4c ./Drivers/dr_systick.o
 .debug_frame   0x0000000000000660       0x48 ./CTIMER/ctimer.o

Cross Reference Table

Symbol                                            File
ADC_OVR_IRQHandler                                ./src/cr_startup_lpc84x.o
ADC_SEQA_IRQHandler                               ./src/cr_startup_lpc84x.o
ADC_SEQB_IRQHandler                               ./src/cr_startup_lpc84x.o
ADC_THCMP_IRQHandler                              ./src/cr_startup_lpc84x.o
AnalizarTimers                                    ./Timers/timers.o
                                                  ./Drivers/dr_systick.o
AnalizarTramaUart1                                ./UART/uart1.o
BOD_IRQHandler                                    ./src/cr_startup_lpc84x.o
BufferEntradas                                    ./IO/io.o
BufferTeclado                                     ./Teclado/teclado.o
CMP_IRQHandler                                    ./src/cr_startup_lpc84x.o
CRP_WORD                                          ./src/crp.o
CTIMER0_IRQHandler                                ./CTIMER/ctimer.o
                                                  ./src/cr_startup_lpc84x.o
CodigoAnterior                                    ./Teclado/teclado.o
DAC0_IRQHandler                                   ./src/cr_startup_lpc84x.o
DMA_IRQHandler                                    ./src/cr_startup_lpc84x.o
Debounce                                          ./IO/io.o
                                                  ./Drivers/dr_systick.o
Display_LCD                                       ./LCD/lcd.o
EV_DAC                                            ./Timers/timers.o
EV_parpadeo                                       ./Timers/timers.o
Entradas                                          ./IO/io.o
EstadosEstables                                   ./Teclado/teclado.o
FAIM_IRQHandler                                   ./src/cr_startup_lpc84x.o
FLASH_IRQHandler                                  ./src/cr_startup_lpc84x.o
GPIO_Dir                                          ./GPIO/gpio.o
                                                  ./IO/io.o
                                                  ./LCD/lcd.o
                                                  ./Teclado/teclado.o
                                                  ./UART/uart1.o
GPIO_Read                                         ./GPIO/gpio.o
                                                  ./IO/io.o
                                                  ./Teclado/teclado.o
GPIO_Set                                          ./GPIO/gpio.o
                                                  ./CTIMER/ctimer.o
                                                  ./IO/io.o
                                                  ./LCD/lcd.o
                                                  ./Teclado/teclado.o
                                                  ./Timers/timers.o
                                                  ./UART/uart1.o
GetKey                                            ./Teclado/teclado.o
GetTiempoDAC                                      ./Timers/timers.o
GetTimer                                          ./Timers/timers.o
HardFault_Handler                                 ./src/cr_startup_lpc84x.o
I2C0_IRQHandler                                   ./src/cr_startup_lpc84x.o
I2C1_IRQHandler                                   ./src/cr_startup_lpc84x.o
I2C2_IRQHandler                                   ./src/cr_startup_lpc84x.o
I2C3_IRQHandler                                   ./src/cr_startup_lpc84x.o
IOCON_config_io                                   ./GPIO/gpio.o
                                                  ./IO/io.o
                                                  ./LCD/lcd.o
                                                  ./Teclado/teclado.o
                                                  ./UART/uart1.o
Inicializar                                       ./Drivers/Inicializacion.o
                                                  ./src/main.o
Inicializar_CTimer0                               ./CTIMER/ctimer.o
                                                  ./Drivers/Inicializacion.o
Inicializar_GPIO                                  ./GPIO/gpio.o
                                                  ./Drivers/Inicializacion.o
Inicializar_IO                                    ./IO/io.o
Inicializar_LCD                                   ./LCD/lcd.o
Inicializar_PLL                                   ./Drivers/dr_pll.o
                                                  ./Drivers/Inicializacion.o
Inicializar_SysTick                               ./Drivers/dr_systick.o
                                                  ./Drivers/Inicializacion.o
Inicializar_Teclado                               ./Teclado/teclado.o
Inicializar_UART1                                 ./UART/uart1.o
                                                  ./Drivers/Inicializacion.o
IntDefaultHandler                                 ./src/cr_startup_lpc84x.o
LCD_Delay                                         ./LCD/lcd.o
LCD_Escribir                                      ./LCD/lcd.o
LeerBufferRX                                      ./UART/uart1.o
MRT_IRQHandler                                    ./src/cr_startup_lpc84x.o
MyPow                                             ./UART/uart1.o
NMI_Handler                                       ./src/cr_startup_lpc84x.o
PININT0_IRQHandler                                ./src/cr_startup_lpc84x.o
PININT1_IRQHandler                                ./src/cr_startup_lpc84x.o
PININT2_IRQHandler                                ./src/cr_startup_lpc84x.o
PININT3_IRQHandler                                ./src/cr_startup_lpc84x.o
PININT4_IRQHandler                                ./src/cr_startup_lpc84x.o
PININT5_IRQHandler                                ./src/cr_startup_lpc84x.o
PININT6_IRQHandler                                ./src/cr_startup_lpc84x.o
PININT7_IRQHandler                                ./src/cr_startup_lpc84x.o
PendSV_Handler                                    ./src/cr_startup_lpc84x.o
ResetISR                                          ./src/cr_startup_lpc84x.o
SCT_IRQHandler                                    ./src/cr_startup_lpc84x.o
SG90                                              ./SG90/sg90.o
SPI0_IRQHandler                                   ./src/cr_startup_lpc84x.o
SPI1_IRQHandler                                   ./src/cr_startup_lpc84x.o
SVC_Handler                                       ./src/cr_startup_lpc84x.o
SetTimer                                          ./Timers/timers.o
StandByTimer                                      ./Timers/timers.o
SysTick_Handler                                   ./Drivers/dr_systick.o
                                                  ./src/cr_startup_lpc84x.o
TECLADO_Barrido                                   ./Teclado/teclado.o
                                                  ./Drivers/dr_systick.o
TECLADO_Barrido_HW                                ./Teclado/teclado.o
TECLADO_Barrido_SW                                ./Teclado/teclado.o
TMR_Events                                        ./Timers/timers.o
TMR_StandBy                                       ./Timers/timers.o
TMR_handlers                                      ./Timers/timers.o
TimerClose                                        ./Timers/timers.o
TimerEvent                                        ./Timers/timers.o
TimerStart                                        ./Timers/timers.o
TimerStop                                         ./Timers/timers.o
Tmr_Base                                          ./Timers/timers.o
Tmr_Run                                           ./Timers/timers.o
UART0_IRQHandler                                  ./src/cr_startup_lpc84x.o
UART1                                             ./UART/uart1.o
UART1_IRQHandler                                  ./UART/uart1.o
                                                  ./src/cr_startup_lpc84x.o
UART1_PopRx                                       ./UART/uart1.o
UART1_PopTx                                       ./UART/uart1.o
UART1_PushRx                                      ./UART/uart1.o
UART1_PushTx                                      ./UART/uart1.o
UART1_Send                                        ./UART/uart1.o
UART2_IRQHandler                                  ./src/cr_startup_lpc84x.o
WDT_IRQHandler                                    ./src/cr_startup_lpc84x.o
WKT_IRQHandler                                    ./src/cr_startup_lpc84x.o
__aeabi_idiv                                      ./src/aeabi_romdiv_patch.o
                                                  ./SG90/sg90.o
__aeabi_idivmod                                   ./src/aeabi_romdiv_patch.o
__aeabi_uidiv                                     ./src/aeabi_romdiv_patch.o
                                                  ./Timers/timers.o
                                                  ./UART/uart1.o
__aeabi_uidivmod                                  ./src/aeabi_romdiv_patch.o
                                                  ./Timers/timers.o
                                                  ./UART/uart1.o
__bss_section_table_end                           ./src/cr_startup_lpc84x.o
__data_section_table                              ./src/cr_startup_lpc84x.o
__data_section_table_end                          ./src/cr_startup_lpc84x.o
__main                                            /usr/local/mcuxpressoide-11.4.1_6260/ide/plugins/com.nxp.mcuxpresso.tools.linux_11.4.0.202103011116/tools/bin/../lib/gcc/arm-none-eabi/10.2.1/../../../../arm-none-eabi/lib/thumb/v6-m/nofp/libcr_c.a(__weak__main.o)
                                                  ./src/cr_startup_lpc84x.o
__mtb_buffer__                                    ./src/mtb.o
__valid_user_code_checksum                        ./src/cr_startup_lpc84x.o
__weak_main                                       /usr/local/mcuxpressoide-11.4.1_6260/ide/plugins/com.nxp.mcuxpresso.tools.linux_11.4.0.202103011116/tools/bin/../lib/gcc/arm-none-eabi/10.2.1/../../../../arm-none-eabi/lib/thumb/v6-m/nofp/libcr_c.a(__weak__main.o)
_vStackTop                                        ./src/cr_startup_lpc84x.o
bss_init                                          ./src/cr_startup_lpc84x.o
bufferPWM                                         ./CTIMER/ctimer.o
data_init                                         ./src/cr_startup_lpc84x.o
g_pfnVectors                                      ./src/cr_startup_lpc84x.o
main                                              ./src/main.o
                                                  /usr/local/mcuxpressoide-11.4.1_6260/ide/plugins/com.nxp.mcuxpresso.tools.linux_11.4.0.202103011116/tools/bin/../lib/gcc/arm-none-eabi/10.2.1/../../../../arm-none-eabi/lib/thumb/v6-m/nofp/libcr_c.a(__weak__main.o)
pDivRom_idiv                                      ./src/cr_startup_lpc84x.o
                                                  ./src/aeabi_romdiv_patch.o
pDivRom_uidiv                                     ./src/cr_startup_lpc84x.o
                                                  ./src/aeabi_romdiv_patch.o
segundos                                          ./Drivers/dr_systick.o
strlen                                            /usr/local/mcuxpressoide-11.4.1_6260/ide/plugins/com.nxp.mcuxpresso.tools.linux_11.4.0.202103011116/tools/bin/../lib/gcc/arm-none-eabi/10.2.1/../../../../arm-none-eabi/lib/thumb/v6-m/nofp/libcr_c.a(strlen.o)
                                                  ./UART/uart1.o
tiempoDAC                                         ./Timers/timers.o
