Archive member included to satisfy reference by file (symbol)

/usr/local/mcuxpressoide-11.4.1_6260/ide/plugins/com.nxp.mcuxpresso.tools.linux_11.4.0.202103011116/tools/bin/../lib/gcc/arm-none-eabi/10.2.1/../../../../arm-none-eabi/lib/thumb/v6-m/nofp/libcr_c.a(__weak__main.o)
                              ./src/cr_startup_lpc84x.o (__main)
/usr/local/mcuxpressoide-11.4.1_6260/ide/plugins/com.nxp.mcuxpresso.tools.linux_11.4.0.202103011116/tools/bin/../lib/gcc/arm-none-eabi/10.2.1/../../../../arm-none-eabi/lib/thumb/v6-m/nofp/libcr_c.a(strlen.o)
                              ./UART/uart1.o (strlen)

Discarded input sections

 .group         0x0000000000000000        0xc ./src/ServoSG90.o
 .group         0x0000000000000000        0xc ./src/ServoSG90.o
 .group         0x0000000000000000        0xc ./src/ServoSG90.o
 .group         0x0000000000000000        0xc ./src/ServoSG90.o
 .group         0x0000000000000000        0xc ./src/ServoSG90.o
 .group         0x0000000000000000        0xc ./src/ServoSG90.o
 .group         0x0000000000000000        0xc ./src/ServoSG90.o
 .group         0x0000000000000000        0xc ./src/ServoSG90.o
 .group         0x0000000000000000        0xc ./src/ServoSG90.o
 .group         0x0000000000000000        0xc ./src/ServoSG90.o
 .group         0x0000000000000000        0xc ./src/ServoSG90.o
 .group         0x0000000000000000        0xc ./src/ServoSG90.o
 .group         0x0000000000000000        0xc ./src/ServoSG90.o
 .group         0x0000000000000000        0xc ./src/ServoSG90.o
 .group         0x0000000000000000        0xc ./src/ServoSG90.o
 .group         0x0000000000000000        0xc ./src/ServoSG90.o
 .group         0x0000000000000000        0xc ./src/ServoSG90.o
 .text          0x0000000000000000        0x0 ./src/ServoSG90.o
 .data          0x0000000000000000        0x0 ./src/ServoSG90.o
 .bss           0x0000000000000000        0x0 ./src/ServoSG90.o
 .text          0x0000000000000000        0x0 ./src/aeabi_romdiv_patch.o
 .data          0x0000000000000000        0x0 ./src/aeabi_romdiv_patch.o
 .bss           0x0000000000000000        0x0 ./src/aeabi_romdiv_patch.o
 .group         0x0000000000000000        0xc ./src/cr_startup_lpc84x.o
 .text          0x0000000000000000        0x0 ./src/cr_startup_lpc84x.o
 .data          0x0000000000000000        0x0 ./src/cr_startup_lpc84x.o
 .bss           0x0000000000000000        0x0 ./src/cr_startup_lpc84x.o
 .debug_macro   0x0000000000000000      0xa66 ./src/cr_startup_lpc84x.o
 .group         0x0000000000000000        0xc ./src/crp.o
 .group         0x0000000000000000        0xc ./src/crp.o
 .text          0x0000000000000000        0x0 ./src/crp.o
 .data          0x0000000000000000        0x0 ./src/crp.o
 .bss           0x0000000000000000        0x0 ./src/crp.o
 .debug_macro   0x0000000000000000      0xa66 ./src/crp.o
 .group         0x0000000000000000        0xc ./src/mtb.o
 .group         0x0000000000000000        0xc ./src/mtb.o
 .group         0x0000000000000000        0xc ./src/mtb.o
 .text          0x0000000000000000        0x0 ./src/mtb.o
 .data          0x0000000000000000        0x0 ./src/mtb.o
 .bss           0x0000000000000000        0x0 ./src/mtb.o
 .debug_macro   0x0000000000000000      0xa66 ./src/mtb.o
 .debug_macro   0x0000000000000000       0x82 ./src/mtb.o
 .group         0x0000000000000000        0xc ./UART/uart1.o
 .group         0x0000000000000000        0xc ./UART/uart1.o
 .group         0x0000000000000000        0xc ./UART/uart1.o
 .group         0x0000000000000000        0xc ./UART/uart1.o
 .group         0x0000000000000000        0xc ./UART/uart1.o
 .group         0x0000000000000000        0xc ./UART/uart1.o
 .group         0x0000000000000000        0xc ./UART/uart1.o
 .group         0x0000000000000000        0xc ./UART/uart1.o
 .group         0x0000000000000000        0xc ./UART/uart1.o
 .group         0x0000000000000000        0xc ./UART/uart1.o
 .text          0x0000000000000000        0x0 ./UART/uart1.o
 .data          0x0000000000000000        0x0 ./UART/uart1.o
 .bss           0x0000000000000000        0x0 ./UART/uart1.o
 .debug_macro   0x0000000000000000      0xa66 ./UART/uart1.o
 .debug_macro   0x0000000000000000       0x16 ./UART/uart1.o
 .debug_macro   0x0000000000000000       0x3f ./UART/uart1.o
 .debug_macro   0x0000000000000000       0x10 ./UART/uart1.o
 .debug_macro   0x0000000000000000      0x12e ./UART/uart1.o
 .debug_macro   0x0000000000000000      0x5b3 ./UART/uart1.o
 .debug_macro   0x0000000000000000      0x3a1 ./UART/uart1.o
 .debug_macro   0x0000000000000000     0x55c4 ./UART/uart1.o
 .debug_macro   0x0000000000000000       0x16 ./UART/uart1.o
 .debug_macro   0x0000000000000000       0x6a ./UART/uart1.o
 .group         0x0000000000000000        0xc ./Timers/timers.o
 .group         0x0000000000000000        0xc ./Timers/timers.o
 .group         0x0000000000000000        0xc ./Timers/timers.o
 .group         0x0000000000000000        0xc ./Timers/timers.o
 .group         0x0000000000000000        0xc ./Timers/timers.o
 .group         0x0000000000000000        0xc ./Timers/timers.o
 .group         0x0000000000000000        0xc ./Timers/timers.o
 .group         0x0000000000000000        0xc ./Timers/timers.o
 .group         0x0000000000000000        0xc ./Timers/timers.o
 .group         0x0000000000000000        0xc ./Timers/timers.o
 .group         0x0000000000000000        0xc ./Timers/timers.o
 .text          0x0000000000000000        0x0 ./Timers/timers.o
 .data          0x0000000000000000        0x0 ./Timers/timers.o
 .bss           0x0000000000000000        0x0 ./Timers/timers.o
 .bss.TMR_handlers
                0x0000000000000000       0x78 ./Timers/timers.o
 .bss.Tmr_Base  0x0000000000000000       0x1e ./Timers/timers.o
 .bss.tiempoDAC
                0x0000000000000000        0x2 ./Timers/timers.o
 .text.TimerEvent
                0x0000000000000000       0x58 ./Timers/timers.o
 .text.TimerStart
                0x0000000000000000       0xcc ./Timers/timers.o
 .text.SetTimer
                0x0000000000000000       0x74 ./Timers/timers.o
 .text.GetTimer
                0x0000000000000000       0x7c ./Timers/timers.o
 .text.StandByTimer
                0x0000000000000000       0x2c ./Timers/timers.o
 .text.TimerStop
                0x0000000000000000       0x60 ./Timers/timers.o
 .text.TimerClose
                0x0000000000000000       0x2c ./Timers/timers.o
 .text.EV_parpadeo
                0x0000000000000000       0xa0 ./Timers/timers.o
 .rodata.EV_parpadeo
                0x0000000000000000       0x18 ./Timers/timers.o
 .text.EV_DAC   0x0000000000000000       0x48 ./Timers/timers.o
 .text.GetTiempoDAC
                0x0000000000000000       0x14 ./Timers/timers.o
 .bss.tic.0     0x0000000000000000        0x1 ./Timers/timers.o
 .debug_macro   0x0000000000000000      0xa66 ./Timers/timers.o
 .debug_macro   0x0000000000000000       0x16 ./Timers/timers.o
 .debug_macro   0x0000000000000000       0x3a ./Timers/timers.o
 .debug_macro   0x0000000000000000       0x6a ./Timers/timers.o
 .debug_macro   0x0000000000000000       0x3f ./Timers/timers.o
 .debug_macro   0x0000000000000000       0x10 ./Timers/timers.o
 .debug_macro   0x0000000000000000      0x12e ./Timers/timers.o
 .debug_macro   0x0000000000000000      0x5b3 ./Timers/timers.o
 .debug_macro   0x0000000000000000      0x3a1 ./Timers/timers.o
 .debug_macro   0x0000000000000000     0x55c4 ./Timers/timers.o
 .group         0x0000000000000000        0xc ./Teclado/teclado.o
 .group         0x0000000000000000        0xc ./Teclado/teclado.o
 .group         0x0000000000000000        0xc ./Teclado/teclado.o
 .group         0x0000000000000000        0xc ./Teclado/teclado.o
 .group         0x0000000000000000        0xc ./Teclado/teclado.o
 .group         0x0000000000000000        0xc ./Teclado/teclado.o
 .group         0x0000000000000000        0xc ./Teclado/teclado.o
 .group         0x0000000000000000        0xc ./Teclado/teclado.o
 .group         0x0000000000000000        0xc ./Teclado/teclado.o
 .text          0x0000000000000000        0x0 ./Teclado/teclado.o
 .data          0x0000000000000000        0x0 ./Teclado/teclado.o
 .bss           0x0000000000000000        0x0 ./Teclado/teclado.o
 .text.GetKey   0x0000000000000000       0x24 ./Teclado/teclado.o
 .debug_macro   0x0000000000000000      0xa66 ./Teclado/teclado.o
 .debug_macro   0x0000000000000000       0x3f ./Teclado/teclado.o
 .debug_macro   0x0000000000000000       0x10 ./Teclado/teclado.o
 .debug_macro   0x0000000000000000      0x12e ./Teclado/teclado.o
 .debug_macro   0x0000000000000000      0x5b3 ./Teclado/teclado.o
 .debug_macro   0x0000000000000000      0x3a1 ./Teclado/teclado.o
 .debug_macro   0x0000000000000000     0x55c4 ./Teclado/teclado.o
 .debug_macro   0x0000000000000000       0x16 ./Teclado/teclado.o
 .debug_macro   0x0000000000000000       0x6a ./Teclado/teclado.o
 .group         0x0000000000000000        0xc ./SG90/sg90.o
 .group         0x0000000000000000        0xc ./SG90/sg90.o
 .group         0x0000000000000000        0xc ./SG90/sg90.o
 .group         0x0000000000000000        0xc ./SG90/sg90.o
 .group         0x0000000000000000        0xc ./SG90/sg90.o
 .group         0x0000000000000000        0xc ./SG90/sg90.o
 .group         0x0000000000000000        0xc ./SG90/sg90.o
 .group         0x0000000000000000        0xc ./SG90/sg90.o
 .group         0x0000000000000000        0xc ./SG90/sg90.o
 .group         0x0000000000000000        0xc ./SG90/sg90.o
 .group         0x0000000000000000        0xc ./SG90/sg90.o
 .group         0x0000000000000000        0xc ./SG90/sg90.o
 .group         0x0000000000000000        0xc ./SG90/sg90.o
 .group         0x0000000000000000        0xc ./SG90/sg90.o
 .group         0x0000000000000000        0xc ./SG90/sg90.o
 .group         0x0000000000000000        0xc ./SG90/sg90.o
 .group         0x0000000000000000        0xc ./SG90/sg90.o
 .text          0x0000000000000000        0x0 ./SG90/sg90.o
 .data          0x0000000000000000        0x0 ./SG90/sg90.o
 .bss           0x0000000000000000        0x0 ./SG90/sg90.o
 .debug_macro   0x0000000000000000      0xa66 ./SG90/sg90.o
 .debug_macro   0x0000000000000000       0x82 ./SG90/sg90.o
 .debug_macro   0x0000000000000000       0x16 ./SG90/sg90.o
 .debug_macro   0x0000000000000000       0x3f ./SG90/sg90.o
 .debug_macro   0x0000000000000000       0x10 ./SG90/sg90.o
 .debug_macro   0x0000000000000000      0x12e ./SG90/sg90.o
 .debug_macro   0x0000000000000000      0x5b3 ./SG90/sg90.o
 .debug_macro   0x0000000000000000      0x3a1 ./SG90/sg90.o
 .debug_macro   0x0000000000000000     0x55c4 ./SG90/sg90.o
 .debug_macro   0x0000000000000000       0x6a ./SG90/sg90.o
 .debug_macro   0x0000000000000000       0x3a ./SG90/sg90.o
 .debug_macro   0x0000000000000000       0x3a ./SG90/sg90.o
 .debug_macro   0x0000000000000000       0x3a ./SG90/sg90.o
 .debug_macro   0x0000000000000000       0x16 ./SG90/sg90.o
 .debug_macro   0x0000000000000000       0x3a ./SG90/sg90.o
 .debug_macro   0x0000000000000000       0x10 ./SG90/sg90.o
 .debug_macro   0x0000000000000000       0x2e ./SG90/sg90.o
 .group         0x0000000000000000        0xc ./LCD/lcd.o
 .group         0x0000000000000000        0xc ./LCD/lcd.o
 .group         0x0000000000000000        0xc ./LCD/lcd.o
 .group         0x0000000000000000        0xc ./LCD/lcd.o
 .group         0x0000000000000000        0xc ./LCD/lcd.o
 .group         0x0000000000000000        0xc ./LCD/lcd.o
 .group         0x0000000000000000        0xc ./LCD/lcd.o
 .group         0x0000000000000000        0xc ./LCD/lcd.o
 .group         0x0000000000000000        0xc ./LCD/lcd.o
 .group         0x0000000000000000        0xc ./LCD/lcd.o
 .text          0x0000000000000000        0x0 ./LCD/lcd.o
 .data          0x0000000000000000        0x0 ./LCD/lcd.o
 .bss           0x0000000000000000        0x0 ./LCD/lcd.o
 .debug_macro   0x0000000000000000      0xa66 ./LCD/lcd.o
 .debug_macro   0x0000000000000000       0x3f ./LCD/lcd.o
 .debug_macro   0x0000000000000000       0x10 ./LCD/lcd.o
 .debug_macro   0x0000000000000000      0x12e ./LCD/lcd.o
 .debug_macro   0x0000000000000000      0x5b3 ./LCD/lcd.o
 .debug_macro   0x0000000000000000      0x3a1 ./LCD/lcd.o
 .debug_macro   0x0000000000000000     0x55c4 ./LCD/lcd.o
 .debug_macro   0x0000000000000000       0x16 ./LCD/lcd.o
 .debug_macro   0x0000000000000000       0x6a ./LCD/lcd.o
 .group         0x0000000000000000        0xc ./IO/io.o
 .group         0x0000000000000000        0xc ./IO/io.o
 .group         0x0000000000000000        0xc ./IO/io.o
 .group         0x0000000000000000        0xc ./IO/io.o
 .group         0x0000000000000000        0xc ./IO/io.o
 .group         0x0000000000000000        0xc ./IO/io.o
 .group         0x0000000000000000        0xc ./IO/io.o
 .group         0x0000000000000000        0xc ./IO/io.o
 .group         0x0000000000000000        0xc ./IO/io.o
 .group         0x0000000000000000        0xc ./IO/io.o
 .text          0x0000000000000000        0x0 ./IO/io.o
 .data          0x0000000000000000        0x0 ./IO/io.o
 .bss           0x0000000000000000        0x0 ./IO/io.o
 .text.Entradas
                0x0000000000000000       0x14 ./IO/io.o
 .debug_macro   0x0000000000000000      0xa66 ./IO/io.o
 .debug_macro   0x0000000000000000       0x3f ./IO/io.o
 .debug_macro   0x0000000000000000       0x10 ./IO/io.o
 .debug_macro   0x0000000000000000      0x12e ./IO/io.o
 .debug_macro   0x0000000000000000      0x5b3 ./IO/io.o
 .debug_macro   0x0000000000000000      0x3a1 ./IO/io.o
 .debug_macro   0x0000000000000000     0x55c4 ./IO/io.o
 .debug_macro   0x0000000000000000       0x16 ./IO/io.o
 .debug_macro   0x0000000000000000       0x6a ./IO/io.o
 .debug_macro   0x0000000000000000       0x34 ./IO/io.o
 .group         0x0000000000000000        0xc ./GPIO/gpio.o
 .group         0x0000000000000000        0xc ./GPIO/gpio.o
 .group         0x0000000000000000        0xc ./GPIO/gpio.o
 .group         0x0000000000000000        0xc ./GPIO/gpio.o
 .group         0x0000000000000000        0xc ./GPIO/gpio.o
 .group         0x0000000000000000        0xc ./GPIO/gpio.o
 .group         0x0000000000000000        0xc ./GPIO/gpio.o
 .group         0x0000000000000000        0xc ./GPIO/gpio.o
 .group         0x0000000000000000        0xc ./GPIO/gpio.o
 .text          0x0000000000000000        0x0 ./GPIO/gpio.o
 .data          0x0000000000000000        0x0 ./GPIO/gpio.o
 .bss           0x0000000000000000        0x0 ./GPIO/gpio.o
 .debug_macro   0x0000000000000000      0xa66 ./GPIO/gpio.o
 .debug_macro   0x0000000000000000       0x16 ./GPIO/gpio.o
 .debug_macro   0x0000000000000000       0x6a ./GPIO/gpio.o
 .debug_macro   0x0000000000000000       0x3f ./GPIO/gpio.o
 .debug_macro   0x0000000000000000       0x10 ./GPIO/gpio.o
 .debug_macro   0x0000000000000000      0x12e ./GPIO/gpio.o
 .debug_macro   0x0000000000000000      0x5b3 ./GPIO/gpio.o
 .debug_macro   0x0000000000000000      0x3a1 ./GPIO/gpio.o
 .debug_macro   0x0000000000000000     0x55c4 ./GPIO/gpio.o
 .group         0x0000000000000000        0xc ./Drivers/Inicializacion.o
 .group         0x0000000000000000        0xc ./Drivers/Inicializacion.o
 .group         0x0000000000000000        0xc ./Drivers/Inicializacion.o
 .group         0x0000000000000000        0xc ./Drivers/Inicializacion.o
 .group         0x0000000000000000        0xc ./Drivers/Inicializacion.o
 .group         0x0000000000000000        0xc ./Drivers/Inicializacion.o
 .group         0x0000000000000000        0xc ./Drivers/Inicializacion.o
 .group         0x0000000000000000        0xc ./Drivers/Inicializacion.o
 .group         0x0000000000000000        0xc ./Drivers/Inicializacion.o
 .group         0x0000000000000000        0xc ./Drivers/Inicializacion.o
 .group         0x0000000000000000        0xc ./Drivers/Inicializacion.o
 .group         0x0000000000000000        0xc ./Drivers/Inicializacion.o
 .group         0x0000000000000000        0xc ./Drivers/Inicializacion.o
 .group         0x0000000000000000        0xc ./Drivers/Inicializacion.o
 .group         0x0000000000000000        0xc ./Drivers/Inicializacion.o
 .group         0x0000000000000000        0xc ./Drivers/Inicializacion.o
 .group         0x0000000000000000        0xc ./Drivers/Inicializacion.o
 .text          0x0000000000000000        0x0 ./Drivers/Inicializacion.o
 .data          0x0000000000000000        0x0 ./Drivers/Inicializacion.o
 .bss           0x0000000000000000        0x0 ./Drivers/Inicializacion.o
 .debug_macro   0x0000000000000000      0xa66 ./Drivers/Inicializacion.o
 .debug_macro   0x0000000000000000       0x82 ./Drivers/Inicializacion.o
 .debug_macro   0x0000000000000000       0x16 ./Drivers/Inicializacion.o
 .debug_macro   0x0000000000000000       0x3f ./Drivers/Inicializacion.o
 .debug_macro   0x0000000000000000       0x10 ./Drivers/Inicializacion.o
 .debug_macro   0x0000000000000000      0x12e ./Drivers/Inicializacion.o
 .debug_macro   0x0000000000000000      0x5b3 ./Drivers/Inicializacion.o
 .debug_macro   0x0000000000000000      0x3a1 ./Drivers/Inicializacion.o
 .debug_macro   0x0000000000000000     0x55c4 ./Drivers/Inicializacion.o
 .debug_macro   0x0000000000000000       0x6a ./Drivers/Inicializacion.o
 .debug_macro   0x0000000000000000       0x3a ./Drivers/Inicializacion.o
 .debug_macro   0x0000000000000000       0x3a ./Drivers/Inicializacion.o
 .debug_macro   0x0000000000000000       0x3a ./Drivers/Inicializacion.o
 .debug_macro   0x0000000000000000       0x16 ./Drivers/Inicializacion.o
 .debug_macro   0x0000000000000000       0x3a ./Drivers/Inicializacion.o
 .debug_macro   0x0000000000000000       0x10 ./Drivers/Inicializacion.o
 .debug_macro   0x0000000000000000       0x2e ./Drivers/Inicializacion.o
 .group         0x0000000000000000        0xc ./Drivers/dr_pll.o
 .group         0x0000000000000000        0xc ./Drivers/dr_pll.o
 .group         0x0000000000000000        0xc ./Drivers/dr_pll.o
 .group         0x0000000000000000        0xc ./Drivers/dr_pll.o
 .group         0x0000000000000000        0xc ./Drivers/dr_pll.o
 .group         0x0000000000000000        0xc ./Drivers/dr_pll.o
 .group         0x0000000000000000        0xc ./Drivers/dr_pll.o
 .text          0x0000000000000000        0x0 ./Drivers/dr_pll.o
 .data          0x0000000000000000        0x0 ./Drivers/dr_pll.o
 .bss           0x0000000000000000        0x0 ./Drivers/dr_pll.o
 .debug_macro   0x0000000000000000      0xa66 ./Drivers/dr_pll.o
 .debug_macro   0x0000000000000000       0x3f ./Drivers/dr_pll.o
 .debug_macro   0x0000000000000000       0x10 ./Drivers/dr_pll.o
 .debug_macro   0x0000000000000000      0x12e ./Drivers/dr_pll.o
 .debug_macro   0x0000000000000000      0x5b3 ./Drivers/dr_pll.o
 .debug_macro   0x0000000000000000      0x3a1 ./Drivers/dr_pll.o
 .debug_macro   0x0000000000000000     0x55c4 ./Drivers/dr_pll.o
 .group         0x0000000000000000        0xc ./Drivers/dr_systick.o
 .group         0x0000000000000000        0xc ./Drivers/dr_systick.o
 .group         0x0000000000000000        0xc ./Drivers/dr_systick.o
 .group         0x0000000000000000        0xc ./Drivers/dr_systick.o
 .group         0x0000000000000000        0xc ./Drivers/dr_systick.o
 .group         0x0000000000000000        0xc ./Drivers/dr_systick.o
 .group         0x0000000000000000        0xc ./Drivers/dr_systick.o
 .group         0x0000000000000000        0xc ./Drivers/dr_systick.o
 .group         0x0000000000000000        0xc ./Drivers/dr_systick.o
 .group         0x0000000000000000        0xc ./Drivers/dr_systick.o
 .group         0x0000000000000000        0xc ./Drivers/dr_systick.o
 .text          0x0000000000000000        0x0 ./Drivers/dr_systick.o
 .data          0x0000000000000000        0x0 ./Drivers/dr_systick.o
 .bss           0x0000000000000000        0x0 ./Drivers/dr_systick.o
 .debug_macro   0x0000000000000000      0xa66 ./Drivers/dr_systick.o
 .debug_macro   0x0000000000000000       0x3f ./Drivers/dr_systick.o
 .debug_macro   0x0000000000000000       0x10 ./Drivers/dr_systick.o
 .debug_macro   0x0000000000000000      0x12e ./Drivers/dr_systick.o
 .debug_macro   0x0000000000000000      0x5b3 ./Drivers/dr_systick.o
 .debug_macro   0x0000000000000000      0x3a1 ./Drivers/dr_systick.o
 .debug_macro   0x0000000000000000     0x55c4 ./Drivers/dr_systick.o
 .debug_macro   0x0000000000000000       0x16 ./Drivers/dr_systick.o
 .debug_macro   0x0000000000000000       0x6a ./Drivers/dr_systick.o
 .debug_macro   0x0000000000000000       0x34 ./Drivers/dr_systick.o
 .debug_macro   0x0000000000000000       0x3a ./Drivers/dr_systick.o
 .group         0x0000000000000000        0xc ./CTIMER/ctimer.o
 .group         0x0000000000000000        0xc ./CTIMER/ctimer.o
 .group         0x0000000000000000        0xc ./CTIMER/ctimer.o
 .group         0x0000000000000000        0xc ./CTIMER/ctimer.o
 .group         0x0000000000000000        0xc ./CTIMER/ctimer.o
 .group         0x0000000000000000        0xc ./CTIMER/ctimer.o
 .group         0x0000000000000000        0xc ./CTIMER/ctimer.o
 .group         0x0000000000000000        0xc ./CTIMER/ctimer.o
 .group         0x0000000000000000        0xc ./CTIMER/ctimer.o
 .group         0x0000000000000000        0xc ./CTIMER/ctimer.o
 .group         0x0000000000000000        0xc ./CTIMER/ctimer.o
 .group         0x0000000000000000        0xc ./CTIMER/ctimer.o
 .group         0x0000000000000000        0xc ./CTIMER/ctimer.o
 .group         0x0000000000000000        0xc ./CTIMER/ctimer.o
 .group         0x0000000000000000        0xc ./CTIMER/ctimer.o
 .group         0x0000000000000000        0xc ./CTIMER/ctimer.o
 .group         0x0000000000000000        0xc ./CTIMER/ctimer.o
 .text          0x0000000000000000        0x0 ./CTIMER/ctimer.o
 .data          0x0000000000000000        0x0 ./CTIMER/ctimer.o
 .bss           0x0000000000000000        0x0 ./CTIMER/ctimer.o
 .debug_macro   0x0000000000000000      0xa66 ./CTIMER/ctimer.o
 .debug_macro   0x0000000000000000       0x16 ./CTIMER/ctimer.o
 .debug_macro   0x0000000000000000       0x6a ./CTIMER/ctimer.o
 .debug_macro   0x0000000000000000       0x3f ./CTIMER/ctimer.o
 .debug_macro   0x0000000000000000       0x10 ./CTIMER/ctimer.o
 .debug_macro   0x0000000000000000      0x12e ./CTIMER/ctimer.o
 .debug_macro   0x0000000000000000      0x5b3 ./CTIMER/ctimer.o
 .debug_macro   0x0000000000000000      0x3a1 ./CTIMER/ctimer.o
 .debug_macro   0x0000000000000000     0x55c4 ./CTIMER/ctimer.o
 .debug_macro   0x0000000000000000       0x34 ./CTIMER/ctimer.o
 .debug_macro   0x0000000000000000       0x82 ./CTIMER/ctimer.o
 .debug_macro   0x0000000000000000       0x3a ./CTIMER/ctimer.o
 .debug_macro   0x0000000000000000       0x16 ./CTIMER/ctimer.o
 .debug_macro   0x0000000000000000       0x3a ./CTIMER/ctimer.o
 .debug_macro   0x0000000000000000       0x10 ./CTIMER/ctimer.o
 .debug_macro   0x0000000000000000       0x2e ./CTIMER/ctimer.o
 .debug_macro   0x0000000000000000       0x3a ./CTIMER/ctimer.o
 .text          0x0000000000000000        0x0 /usr/local/mcuxpressoide-11.4.1_6260/ide/plugins/com.nxp.mcuxpresso.tools.linux_11.4.0.202103011116/tools/bin/../lib/gcc/arm-none-eabi/10.2.1/../../../../arm-none-eabi/lib/thumb/v6-m/nofp/libcr_c.a(__weak__main.o)
 .data          0x0000000000000000        0x0 /usr/local/mcuxpressoide-11.4.1_6260/ide/plugins/com.nxp.mcuxpresso.tools.linux_11.4.0.202103011116/tools/bin/../lib/gcc/arm-none-eabi/10.2.1/../../../../arm-none-eabi/lib/thumb/v6-m/nofp/libcr_c.a(__weak__main.o)
 .bss           0x0000000000000000        0x0 /usr/local/mcuxpressoide-11.4.1_6260/ide/plugins/com.nxp.mcuxpresso.tools.linux_11.4.0.202103011116/tools/bin/../lib/gcc/arm-none-eabi/10.2.1/../../../../arm-none-eabi/lib/thumb/v6-m/nofp/libcr_c.a(__weak__main.o)
 .text          0x0000000000000000        0x0 /usr/local/mcuxpressoide-11.4.1_6260/ide/plugins/com.nxp.mcuxpresso.tools.linux_11.4.0.202103011116/tools/bin/../lib/gcc/arm-none-eabi/10.2.1/../../../../arm-none-eabi/lib/thumb/v6-m/nofp/libcr_c.a(strlen.o)
 .data          0x0000000000000000        0x0 /usr/local/mcuxpressoide-11.4.1_6260/ide/plugins/com.nxp.mcuxpresso.tools.linux_11.4.0.202103011116/tools/bin/../lib/gcc/arm-none-eabi/10.2.1/../../../../arm-none-eabi/lib/thumb/v6-m/nofp/libcr_c.a(strlen.o)
 .bss           0x0000000000000000        0x0 /usr/local/mcuxpressoide-11.4.1_6260/ide/plugins/com.nxp.mcuxpresso.tools.linux_11.4.0.202103011116/tools/bin/../lib/gcc/arm-none-eabi/10.2.1/../../../../arm-none-eabi/lib/thumb/v6-m/nofp/libcr_c.a(strlen.o)

Memory Configuration

Name             Origin             Length             Attributes
MFlash64         0x0000000000000000 0x0000000000010000 xr
RamLoc16         0x0000000010000000 0x0000000000004000 xrw
*default*        0x0000000000000000 0xffffffffffffffff

Linker script and memory map

LOAD ./src/ServoSG90.o
LOAD ./src/aeabi_romdiv_patch.o
LOAD ./src/cr_startup_lpc84x.o
LOAD ./src/crp.o
LOAD ./src/mtb.o
LOAD ./UART/uart1.o
LOAD ./Timers/timers.o
LOAD ./Teclado/teclado.o
LOAD ./SG90/sg90.o
LOAD ./LCD/lcd.o
LOAD ./IO/io.o
LOAD ./GPIO/gpio.o
LOAD ./Drivers/Inicializacion.o
LOAD ./Drivers/dr_pll.o
LOAD ./Drivers/dr_systick.o
LOAD ./CTIMER/ctimer.o
START GROUP
LOAD /usr/local/mcuxpressoide-11.4.1_6260/ide/plugins/com.nxp.mcuxpresso.tools.linux_11.4.0.202103011116/tools/bin/../lib/gcc/arm-none-eabi/10.2.1/../../../../arm-none-eabi/lib/thumb/v6-m/nofp/libcr_c.a
LOAD /usr/local/mcuxpressoide-11.4.1_6260/ide/plugins/com.nxp.mcuxpresso.tools.linux_11.4.0.202103011116/tools/bin/../lib/gcc/arm-none-eabi/10.2.1/thumb/v6-m/nofp/libcr_eabihelpers.a
LOAD /usr/local/mcuxpressoide-11.4.1_6260/ide/plugins/com.nxp.mcuxpresso.tools.linux_11.4.0.202103011116/tools/bin/../lib/gcc/arm-none-eabi/10.2.1/thumb/v6-m/nofp/libgcc.a
END GROUP
                0x0000000000000000                __base_MFlash64 = 0x0
                0x0000000000000000                __base_Flash = 0x0
                0x0000000000010000                __top_MFlash64 = 0x10000
                0x0000000000010000                __top_Flash = 0x10000
                0x0000000010000000                __base_RamLoc16 = 0x10000000
                0x0000000010000000                __base_RAM = 0x10000000
                0x0000000010004000                __top_RamLoc16 = 0x10004000
                0x0000000010004000                __top_RAM = 0x10004000

.text           0x0000000000000000     0x1a28
 FILL mask 0xff
                0x0000000000000000                __vectors_start__ = ABSOLUTE (.)
 *(.isr_vector)
 .isr_vector    0x0000000000000000       0xc0 ./src/cr_startup_lpc84x.o
                0x0000000000000000                g_pfnVectors
                0x00000000000000c0                . = ALIGN (0x4)
                0x00000000000000c0                __section_table_start = .
                0x00000000000000c0                __data_section_table = .
                0x00000000000000c0        0x4 LONG 0x1a28 LOADADDR (.data)
                0x00000000000000c4        0x4 LONG 0x10000100 ADDR (.data)
                0x00000000000000c8        0x4 LONG 0x4 SIZEOF (.data)
                0x00000000000000cc                __data_section_table_end = .
                0x00000000000000cc                __bss_section_table = .
                0x00000000000000cc        0x4 LONG 0x10000104 ADDR (.bss)
                0x00000000000000d0        0x4 LONG 0x13c SIZEOF (.bss)
                0x00000000000000d4                __bss_section_table_end = .
                0x00000000000000d4                __section_table_end = .
 *(.after_vectors*)
 .after_vectors
                0x00000000000000d4      0x144 ./src/cr_startup_lpc84x.o
                0x00000000000000d4                data_init
                0x0000000000000116                bss_init
                0x000000000000014c                ResetISR
                0x00000000000001f4                NMI_Handler
                0x00000000000001fa                HardFault_Handler
                0x0000000000000200                SVC_Handler
                0x0000000000000206                PendSV_Handler
                0x0000000000000212                CMP_IRQHandler
                0x0000000000000212                PININT7_IRQHandler
                0x0000000000000212                I2C0_IRQHandler
                0x0000000000000212                WKT_IRQHandler
                0x0000000000000212                PININT2_IRQHandler
                0x0000000000000212                PININT1_IRQHandler
                0x0000000000000212                MRT_IRQHandler
                0x0000000000000212                I2C1_IRQHandler
                0x0000000000000212                ADC_SEQB_IRQHandler
                0x0000000000000212                UART0_IRQHandler
                0x0000000000000212                SPI1_IRQHandler
                0x0000000000000212                IntDefaultHandler
                0x0000000000000212                ADC_OVR_IRQHandler
                0x0000000000000212                I2C2_IRQHandler
                0x0000000000000212                PININT3_IRQHandler
                0x0000000000000212                UART2_IRQHandler
                0x0000000000000212                PININT5_IRQHandler
                0x0000000000000212                PININT4_IRQHandler
                0x0000000000000212                ADC_THCMP_IRQHandler
                0x0000000000000212                PININT0_IRQHandler
                0x0000000000000212                BOD_IRQHandler
                0x0000000000000212                I2C3_IRQHandler
                0x0000000000000212                SCT_IRQHandler
                0x0000000000000212                WDT_IRQHandler
                0x0000000000000212                ADC_SEQA_IRQHandler
                0x0000000000000212                FAIM_IRQHandler
                0x0000000000000212                DAC0_IRQHandler
                0x0000000000000212                PININT6_IRQHandler
                0x0000000000000212                SPI0_IRQHandler
                0x0000000000000212                DMA_IRQHandler
                0x0000000000000212                FLASH_IRQHandler
                0x00000000000002fc                . = 0x2fc
 *fill*         0x0000000000000218       0xe4 ff
                0x00000000000002fc                PROVIDE (__CRP_WORD_START__ = .)
 *(.crp)
 .crp           0x00000000000002fc        0x4 ./src/crp.o
                0x00000000000002fc                CRP_WORD
                0x0000000000000300                PROVIDE (__CRP_WORD_END__ = .)
                0x0000000000000001                ASSERT (! ((__CRP_WORD_START__ == __CRP_WORD_END__)), Linker CRP Enabled, but no CRP_WORD provided within application)
 *(.text*)
 .text.main     0x0000000000000300       0x64 ./src/ServoSG90.o
                0x0000000000000300                main
 .text.__aeabi_idiv
                0x0000000000000364       0x10 ./src/aeabi_romdiv_patch.o
                0x0000000000000364                __aeabi_idiv
                0x0000000000000364                __aeabi_idivmod
 .text.__aeabi_uidiv
                0x0000000000000374       0x10 ./src/aeabi_romdiv_patch.o
                0x0000000000000374                __aeabi_uidiv
                0x0000000000000374                __aeabi_uidivmod
 .text.UART1_IRQHandler
                0x0000000000000384       0x60 ./UART/uart1.o
                0x0000000000000384                UART1_IRQHandler
 .text.Inicializar_UART1
                0x00000000000003e4       0xc0 ./UART/uart1.o
                0x00000000000003e4                Inicializar_UART1
 .text.UART1_Send
                0x00000000000004a4       0x34 ./UART/uart1.o
                0x00000000000004a4                UART1_Send
 .text.UART1_PushTx
                0x00000000000004d8       0x70 ./UART/uart1.o
                0x00000000000004d8                UART1_PushTx
 .text.UART1_PopTx
                0x0000000000000548       0x58 ./UART/uart1.o
                0x0000000000000548                UART1_PopTx
 .text.UART1_PushRx
                0x00000000000005a0       0x48 ./UART/uart1.o
                0x00000000000005a0                UART1_PushRx
 .text.UART1_PopRx
                0x00000000000005e8       0x54 ./UART/uart1.o
                0x00000000000005e8                UART1_PopRx
 .text.MyPow    0x000000000000063c       0x48 ./UART/uart1.o
                0x000000000000063c                MyPow
 .text.AnalizarTramaUart1
                0x0000000000000684      0x448 ./UART/uart1.o
                0x0000000000000684                AnalizarTramaUart1
 .text.LeerBufferRX
                0x0000000000000acc       0x28 ./UART/uart1.o
                0x0000000000000acc                LeerBufferRX
 .text.AnalizarTimers
                0x0000000000000af4       0x70 ./Timers/timers.o
                0x0000000000000af4                AnalizarTimers
 .text.Inicializar_Teclado
                0x0000000000000b64       0xc8 ./Teclado/teclado.o
                0x0000000000000b64                Inicializar_Teclado
 .text.TECLADO_Barrido
                0x0000000000000c2c       0x22 ./Teclado/teclado.o
                0x0000000000000c2c                TECLADO_Barrido
 *fill*         0x0000000000000c4e        0x2 ff
 .text.TECLADO_Barrido_SW
                0x0000000000000c50       0x9c ./Teclado/teclado.o
                0x0000000000000c50                TECLADO_Barrido_SW
 .text.TECLADO_Barrido_HW
                0x0000000000000cec      0x102 ./Teclado/teclado.o
                0x0000000000000cec                TECLADO_Barrido_HW
 *fill*         0x0000000000000dee        0x2 ff
 .text.SG90     0x0000000000000df0       0x8c ./SG90/sg90.o
                0x0000000000000df0                SG90
 .text.LCD_Escribir
                0x0000000000000e7c      0x100 ./LCD/lcd.o
                0x0000000000000e7c                LCD_Escribir
 .text.Display_LCD
                0x0000000000000f7c       0x84 ./LCD/lcd.o
                0x0000000000000f7c                Display_LCD
 .text.Inicializar_LCD
                0x0000000000001000      0x1f4 ./LCD/lcd.o
                0x0000000000001000                Inicializar_LCD
 .text.LCD_Delay
                0x00000000000011f4       0x28 ./LCD/lcd.o
                0x00000000000011f4                LCD_Delay
 .text.Inicializar_IO
                0x000000000000121c       0xe6 ./IO/io.o
                0x000000000000121c                Inicializar_IO
 *fill*         0x0000000000001302        0x2 ff
 .text.Debounce
                0x0000000000001304       0xfc ./IO/io.o
                0x0000000000001304                Debounce
 .text.Inicializar_GPIO
                0x0000000000001400       0x70 ./GPIO/gpio.o
                0x0000000000001400                Inicializar_GPIO
 .text.GPIO_Set
                0x0000000000001470       0x7c ./GPIO/gpio.o
                0x0000000000001470                GPIO_Set
 .text.GPIO_Dir
                0x00000000000014ec       0x7c ./GPIO/gpio.o
                0x00000000000014ec                GPIO_Dir
 .text.GPIO_Read
                0x0000000000001568       0x36 ./GPIO/gpio.o
                0x0000000000001568                GPIO_Read
 *fill*         0x000000000000159e        0x2 ff
 .text.IOCON_config_io
                0x00000000000015a0      0x164 ./GPIO/gpio.o
                0x00000000000015a0                IOCON_config_io
 .text.Inicializar
                0x0000000000001704       0x3c ./Drivers/Inicializacion.o
                0x0000000000001704                Inicializar
 .text.Inicializar_PLL
                0x0000000000001740       0xb0 ./Drivers/dr_pll.o
                0x0000000000001740                Inicializar_PLL
 .text.SysTick_Handler
                0x00000000000017f0       0x38 ./Drivers/dr_systick.o
                0x00000000000017f0                SysTick_Handler
 .text.Inicializar_SysTick
                0x0000000000001828       0x38 ./Drivers/dr_systick.o
                0x0000000000001828                Inicializar_SysTick
 .text.CTIMER0_IRQHandler
                0x0000000000001860       0xa8 ./CTIMER/ctimer.o
                0x0000000000001860                CTIMER0_IRQHandler
 .text.Inicializar_CTimer0
                0x0000000000001908       0x7c ./CTIMER/ctimer.o
                0x0000000000001908                Inicializar_CTimer0
 .text.__weak_main
                0x0000000000001984        0x8 /usr/local/mcuxpressoide-11.4.1_6260/ide/plugins/com.nxp.mcuxpresso.tools.linux_11.4.0.202103011116/tools/bin/../lib/gcc/arm-none-eabi/10.2.1/../../../../arm-none-eabi/lib/thumb/v6-m/nofp/libcr_c.a(__weak__main.o)
                0x0000000000001984                __main
                0x0000000000001984                __weak_main
 .text.strlen   0x000000000000198c       0x58 /usr/local/mcuxpressoide-11.4.1_6260/ide/plugins/com.nxp.mcuxpresso.tools.linux_11.4.0.202103011116/tools/bin/../lib/gcc/arm-none-eabi/10.2.1/../../../../arm-none-eabi/lib/thumb/v6-m/nofp/libcr_c.a(strlen.o)
                0x000000000000198c                strlen
 *(.rodata .rodata.* .constdata .constdata.*)
 .rodata.main.str1.4
                0x00000000000019e4       0x25 ./src/ServoSG90.o
 *fill*         0x0000000000001a09        0x3 ff
 .rodata.AnalizarTramaUart1
                0x0000000000001a0c       0x1c ./UART/uart1.o
                0x0000000000001a28                . = ALIGN (0x4)

.glue_7         0x0000000000001a28        0x0
 .glue_7        0x0000000000001a28        0x0 linker stubs

.glue_7t        0x0000000000001a28        0x0
 .glue_7t       0x0000000000001a28        0x0 linker stubs

.vfp11_veneer   0x0000000000001a28        0x0
 .vfp11_veneer  0x0000000000001a28        0x0 linker stubs

.v4_bx          0x0000000000001a28        0x0
 .v4_bx         0x0000000000001a28        0x0 linker stubs

.iplt           0x0000000000001a28        0x0
 .iplt          0x0000000000001a28        0x0 ./src/ServoSG90.o

.rel.dyn        0x0000000000001a28        0x0
 .rel.iplt      0x0000000000001a28        0x0 ./src/ServoSG90.o

.ARM.extab
 *(.ARM.extab* .gnu.linkonce.armextab.*)

.ARM.exidx      0x0000000000001a28        0x0
                0x0000000000001a28                __exidx_start = .
 *(.ARM.exidx* .gnu.linkonce.armexidx.*)
                0x0000000000001a28                __exidx_end = .
                0x0000000000001a28                _etext = .

.mtb_buffer_default
                0x0000000010000000      0x100
 *(.mtb*)
 .mtb.$RAM1     0x0000000010000000      0x100 ./src/mtb.o
                0x0000000010000000                __mtb_buffer__

.uninit_RESERVED
                0x0000000010000100        0x0
                0x0000000010000100                _start_uninit_RESERVED = .
 *(.bss.$RESERVED*)
                0x0000000010000100                . = ALIGN (0x4)
                0x0000000010000100                _end_uninit_RESERVED = .

.data           0x0000000010000100        0x4 load address 0x0000000000001a28
 FILL mask 0xff
                0x0000000010000100                _data = .
                [!provide]                        PROVIDE (__start_data_RAM = .)
                [!provide]                        PROVIDE (__start_data_RamLoc16 = .)
 *(vtable)
 *(.ramfunc*)
 *(CodeQuickAccess)
 *(DataQuickAccess)
 *(RamFunction)
 *(.data*)
 .data.BufferTeclado
                0x0000000010000100        0x1 ./Teclado/teclado.o
                0x0000000010000100                BufferTeclado
 .data.CodigoAnterior
                0x0000000010000101        0x1 ./Teclado/teclado.o
                0x0000000010000101                CodigoAnterior
 .data.segundos
                0x0000000010000102        0x2 ./Drivers/dr_systick.o
                0x0000000010000102                segundos
                0x0000000010000104                . = ALIGN (0x4)
                0x0000000010000104                _edata = .
                [!provide]                        PROVIDE (__end_data_RAM = .)
                [!provide]                        PROVIDE (__end_data_RamLoc16 = .)

.igot.plt       0x0000000010000104        0x0 load address 0x0000000000001a2c
 .igot.plt      0x0000000010000104        0x0 ./src/ServoSG90.o

.bss            0x0000000010000104      0x13c
                0x0000000010000104                _bss = .
                [!provide]                        PROVIDE (__start_bss_RAM = .)
                [!provide]                        PROVIDE (__start_bss_RamLoc16 = .)
 *(.bss*)
 .bss.bufferPWM
                0x0000000010000104        0x4 ./src/ServoSG90.o
                0x0000000010000104                bufferPWM
 .bss.grados    0x0000000010000108        0x1 ./src/ServoSG90.o
                0x0000000010000108                grados
 *fill*         0x0000000010000109        0x3 
 .bss.pDivRom_idiv
                0x000000001000010c        0x4 ./src/cr_startup_lpc84x.o
                0x000000001000010c                pDivRom_idiv
 .bss.pDivRom_uidiv
                0x0000000010000110        0x4 ./src/cr_startup_lpc84x.o
                0x0000000010000110                pDivRom_uidiv
 .bss.UART1     0x0000000010000114       0x38 ./UART/uart1.o
                0x0000000010000114                UART1
 .bss.estado.3  0x000000001000014c        0x1 ./UART/uart1.o
 .bss.i.2       0x000000001000014d        0x1 ./UART/uart1.o
 *fill*         0x000000001000014e        0x2 
 .bss.texto.1   0x0000000010000150       0x28 ./UART/uart1.o
 .bss.checksum.0
                0x0000000010000178        0x1 ./UART/uart1.o
 *fill*         0x0000000010000179        0x3 
 .bss.Tmr_Run   0x000000001000017c       0x78 ./Timers/timers.o
                0x000000001000017c                Tmr_Run
 .bss.TMR_Events
                0x00000000100001f4       0x1e ./Timers/timers.o
                0x00000000100001f4                TMR_Events
 *fill*         0x0000000010000212        0x2 
 .bss.TMR_StandBy
                0x0000000010000214       0x1e ./Timers/timers.o
                0x0000000010000214                TMR_StandBy
 .bss.EstadosEstables
                0x0000000010000232        0x2 ./Teclado/teclado.o
                0x0000000010000232                EstadosEstables
 .bss.BufferEntradas
                0x0000000010000234        0x1 ./IO/io.o
                0x0000000010000234                BufferEntradas
 *fill*         0x0000000010000235        0x3 
 .bss.ContadorEstados.0
                0x0000000010000238        0x4 ./IO/io.o
 .bss.flag.1    0x000000001000023c        0x1 ./CTIMER/ctimer.o
 .bss.flagPWM.0
                0x000000001000023d        0x1 ./CTIMER/ctimer.o
 *(COMMON)
                0x0000000010000240                . = ALIGN (0x4)
 *fill*         0x000000001000023e        0x2 
                0x0000000010000240                _ebss = .
                [!provide]                        PROVIDE (__end_bss_RAM = .)
                [!provide]                        PROVIDE (__end_bss_RamLoc16 = .)
                [!provide]                        PROVIDE (end = .)

.noinit         0x0000000010000240        0x0
                0x0000000010000240                _noinit = .
                [!provide]                        PROVIDE (__start_noinit_RAM = .)
                [!provide]                        PROVIDE (__start_noinit_RamLoc16 = .)
 *(.noinit*)
                0x0000000010000240                . = ALIGN (0x4)
                0x0000000010000240                _end_noinit = .
                [!provide]                        PROVIDE (__end_noinit_RAM = .)
                [!provide]                        PROVIDE (__end_noinit_RamLoc16 = .)
                [!provide]                        PROVIDE (_pvHeapStart = DEFINED (__user_heap_base)?__user_heap_base:.)
                0x0000000010004000                PROVIDE (_vStackTop = DEFINED (__user_stack_top)?__user_stack_top:(__top_RamLoc16 - 0x0))
                0xffffffffefffbac3                PROVIDE (__valid_user_code_checksum = (0x0 - (((_vStackTop + (ResetISR + 0x1)) + (DEFINED (NMI_Handler)?NMI_Handler:M0_NMI_Handler + 0x1)) + (DEFINED (HardFault_Handler)?HardFault_Handler:M0_HardFault_Handler + 0x1))))
                0x0000000000000000                _image_start = LOADADDR (.text)
                0x0000000000001a2c                _image_end = (LOADADDR (.data) + SIZEOF (.data))
                0x0000000000001a2c                _image_size = (_image_end - _image_start)
OUTPUT(ServoSG90.axf elf32-littlearm)
LOAD linker stubs

.debug_info     0x0000000000000000     0x3883
 .debug_info    0x0000000000000000       0xde ./src/ServoSG90.o
 .debug_info    0x00000000000000de       0x22 ./src/aeabi_romdiv_patch.o
 .debug_info    0x0000000000000100      0x262 ./src/cr_startup_lpc84x.o
 .debug_info    0x0000000000000362       0x40 ./src/crp.o
 .debug_info    0x00000000000003a2       0x54 ./src/mtb.o
 .debug_info    0x00000000000003f6      0xde5 ./UART/uart1.o
 .debug_info    0x00000000000011db      0x359 ./Timers/timers.o
 .debug_info    0x0000000000001534      0x33f ./Teclado/teclado.o
 .debug_info    0x0000000000001873       0xbd ./SG90/sg90.o
 .debug_info    0x0000000000001930      0x2ec ./LCD/lcd.o
 .debug_info    0x0000000000001c1c      0x27c ./IO/io.o
 .debug_info    0x0000000000001e98      0xb01 ./GPIO/gpio.o
 .debug_info    0x0000000000002999       0x82 ./Drivers/Inicializacion.o
 .debug_info    0x0000000000002a1b      0x57e ./Drivers/dr_pll.o
 .debug_info    0x0000000000002f99      0x135 ./Drivers/dr_systick.o
 .debug_info    0x00000000000030ce      0x7b5 ./CTIMER/ctimer.o

.debug_abbrev   0x0000000000000000      0xedb
 .debug_abbrev  0x0000000000000000       0x7c ./src/ServoSG90.o
 .debug_abbrev  0x000000000000007c       0x12 ./src/aeabi_romdiv_patch.o
 .debug_abbrev  0x000000000000008e      0x135 ./src/cr_startup_lpc84x.o
 .debug_abbrev  0x00000000000001c3       0x38 ./src/crp.o
 .debug_abbrev  0x00000000000001fb       0x46 ./src/mtb.o
 .debug_abbrev  0x0000000000000241      0x23a ./UART/uart1.o
 .debug_abbrev  0x000000000000047b      0x173 ./Timers/timers.o
 .debug_abbrev  0x00000000000005ee      0x15b ./Teclado/teclado.o
 .debug_abbrev  0x0000000000000749       0x7a ./SG90/sg90.o
 .debug_abbrev  0x00000000000007c3      0x117 ./LCD/lcd.o
 .debug_abbrev  0x00000000000008da       0xf7 ./IO/io.o
 .debug_abbrev  0x00000000000009d1      0x1d0 ./GPIO/gpio.o
 .debug_abbrev  0x0000000000000ba1       0x47 ./Drivers/Inicializacion.o
 .debug_abbrev  0x0000000000000be8       0xdf ./Drivers/dr_pll.o
 .debug_abbrev  0x0000000000000cc7       0xe6 ./Drivers/dr_systick.o
 .debug_abbrev  0x0000000000000dad      0x12e ./CTIMER/ctimer.o

.debug_aranges  0x0000000000000000      0x348
 .debug_aranges
                0x0000000000000000       0x20 ./src/ServoSG90.o
 .debug_aranges
                0x0000000000000020       0x28 ./src/aeabi_romdiv_patch.o
 .debug_aranges
                0x0000000000000048       0x60 ./src/cr_startup_lpc84x.o
 .debug_aranges
                0x00000000000000a8       0x18 ./src/crp.o
 .debug_aranges
                0x00000000000000c0       0x18 ./src/mtb.o
 .debug_aranges
                0x00000000000000d8       0x68 ./UART/uart1.o
 .debug_aranges
                0x0000000000000140       0x70 ./Timers/timers.o
 .debug_aranges
                0x00000000000001b0       0x40 ./Teclado/teclado.o
 .debug_aranges
                0x00000000000001f0       0x20 ./SG90/sg90.o
 .debug_aranges
                0x0000000000000210       0x38 ./LCD/lcd.o
 .debug_aranges
                0x0000000000000248       0x30 ./IO/io.o
 .debug_aranges
                0x0000000000000278       0x40 ./GPIO/gpio.o
 .debug_aranges
                0x00000000000002b8       0x20 ./Drivers/Inicializacion.o
 .debug_aranges
                0x00000000000002d8       0x20 ./Drivers/dr_pll.o
 .debug_aranges
                0x00000000000002f8       0x28 ./Drivers/dr_systick.o
 .debug_aranges
                0x0000000000000320       0x28 ./CTIMER/ctimer.o

.debug_ranges   0x0000000000000000      0x240
 .debug_ranges  0x0000000000000000       0x10 ./src/ServoSG90.o
 .debug_ranges  0x0000000000000010       0x20 ./src/aeabi_romdiv_patch.o
 .debug_ranges  0x0000000000000030       0x50 ./src/cr_startup_lpc84x.o
 .debug_ranges  0x0000000000000080       0x58 ./UART/uart1.o
 .debug_ranges  0x00000000000000d8       0x60 ./Timers/timers.o
 .debug_ranges  0x0000000000000138       0x30 ./Teclado/teclado.o
 .debug_ranges  0x0000000000000168       0x10 ./SG90/sg90.o
 .debug_ranges  0x0000000000000178       0x28 ./LCD/lcd.o
 .debug_ranges  0x00000000000001a0       0x20 ./IO/io.o
 .debug_ranges  0x00000000000001c0       0x30 ./GPIO/gpio.o
 .debug_ranges  0x00000000000001f0       0x10 ./Drivers/Inicializacion.o
 .debug_ranges  0x0000000000000200       0x10 ./Drivers/dr_pll.o
 .debug_ranges  0x0000000000000210       0x18 ./Drivers/dr_systick.o
 .debug_ranges  0x0000000000000228       0x18 ./CTIMER/ctimer.o

.debug_macro    0x0000000000000000     0x7815
 .debug_macro   0x0000000000000000      0x142 ./src/ServoSG90.o
 .debug_macro   0x0000000000000142      0xa66 ./src/ServoSG90.o
 .debug_macro   0x0000000000000ba8       0x82 ./src/ServoSG90.o
 .debug_macro   0x0000000000000c2a       0x16 ./src/ServoSG90.o
 .debug_macro   0x0000000000000c40       0x3f ./src/ServoSG90.o
 .debug_macro   0x0000000000000c7f       0x10 ./src/ServoSG90.o
 .debug_macro   0x0000000000000c8f      0x12e ./src/ServoSG90.o
 .debug_macro   0x0000000000000dbd      0x5b3 ./src/ServoSG90.o
 .debug_macro   0x0000000000001370      0x3a1 ./src/ServoSG90.o
 .debug_macro   0x0000000000001711     0x55c4 ./src/ServoSG90.o
 .debug_macro   0x0000000000006cd5       0x6a ./src/ServoSG90.o
 .debug_macro   0x0000000000006d3f       0x3a ./src/ServoSG90.o
 .debug_macro   0x0000000000006d79       0x3a ./src/ServoSG90.o
 .debug_macro   0x0000000000006db3       0x3a ./src/ServoSG90.o
 .debug_macro   0x0000000000006ded       0x16 ./src/ServoSG90.o
 .debug_macro   0x0000000000006e03       0x3a ./src/ServoSG90.o
 .debug_macro   0x0000000000006e3d       0x10 ./src/ServoSG90.o
 .debug_macro   0x0000000000006e4d       0x2e ./src/ServoSG90.o
 .debug_macro   0x0000000000006e7b       0x23 ./src/cr_startup_lpc84x.o
 .debug_macro   0x0000000000006e9e       0x1a ./src/crp.o
 .debug_macro   0x0000000000006eb8       0x34 ./src/crp.o
 .debug_macro   0x0000000000006eec       0x29 ./src/mtb.o
 .debug_macro   0x0000000000006f15       0x10 ./src/mtb.o
 .debug_macro   0x0000000000006f25       0xba ./UART/uart1.o
 .debug_macro   0x0000000000006fdf       0xa2 ./Timers/timers.o
 .debug_macro   0x0000000000007081       0x34 ./Timers/timers.o
 .debug_macro   0x00000000000070b5       0xb5 ./Teclado/teclado.o
 .debug_macro   0x000000000000716a      0x142 ./SG90/sg90.o
 .debug_macro   0x00000000000072ac       0x81 ./LCD/lcd.o
 .debug_macro   0x000000000000732d       0x34 ./LCD/lcd.o
 .debug_macro   0x0000000000007361       0x81 ./IO/io.o
 .debug_macro   0x00000000000073e2       0x72 ./GPIO/gpio.o
 .debug_macro   0x0000000000007454      0x142 ./Drivers/Inicializacion.o
 .debug_macro   0x0000000000007596       0x64 ./Drivers/dr_pll.o
 .debug_macro   0x00000000000075fa       0xd3 ./Drivers/dr_systick.o
 .debug_macro   0x00000000000076cd      0x148 ./CTIMER/ctimer.o

.debug_line     0x0000000000000000     0x3a6d
 .debug_line    0x0000000000000000      0x610 ./src/ServoSG90.o
 .debug_line    0x0000000000000610       0x65 ./src/aeabi_romdiv_patch.o
 .debug_line    0x0000000000000675      0x14d ./src/cr_startup_lpc84x.o
 .debug_line    0x00000000000007c2       0xb5 ./src/crp.o
 .debug_line    0x0000000000000877       0xd2 ./src/mtb.o
 .debug_line    0x0000000000000949      0x698 ./UART/uart1.o
 .debug_line    0x0000000000000fe1      0x4b7 ./Timers/timers.o
 .debug_line    0x0000000000001498      0x391 ./Teclado/teclado.o
 .debug_line    0x0000000000001829      0x60b ./SG90/sg90.o
 .debug_line    0x0000000000001e34      0x3da ./LCD/lcd.o
 .debug_line    0x000000000000220e      0x31d ./IO/io.o
 .debug_line    0x000000000000252b      0x2eb ./GPIO/gpio.o
 .debug_line    0x0000000000002816      0x5fa ./Drivers/Inicializacion.o
 .debug_line    0x0000000000002e10      0x231 ./Drivers/dr_pll.o
 .debug_line    0x0000000000003041      0x3b8 ./Drivers/dr_systick.o
 .debug_line    0x00000000000033f9      0x674 ./CTIMER/ctimer.o

.debug_str      0x0000000000000000    0x33f78
 .debug_str     0x0000000000000000    0x32e71 ./src/ServoSG90.o
                                      0x32ef1 (size before relaxing)
 .debug_str     0x0000000000032e71       0x2a ./src/aeabi_romdiv_patch.o
                                         0x7a (size before relaxing)
 .debug_str     0x0000000000032e9b      0x1ce ./src/cr_startup_lpc84x.o
                                       0x2e37 (size before relaxing)
 .debug_str     0x0000000000033069       0xe9 ./src/crp.o
                                       0x2d4c (size before relaxing)
 .debug_str     0x0000000000033152       0xd0 ./src/mtb.o
                                       0x3181 (size before relaxing)
 .debug_str     0x0000000000033222      0x86e ./UART/uart1.o
                                      0x32f5a (size before relaxing)
 .debug_str     0x0000000000033a90       0xf3 ./Timers/timers.o
                                      0x327f5 (size before relaxing)
 .debug_str     0x0000000000033b83      0x13e ./Teclado/teclado.o
                                      0x32a41 (size before relaxing)
 .debug_str     0x0000000000033cc1       0x1c ./SG90/sg90.o
                                      0x32edd (size before relaxing)
 .debug_str     0x0000000000033cdd       0x4d ./LCD/lcd.o
                                      0x328ef (size before relaxing)
 .debug_str     0x0000000000033d2a       0x4a ./IO/io.o
                                      0x328a3 (size before relaxing)
 .debug_str     0x0000000000033d74       0xf5 ./GPIO/gpio.o
                                      0x32bc9 (size before relaxing)
 .debug_str     0x0000000000033e69       0x28 ./Drivers/Inicializacion.o
                                      0x32ed8 (size before relaxing)
 .debug_str     0x0000000000033e91       0x24 ./Drivers/dr_pll.o
                                      0x327b1 (size before relaxing)
 .debug_str     0x0000000000033eb5       0x66 ./Drivers/dr_systick.o
                                      0x327b3 (size before relaxing)
 .debug_str     0x0000000000033f1b       0x5d ./CTIMER/ctimer.o
                                      0x33266 (size before relaxing)

.comment        0x0000000000000000       0x4d
 .comment       0x0000000000000000       0x4d ./src/ServoSG90.o
                                         0x4e (size before relaxing)
 .comment       0x000000000000004d       0x4e ./src/cr_startup_lpc84x.o
 .comment       0x000000000000004d       0x4e ./src/crp.o
 .comment       0x000000000000004d       0x4e ./src/mtb.o
 .comment       0x000000000000004d       0x4e ./UART/uart1.o
 .comment       0x000000000000004d       0x4e ./Timers/timers.o
 .comment       0x000000000000004d       0x4e ./Teclado/teclado.o
 .comment       0x000000000000004d       0x4e ./SG90/sg90.o
 .comment       0x000000000000004d       0x4e ./LCD/lcd.o
 .comment       0x000000000000004d       0x4e ./IO/io.o
 .comment       0x000000000000004d       0x4e ./GPIO/gpio.o
 .comment       0x000000000000004d       0x4e ./Drivers/Inicializacion.o
 .comment       0x000000000000004d       0x4e ./Drivers/dr_pll.o
 .comment       0x000000000000004d       0x4e ./Drivers/dr_systick.o
 .comment       0x000000000000004d       0x4e ./CTIMER/ctimer.o
 .comment       0x000000000000004d       0x4e /usr/local/mcuxpressoide-11.4.1_6260/ide/plugins/com.nxp.mcuxpresso.tools.linux_11.4.0.202103011116/tools/bin/../lib/gcc/arm-none-eabi/10.2.1/../../../../arm-none-eabi/lib/thumb/v6-m/nofp/libcr_c.a(__weak__main.o)
 .comment       0x000000000000004d       0x4e /usr/local/mcuxpressoide-11.4.1_6260/ide/plugins/com.nxp.mcuxpresso.tools.linux_11.4.0.202103011116/tools/bin/../lib/gcc/arm-none-eabi/10.2.1/../../../../arm-none-eabi/lib/thumb/v6-m/nofp/libcr_c.a(strlen.o)

.ARM.attributes
                0x0000000000000000       0x2a
 .ARM.attributes
                0x0000000000000000       0x2c ./src/ServoSG90.o
 .ARM.attributes
                0x000000000000002c       0x1c ./src/aeabi_romdiv_patch.o
 .ARM.attributes
                0x0000000000000048       0x2c ./src/cr_startup_lpc84x.o
 .ARM.attributes
                0x0000000000000074       0x31 ./src/crp.o
 .ARM.attributes
                0x00000000000000a5       0x31 ./src/mtb.o
 .ARM.attributes
                0x00000000000000d6       0x2c ./UART/uart1.o
 .ARM.attributes
                0x0000000000000102       0x2c ./Timers/timers.o
 .ARM.attributes
                0x000000000000012e       0x2c ./Teclado/teclado.o
 .ARM.attributes
                0x000000000000015a       0x2c ./SG90/sg90.o
 .ARM.attributes
                0x0000000000000186       0x2c ./LCD/lcd.o
 .ARM.attributes
                0x00000000000001b2       0x2c ./IO/io.o
 .ARM.attributes
                0x00000000000001de       0x2c ./GPIO/gpio.o
 .ARM.attributes
                0x000000000000020a       0x2c ./Drivers/Inicializacion.o
 .ARM.attributes
                0x0000000000000236       0x2c ./Drivers/dr_pll.o
 .ARM.attributes
                0x0000000000000262       0x2c ./Drivers/dr_systick.o
 .ARM.attributes
                0x000000000000028e       0x2c ./CTIMER/ctimer.o
 .ARM.attributes
                0x00000000000002ba       0x2c /usr/local/mcuxpressoide-11.4.1_6260/ide/plugins/com.nxp.mcuxpresso.tools.linux_11.4.0.202103011116/tools/bin/../lib/gcc/arm-none-eabi/10.2.1/../../../../arm-none-eabi/lib/thumb/v6-m/nofp/libcr_c.a(__weak__main.o)
 .ARM.attributes
                0x00000000000002e6       0x2c /usr/local/mcuxpressoide-11.4.1_6260/ide/plugins/com.nxp.mcuxpresso.tools.linux_11.4.0.202103011116/tools/bin/../lib/gcc/arm-none-eabi/10.2.1/../../../../arm-none-eabi/lib/thumb/v6-m/nofp/libcr_c.a(strlen.o)

.debug_frame    0x0000000000000000      0x76c
 .debug_frame   0x0000000000000000       0x30 ./src/ServoSG90.o
 .debug_frame   0x0000000000000030      0x118 ./src/cr_startup_lpc84x.o
 .debug_frame   0x0000000000000148      0x150 ./UART/uart1.o
 .debug_frame   0x0000000000000298      0x164 ./Timers/timers.o
 .debug_frame   0x00000000000003fc       0xac ./Teclado/teclado.o
 .debug_frame   0x00000000000004a8       0x30 ./SG90/sg90.o
 .debug_frame   0x00000000000004d8       0x90 ./LCD/lcd.o
 .debug_frame   0x0000000000000568       0x6c ./IO/io.o
 .debug_frame   0x00000000000005d4       0xac ./GPIO/gpio.o
 .debug_frame   0x0000000000000680       0x2c ./Drivers/Inicializacion.o
 .debug_frame   0x00000000000006ac       0x2c ./Drivers/dr_pll.o
 .debug_frame   0x00000000000006d8       0x4c ./Drivers/dr_systick.o
 .debug_frame   0x0000000000000724       0x48 ./CTIMER/ctimer.o

Cross Reference Table

Symbol                                            File
ADC_OVR_IRQHandler                                ./src/cr_startup_lpc84x.o
ADC_SEQA_IRQHandler                               ./src/cr_startup_lpc84x.o
ADC_SEQB_IRQHandler                               ./src/cr_startup_lpc84x.o
ADC_THCMP_IRQHandler                              ./src/cr_startup_lpc84x.o
AnalizarTimers                                    ./Timers/timers.o
                                                  ./Drivers/dr_systick.o
AnalizarTramaUart1                                ./UART/uart1.o
                                                  ./src/ServoSG90.o
BOD_IRQHandler                                    ./src/cr_startup_lpc84x.o
BufferEntradas                                    ./IO/io.o
BufferTeclado                                     ./Teclado/teclado.o
CMP_IRQHandler                                    ./src/cr_startup_lpc84x.o
CRP_WORD                                          ./src/crp.o
CTIMER0_IRQHandler                                ./CTIMER/ctimer.o
                                                  ./src/cr_startup_lpc84x.o
CodigoAnterior                                    ./Teclado/teclado.o
DAC0_IRQHandler                                   ./src/cr_startup_lpc84x.o
DMA_IRQHandler                                    ./src/cr_startup_lpc84x.o
Debounce                                          ./IO/io.o
                                                  ./Drivers/dr_systick.o
Display_LCD                                       ./LCD/lcd.o
                                                  ./src/ServoSG90.o
EV_DAC                                            ./Timers/timers.o
EV_parpadeo                                       ./Timers/timers.o
Entradas                                          ./IO/io.o
EstadosEstables                                   ./Teclado/teclado.o
FAIM_IRQHandler                                   ./src/cr_startup_lpc84x.o
FLASH_IRQHandler                                  ./src/cr_startup_lpc84x.o
GPIO_Dir                                          ./GPIO/gpio.o
                                                  ./IO/io.o
                                                  ./LCD/lcd.o
                                                  ./Teclado/teclado.o
                                                  ./UART/uart1.o
GPIO_Read                                         ./GPIO/gpio.o
                                                  ./IO/io.o
                                                  ./Teclado/teclado.o
GPIO_Set                                          ./GPIO/gpio.o
                                                  ./CTIMER/ctimer.o
                                                  ./IO/io.o
                                                  ./LCD/lcd.o
                                                  ./Teclado/teclado.o
                                                  ./Timers/timers.o
                                                  ./UART/uart1.o
GetKey                                            ./Teclado/teclado.o
GetTiempoDAC                                      ./Timers/timers.o
GetTimer                                          ./Timers/timers.o
HardFault_Handler                                 ./src/cr_startup_lpc84x.o
I2C0_IRQHandler                                   ./src/cr_startup_lpc84x.o
I2C1_IRQHandler                                   ./src/cr_startup_lpc84x.o
I2C2_IRQHandler                                   ./src/cr_startup_lpc84x.o
I2C3_IRQHandler                                   ./src/cr_startup_lpc84x.o
IOCON_config_io                                   ./GPIO/gpio.o
                                                  ./IO/io.o
                                                  ./LCD/lcd.o
                                                  ./Teclado/teclado.o
                                                  ./UART/uart1.o
Inicializar                                       ./Drivers/Inicializacion.o
                                                  ./src/ServoSG90.o
Inicializar_CTimer0                               ./CTIMER/ctimer.o
                                                  ./Drivers/Inicializacion.o
Inicializar_GPIO                                  ./GPIO/gpio.o
                                                  ./Drivers/Inicializacion.o
Inicializar_IO                                    ./IO/io.o
                                                  ./Drivers/Inicializacion.o
Inicializar_LCD                                   ./LCD/lcd.o
                                                  ./Drivers/Inicializacion.o
Inicializar_PLL                                   ./Drivers/dr_pll.o
                                                  ./Drivers/Inicializacion.o
Inicializar_SysTick                               ./Drivers/dr_systick.o
                                                  ./Drivers/Inicializacion.o
Inicializar_Teclado                               ./Teclado/teclado.o
                                                  ./Drivers/Inicializacion.o
Inicializar_UART1                                 ./UART/uart1.o
                                                  ./Drivers/Inicializacion.o
IntDefaultHandler                                 ./src/cr_startup_lpc84x.o
LCD_Delay                                         ./LCD/lcd.o
LCD_Escribir                                      ./LCD/lcd.o
LeerBufferRX                                      ./UART/uart1.o
MRT_IRQHandler                                    ./src/cr_startup_lpc84x.o
MyPow                                             ./UART/uart1.o
NMI_Handler                                       ./src/cr_startup_lpc84x.o
PININT0_IRQHandler                                ./src/cr_startup_lpc84x.o
PININT1_IRQHandler                                ./src/cr_startup_lpc84x.o
PININT2_IRQHandler                                ./src/cr_startup_lpc84x.o
PININT3_IRQHandler                                ./src/cr_startup_lpc84x.o
PININT4_IRQHandler                                ./src/cr_startup_lpc84x.o
PININT5_IRQHandler                                ./src/cr_startup_lpc84x.o
PININT6_IRQHandler                                ./src/cr_startup_lpc84x.o
PININT7_IRQHandler                                ./src/cr_startup_lpc84x.o
PendSV_Handler                                    ./src/cr_startup_lpc84x.o
ResetISR                                          ./src/cr_startup_lpc84x.o
SCT_IRQHandler                                    ./src/cr_startup_lpc84x.o
SG90                                              ./SG90/sg90.o
                                                  ./src/ServoSG90.o
SPI0_IRQHandler                                   ./src/cr_startup_lpc84x.o
SPI1_IRQHandler                                   ./src/cr_startup_lpc84x.o
SVC_Handler                                       ./src/cr_startup_lpc84x.o
SetTimer                                          ./Timers/timers.o
StandByTimer                                      ./Timers/timers.o
SysTick_Handler                                   ./Drivers/dr_systick.o
                                                  ./src/cr_startup_lpc84x.o
TECLADO_Barrido                                   ./Teclado/teclado.o
                                                  ./Drivers/dr_systick.o
TECLADO_Barrido_HW                                ./Teclado/teclado.o
TECLADO_Barrido_SW                                ./Teclado/teclado.o
TMR_Events                                        ./Timers/timers.o
TMR_StandBy                                       ./Timers/timers.o
TMR_handlers                                      ./Timers/timers.o
TimerClose                                        ./Timers/timers.o
TimerEvent                                        ./Timers/timers.o
TimerStart                                        ./Timers/timers.o
TimerStop                                         ./Timers/timers.o
Tmr_Base                                          ./Timers/timers.o
Tmr_Run                                           ./Timers/timers.o
UART0_IRQHandler                                  ./src/cr_startup_lpc84x.o
UART1                                             ./UART/uart1.o
UART1_IRQHandler                                  ./UART/uart1.o
                                                  ./src/cr_startup_lpc84x.o
UART1_PopRx                                       ./UART/uart1.o
UART1_PopTx                                       ./UART/uart1.o
UART1_PushRx                                      ./UART/uart1.o
UART1_PushTx                                      ./UART/uart1.o
UART1_Send                                        ./UART/uart1.o
UART2_IRQHandler                                  ./src/cr_startup_lpc84x.o
WDT_IRQHandler                                    ./src/cr_startup_lpc84x.o
WKT_IRQHandler                                    ./src/cr_startup_lpc84x.o
__aeabi_idiv                                      ./src/aeabi_romdiv_patch.o
                                                  ./SG90/sg90.o
__aeabi_idivmod                                   ./src/aeabi_romdiv_patch.o
__aeabi_uidiv                                     ./src/aeabi_romdiv_patch.o
                                                  ./Timers/timers.o
                                                  ./UART/uart1.o
__aeabi_uidivmod                                  ./src/aeabi_romdiv_patch.o
                                                  ./Timers/timers.o
                                                  ./UART/uart1.o
__bss_section_table_end                           ./src/cr_startup_lpc84x.o
__data_section_table                              ./src/cr_startup_lpc84x.o
__data_section_table_end                          ./src/cr_startup_lpc84x.o
__main                                            /usr/local/mcuxpressoide-11.4.1_6260/ide/plugins/com.nxp.mcuxpresso.tools.linux_11.4.0.202103011116/tools/bin/../lib/gcc/arm-none-eabi/10.2.1/../../../../arm-none-eabi/lib/thumb/v6-m/nofp/libcr_c.a(__weak__main.o)
                                                  ./src/cr_startup_lpc84x.o
__mtb_buffer__                                    ./src/mtb.o
__valid_user_code_checksum                        ./src/cr_startup_lpc84x.o
__weak_main                                       /usr/local/mcuxpressoide-11.4.1_6260/ide/plugins/com.nxp.mcuxpresso.tools.linux_11.4.0.202103011116/tools/bin/../lib/gcc/arm-none-eabi/10.2.1/../../../../arm-none-eabi/lib/thumb/v6-m/nofp/libcr_c.a(__weak__main.o)
_vStackTop                                        ./src/cr_startup_lpc84x.o
bss_init                                          ./src/cr_startup_lpc84x.o
bufferPWM                                         ./src/ServoSG90.o
                                                  ./CTIMER/ctimer.o
data_init                                         ./src/cr_startup_lpc84x.o
g_pfnVectors                                      ./src/cr_startup_lpc84x.o
grados                                            ./src/ServoSG90.o
main                                              ./src/ServoSG90.o
                                                  /usr/local/mcuxpressoide-11.4.1_6260/ide/plugins/com.nxp.mcuxpresso.tools.linux_11.4.0.202103011116/tools/bin/../lib/gcc/arm-none-eabi/10.2.1/../../../../arm-none-eabi/lib/thumb/v6-m/nofp/libcr_c.a(__weak__main.o)
pDivRom_idiv                                      ./src/cr_startup_lpc84x.o
                                                  ./src/aeabi_romdiv_patch.o
pDivRom_uidiv                                     ./src/cr_startup_lpc84x.o
                                                  ./src/aeabi_romdiv_patch.o
segundos                                          ./Drivers/dr_systick.o
strlen                                            /usr/local/mcuxpressoide-11.4.1_6260/ide/plugins/com.nxp.mcuxpresso.tools.linux_11.4.0.202103011116/tools/bin/../lib/gcc/arm-none-eabi/10.2.1/../../../../arm-none-eabi/lib/thumb/v6-m/nofp/libcr_c.a(strlen.o)
                                                  ./UART/uart1.o
tiempoDAC                                         ./Timers/timers.o
