../I2C/i2c.c:12:6:IIC_Inicializacion	8	static
../I2C/i2c.c:51:6:IIC_Start	8	static
../I2C/i2c.c:73:6:IIC_Stop	8	static
../I2C/i2c.c:90:9:IIC_Read_Clock	16	static
../I2C/i2c.c:127:6:IIC_Clock	8	static
../I2C/i2c.c:143:9:IIC_Write	24	static
../I2C/i2c.c:163:9:IIC_Read	24	static
../I2C/i2c.c:189:9:GetDemora_IIC	8	static
../I2C/i2c.c:193:6:SetDemora_IIC	16	static
../I2C/i2c.c:200:6:IIC_Write_Driver_32b	24	static
../I2C/i2c.c:212:10:IIC_Read_Driver_32b	16	static
../I2C/i2c.c:225:10:IIC_Read_Driver_16b	32	static
../I2C/i2c.c:236:6:IIC_Write_Driver_16b	16	static
../I2C/i2c.c:251:9:IIC_Write_Driver	16	static
../I2C/i2c.c:300:9:IIC_Read_Driver	16	static
../I2C/i2c.c:337:6:IIC_Leer_Bloque	24	static
../I2C/i2c.c:347:6:IIC_Guardar_Bloque	24	static
../I2C/i2c.c:360:6:IIC_Demora	24	static
../I2C/i2c.c:373:6:Borrar_Memoria	24	static
