Archive member included to satisfy reference by file (symbol)

/usr/local/mcuxpressoide-11.6.0_8187/ide/plugins/com.nxp.mcuxpresso.tools.linux_11.6.0.202112161359/tools/bin/../lib/gcc/arm-none-eabi/10.3.1/../../../../arm-none-eabi/lib/thumb/v6-m/nofp/libcr_nohost.a(_cr__main.o)
                              ./src/cr_startup_lpc84x.o (__main)
/usr/local/mcuxpressoide-11.6.0_8187/ide/plugins/com.nxp.mcuxpresso.tools.linux_11.6.0.202112161359/tools/bin/../lib/gcc/arm-none-eabi/10.3.1/../../../../arm-none-eabi/lib/thumb/v6-m/nofp/libcr_c.a(fpprintf.o)
                              ./HMC5883L/hmc5883l.o (sprintf)
/usr/local/mcuxpressoide-11.6.0_8187/ide/plugins/com.nxp.mcuxpresso.tools.linux_11.6.0.202112161359/tools/bin/../lib/gcc/arm-none-eabi/10.3.1/../../../../arm-none-eabi/lib/thumb/v6-m/nofp/libcr_c.a(initio.o)
                              /usr/local/mcuxpressoide-11.6.0_8187/ide/plugins/com.nxp.mcuxpresso.tools.linux_11.6.0.202112161359/tools/bin/../lib/gcc/arm-none-eabi/10.3.1/../../../../arm-none-eabi/lib/thumb/v6-m/nofp/libcr_nohost.a(_cr__main.o) (_initio)
/usr/local/mcuxpressoide-11.6.0_8187/ide/plugins/com.nxp.mcuxpresso.tools.linux_11.6.0.202112161359/tools/bin/../lib/gcc/arm-none-eabi/10.3.1/../../../../arm-none-eabi/lib/thumb/v6-m/nofp/libcr_c.a(printf.o)
                              /usr/local/mcuxpressoide-11.6.0_8187/ide/plugins/com.nxp.mcuxpresso.tools.linux_11.6.0.202112161359/tools/bin/../lib/gcc/arm-none-eabi/10.3.1/../../../../arm-none-eabi/lib/thumb/v6-m/nofp/libcr_c.a(fpprintf.o) (__vfprintf)
/usr/local/mcuxpressoide-11.6.0_8187/ide/plugins/com.nxp.mcuxpresso.tools.linux_11.6.0.202112161359/tools/bin/../lib/gcc/arm-none-eabi/10.3.1/../../../../arm-none-eabi/lib/thumb/v6-m/nofp/libcr_c.a(setvbuf.o)
                              /usr/local/mcuxpressoide-11.6.0_8187/ide/plugins/com.nxp.mcuxpresso.tools.linux_11.6.0.202112161359/tools/bin/../lib/gcc/arm-none-eabi/10.3.1/../../../../arm-none-eabi/lib/thumb/v6-m/nofp/libcr_c.a(initio.o) (setvbuf)
/usr/local/mcuxpressoide-11.6.0_8187/ide/plugins/com.nxp.mcuxpresso.tools.linux_11.6.0.202112161359/tools/bin/../lib/gcc/arm-none-eabi/10.3.1/../../../../arm-none-eabi/lib/thumb/v6-m/nofp/libcr_c.a(strlen.o)
                              ./UART/uart1.o (strlen)
/usr/local/mcuxpressoide-11.6.0_8187/ide/plugins/com.nxp.mcuxpresso.tools.linux_11.6.0.202112161359/tools/bin/../lib/gcc/arm-none-eabi/10.3.1/../../../../arm-none-eabi/lib/thumb/v6-m/nofp/libcr_c.a(memset.o)
                              /usr/local/mcuxpressoide-11.6.0_8187/ide/plugins/com.nxp.mcuxpresso.tools.linux_11.6.0.202112161359/tools/bin/../lib/gcc/arm-none-eabi/10.3.1/../../../../arm-none-eabi/lib/thumb/v6-m/nofp/libcr_c.a(fpprintf.o) (memset)
/usr/local/mcuxpressoide-11.6.0_8187/ide/plugins/com.nxp.mcuxpresso.tools.linux_11.6.0.202112161359/tools/bin/../lib/gcc/arm-none-eabi/10.3.1/../../../../arm-none-eabi/lib/thumb/v6-m/nofp/libcr_c.a(_deferredlazyseek.o)
                              /usr/local/mcuxpressoide-11.6.0_8187/ide/plugins/com.nxp.mcuxpresso.tools.linux_11.6.0.202112161359/tools/bin/../lib/gcc/arm-none-eabi/10.3.1/../../../../arm-none-eabi/lib/thumb/v6-m/nofp/libcr_c.a(fpprintf.o) (__flsbuf)
/usr/local/mcuxpressoide-11.6.0_8187/ide/plugins/com.nxp.mcuxpresso.tools.linux_11.6.0.202112161359/tools/bin/../lib/gcc/arm-none-eabi/10.3.1/../../../../arm-none-eabi/lib/thumb/v6-m/nofp/libcr_c.a(_fdopen.o)
                              /usr/local/mcuxpressoide-11.6.0_8187/ide/plugins/com.nxp.mcuxpresso.tools.linux_11.6.0.202112161359/tools/bin/../lib/gcc/arm-none-eabi/10.3.1/../../../../arm-none-eabi/lib/thumb/v6-m/nofp/libcr_c.a(initio.o) (_fdopen)
/usr/local/mcuxpressoide-11.6.0_8187/ide/plugins/com.nxp.mcuxpresso.tools.linux_11.6.0.202112161359/tools/bin/../lib/gcc/arm-none-eabi/10.3.1/../../../../arm-none-eabi/lib/thumb/v6-m/nofp/libcr_c.a(_fflush.o)
                              /usr/local/mcuxpressoide-11.6.0_8187/ide/plugins/com.nxp.mcuxpresso.tools.linux_11.6.0.202112161359/tools/bin/../lib/gcc/arm-none-eabi/10.3.1/../../../../arm-none-eabi/lib/thumb/v6-m/nofp/libcr_c.a(_deferredlazyseek.o) (_fflush)
/usr/local/mcuxpressoide-11.6.0_8187/ide/plugins/com.nxp.mcuxpresso.tools.linux_11.6.0.202112161359/tools/bin/../lib/gcc/arm-none-eabi/10.3.1/../../../../arm-none-eabi/lib/thumb/v6-m/nofp/libcr_c.a(_frexpl.o)
                              /usr/local/mcuxpressoide-11.6.0_8187/ide/plugins/com.nxp.mcuxpresso.tools.linux_11.6.0.202112161359/tools/bin/../lib/gcc/arm-none-eabi/10.3.1/../../../../arm-none-eabi/lib/thumb/v6-m/nofp/libcr_c.a(fpprintf.o) (_frexpl)
/usr/local/mcuxpressoide-11.6.0_8187/ide/plugins/com.nxp.mcuxpresso.tools.linux_11.6.0.202112161359/tools/bin/../lib/gcc/arm-none-eabi/10.3.1/../../../../arm-none-eabi/lib/thumb/v6-m/nofp/libcr_c.a(_ldexpl.o)
[...]
Memory Configuration

Name             Origin             Length             Attributes
MFlash64         0x0000000000000000 0x0000000000010000 xr
RamLoc16         0x0000000010000000 0x0000000000004000 xrw
*default*        0x0000000000000000 0xffffffffffffffff

Linker script and memory map

LOAD ./src/aeabi_romdiv_patch.o
LOAD ./src/cr_startup_lpc84x.o
LOAD ./src/crp.o
LOAD ./src/main.o
LOAD ./src/mtb.o
LOAD ./UART/uart1.o
LOAD ./Timers/timers.o
LOAD ./Teclado/teclado.o
LOAD ./SCTIMER/sctimer.o
LOAD ./LCD/lcd.o
LOAD ./IO/io.o
LOAD ./I2C/i2c.o
LOAD ./HMC5883L/hmc5883l.o
LOAD ./GPIO/gpio.o
LOAD ./Drivers/Inicializacion.o
LOAD ./Drivers/dr_pll.o
LOAD ./Drivers/dr_systick.o
LOAD ./CTIMER/ctimer.o
START GROUP
LOAD /usr/local/mcuxpressoide-11.6.0_8187/ide/plugins/com.nxp.mcuxpresso.tools.linux_11.6.0.202112161359/tools/bin/../lib/gcc/arm-none-eabi/10.3.1/../../../../arm-none-eabi/lib/thumb/v6-m/nofp/libcr_nohost.a
LOAD /usr/local/mcuxpressoide-11.6.0_8187/ide/plugins/com.nxp.mcuxpresso.tools.linux_11.6.0.202112161359/tools/bin/../lib/gcc/arm-none-eabi/10.3.1/../../../../arm-none-eabi/lib/thumb/v6-m/nofp/libcr_c.a
LOAD /usr/local/mcuxpressoide-11.6.0_8187/ide/plugins/com.nxp.mcuxpresso.tools.linux_11.6.0.202112161359/tools/bin/../lib/gcc/arm-none-eabi/10.3.1/thumb/v6-m/nofp/libcr_eabihelpers.a
LOAD /usr/local/mcuxpressoide-11.6.0_8187/ide/plugins/com.nxp.mcuxpresso.tools.linux_11.6.0.202112161359/tools/bin/../lib/gcc/arm-none-eabi/10.3.1/thumb/v6-m/nofp/libgcc.a
END GROUP
                0x0000000000000000                __base_MFlash64 = 0x0
                0x0000000000000000                __base_Flash = 0x0
                0x0000000000010000                __top_MFlash64 = 0x10000
                0x0000000000010000                __top_Flash = 0x10000
                0x0000000010000000                __base_RamLoc16 = 0x10000000
                0x0000000010000000                __base_RAM = 0x10000000
                0x0000000010004000                __top_RamLoc16 = 0x10004000
                0x0000000010004000                __top_RAM = 0x10004000

.text           0x0000000000000000     0x3c08
 FILL mask 0xff
                0x0000000000000000                __vectors_start__ = ABSOLUTE (.)
 *(.isr_vector)
 .isr_vector    0x0000000000000000       0xc0 ./src/cr_startup_lpc84x.o
                0x0000000000000000                g_pfnVectors
                0x00000000000000c0                . = ALIGN (0x4)
                0x00000000000000c0                __section_table_start = .
                0x00000000000000c0                __data_section_table = .
                0x00000000000000c0        0x4 LONG 0x3c08 LOADADDR (.data)
                0x00000000000000c4        0x4 LONG 0x10000100 ADDR (.data)
                0x00000000000000c8        0x4 LONG 0x4 SIZEOF (.data)
                0x00000000000000cc                __data_section_table_end = .
                0x00000000000000cc                __bss_section_table = .
                0x00000000000000cc        0x4 LONG 0x10000104 ADDR (.bss)
                0x00000000000000d0        0x4 LONG 0x3d8 SIZEOF (.bss)
                0x00000000000000d4                __bss_section_table_end = .
                0x00000000000000d4                __section_table_end = .
 *(.after_vectors*)
 .after_vectors
                0x00000000000000d4      0x144 ./src/cr_startup_lpc84x.o
                0x00000000000000d4                data_init
                0x0000000000000116                bss_init
                0x000000000000014c                ResetISR
                0x00000000000001f4                NMI_Handler
                0x00000000000001fa                HardFault_Handler
                0x0000000000000200                SVC_Handler
                0x0000000000000206                PendSV_Handler
                0x0000000000000212                CMP_IRQHandler
                0x0000000000000212                PININT7_IRQHandler
                0x0000000000000212                I2C0_IRQHandler
                0x0000000000000212                WKT_IRQHandler
                0x0000000000000212                PININT2_IRQHandler
                0x0000000000000212                PININT1_IRQHandler
                0x0000000000000212                MRT_IRQHandler
                0x0000000000000212                I2C1_IRQHandler
                0x0000000000000212                ADC_SEQB_IRQHandler
                0x0000000000000212                UART0_IRQHandler
                0x0000000000000212                SPI1_IRQHandler
                0x0000000000000212                IntDefaultHandler
                0x0000000000000212                ADC_OVR_IRQHandler
                0x0000000000000212                I2C2_IRQHandler
                0x0000000000000212                PININT3_IRQHandler
                0x0000000000000212                UART2_IRQHandler
                0x0000000000000212                PININT5_IRQHandler
                0x0000000000000212                PININT4_IRQHandler
                0x0000000000000212                ADC_THCMP_IRQHandler
                0x0000000000000212                PININT0_IRQHandler
                0x0000000000000212                BOD_IRQHandler
                0x0000000000000212                I2C3_IRQHandler
                0x0000000000000212                WDT_IRQHandler
                0x0000000000000212                ADC_SEQA_IRQHandler
                0x0000000000000212                FAIM_IRQHandler
                0x0000000000000212                DAC0_IRQHandler
                0x0000000000000212                PININT6_IRQHandler
                0x0000000000000212                SPI0_IRQHandler
                0x0000000000000212                DMA_IRQHandler
                0x0000000000000212                FLASH_IRQHandler
                0x00000000000002fc                . = 0x2fc
 *fill*         0x0000000000000218       0xe4 ff
                0x00000000000002fc                PROVIDE (__CRP_WORD_START__ = .)
 *(.crp)
 .crp           0x00000000000002fc        0x4 ./src/crp.o
                0x00000000000002fc                CRP_WORD
                0x0000000000000300                PROVIDE (__CRP_WORD_END__ = .)
                0x0000000000000001                ASSERT (! ((__CRP_WORD_START__ == __CRP_WORD_END__)), Linker CRP Enabled, but no CRP_WORD provided within application)
 *(.text*)
 .text.__aeabi_idiv
                0x0000000000000300       0x10 ./src/aeabi_romdiv_patch.o
                0x0000000000000300                __aeabi_idiv
                0x0000000000000300                __aeabi_idivmod
 .text.__aeabi_uidiv
                0x0000000000000310       0x10 ./src/aeabi_romdiv_patch.o
                0x0000000000000310                __aeabi_uidiv
                0x0000000000000310                __aeabi_uidivmod
 .text.main     0x0000000000000320       0x12 ./src/main.o
                0x0000000000000320                main
 *fill*         0x0000000000000332        0x2 ff
 .text.UART1_IRQHandler
                0x0000000000000334       0x60 ./UART/uart1.o
                0x0000000000000334                UART1_IRQHandler
 .text.Inicializar_UART1
                0x0000000000000394       0xc0 ./UART/uart1.o
                0x0000000000000394                Inicializar_UART1
 .text.UART1_Send
                0x0000000000000454       0x34 ./UART/uart1.o
                0x0000000000000454                UART1_Send
 .text.UART1_PushTx
                0x0000000000000488       0x70 ./UART/uart1.o
                0x0000000000000488                UART1_PushTx
 .text.UART1_PopTx
                0x00000000000004f8       0x64 ./UART/uart1.o
                0x00000000000004f8                UART1_PopTx
 .text.UART1_PushRx
                0x000000000000055c       0x48 ./UART/uart1.o
                0x000000000000055c                UART1_PushRx
 .text.AnalizarTimers
                0x00000000000005a4       0x70 ./Timers/timers.o
                0x00000000000005a4                AnalizarTimers
 .text.TimerEvent
                0x0000000000000614       0x58 ./Timers/timers.o
                0x0000000000000614                TimerEvent
 .text.TimerStart
                0x000000000000066c       0xc8 ./Timers/timers.o
                0x000000000000066c                TimerStart
 .text.HMC5883L_Leer
                0x0000000000000734       0x24 ./Timers/timers.o
                0x0000000000000734                HMC5883L_Leer
 .text.GetFlagLecturaHMC5883L
                0x0000000000000758       0x14 ./Timers/timers.o
                0x0000000000000758                GetFlagLecturaHMC5883L
 .text.SetFlagLecturaHMC5883L
                0x000000000000076c       0x20 ./Timers/timers.o
                0x000000000000076c                SetFlagLecturaHMC5883L
 .text.SCT_IRQHandler
                0x000000000000078c       0x3c ./SCTIMER/sctimer.o
                0x000000000000078c                SCT_IRQHandler
 .text.Inicializar_IO
                0x00000000000007c8       0x32 ./IO/io.o
                0x00000000000007c8                Inicializar_IO
 .text.IIC_Inicializacion
                0x00000000000007fa       0x52 ./I2C/i2c.o
                0x00000000000007fa                IIC_Inicializacion
 .text.IIC_Start
                0x000000000000084c       0x44 ./I2C/i2c.o
                0x000000000000084c                IIC_Start
 .text.IIC_Stop
                0x0000000000000890       0x34 ./I2C/i2c.o
                0x0000000000000890                IIC_Stop
 .text.IIC_Read_Clock
                0x00000000000008c4       0x64 ./I2C/i2c.o
                0x00000000000008c4                IIC_Read_Clock
 .text.IIC_Clock
                0x0000000000000928       0x2a ./I2C/i2c.o
                0x0000000000000928                IIC_Clock
 .text.IIC_Write
                0x0000000000000952       0x66 ./I2C/i2c.o
                0x0000000000000952                IIC_Write
 .text.IIC_Read
                0x00000000000009b8       0x8c ./I2C/i2c.o
                0x00000000000009b8                IIC_Read
 .text.GetDemora_IIC
                0x0000000000000a44       0x14 ./I2C/i2c.o
                0x0000000000000a44                GetDemora_IIC
 .text.SetDemora_IIC
                0x0000000000000a58       0x20 ./I2C/i2c.o
                0x0000000000000a58                SetDemora_IIC
 .text.IIC_Demora
                0x0000000000000a78       0x26 ./I2C/i2c.o
                0x0000000000000a78                IIC_Demora
 *fill*         0x0000000000000a9e        0x2 ff
 .text.HMC5883L
                0x0000000000000aa0      0x19c ./HMC5883L/hmc5883l.o
                0x0000000000000aa0                HMC5883L
 .text.Inicializar_GPIO
                0x0000000000000c3c       0x70 ./GPIO/gpio.o
                0x0000000000000c3c                Inicializar_GPIO
 .text.GPIO_Set
                0x0000000000000cac       0x7c ./GPIO/gpio.o
                0x0000000000000cac                GPIO_Set
 .text.GPIO_Dir
                0x0000000000000d28       0x7c ./GPIO/gpio.o
                0x0000000000000d28                GPIO_Dir
 .text.GPIO_Read
                0x0000000000000da4       0x36 ./GPIO/gpio.o
                0x0000000000000da4                GPIO_Read
 *fill*         0x0000000000000dda        0x2 ff
 .text.IOCON_config_io
                0x0000000000000ddc      0x164 ./GPIO/gpio.o
                0x0000000000000ddc                IOCON_config_io
 .text.Inicializar
                0x0000000000000f40       0x44 ./Drivers/Inicializacion.o
                0x0000000000000f40                Inicializar
 .text.Inicializar_PLL
                0x0000000000000f84       0xb0 ./Drivers/dr_pll.o
                0x0000000000000f84                Inicializar_PLL
 .text.SysTick_Handler
                0x0000000000001034       0x48 ./Drivers/dr_systick.o
                0x0000000000001034                SysTick_Handler
 .text.Inicializar_SysTick
                0x000000000000107c       0x38 ./Drivers/dr_systick.o
                0x000000000000107c                Inicializar_SysTick
 .text.CTIMER0_IRQHandler
                0x00000000000010b4      0x1cc ./CTIMER/ctimer.o
                0x00000000000010b4                CTIMER0_IRQHandler
 .text.Inicializar_CTimer0
                0x0000000000001280       0x48 ./CTIMER/ctimer.o
                0x0000000000001280                Inicializar_CTimer0
 .text.__main   0x00000000000012c8        0xc /usr/local/mcuxpressoide-11.6.0_8187/ide/plugins/com.nxp.mcuxpresso.tools.linux_11.6.0.202112161359/tools/bin/../lib/gcc/arm-none-eabi/10.3.1/../../../../arm-none-eabi/lib/thumb/v6-m/nofp/libcr_nohost.a(_cr__main.o)
                0x00000000000012c8                __main
 .text.fp_round
                0x00000000000012d4       0x4a /usr/local/mcuxpressoide-11.6.0_8187/ide/plugins/com.nxp.mcuxpresso.tools.linux_11.6.0.202112161359/tools/bin/../lib/gcc/arm-none-eabi/10.3.1/../../../../arm-none-eabi/lib/thumb/v6-m/nofp/libcr_c.a(fpprintf.o)
 .text.pr_dec.constprop.0
                0x000000000000131e       0x30 /usr/local/mcuxpressoide-11.6.0_8187/ide/plugins/com.nxp.mcuxpresso.tools.linux_11.6.0.202112161359/tools/bin/../lib/gcc/arm-none-eabi/10.3.1/../../../../arm-none-eabi/lib/thumb/v6-m/nofp/libcr_c.a(fpprintf.o)
 *fill*         0x000000000000134e        0x2 ff
 .text.sprintf  0x0000000000001350       0x6c /usr/local/mcuxpressoide-11.6.0_8187/ide/plugins/com.nxp.mcuxpresso.tools.linux_11.6.0.202112161359/tools/bin/../lib/gcc/arm-none-eabi/10.3.1/../../../../arm-none-eabi/lib/thumb/v6-m/nofp/libcr_c.a(fpprintf.o)
                0x0000000000001350                sprintf
 .text.fp_display
                0x00000000000013bc      0x97c /usr/local/mcuxpressoide-11.6.0_8187/ide/plugins/com.nxp.mcuxpresso.tools.linux_11.6.0.202112161359/tools/bin/../lib/gcc/arm-none-eabi/10.3.1/../../../../arm-none-eabi/lib/thumb/v6-m/nofp/libcr_c.a(fpprintf.o)
 .text._initio  0x0000000000001d38       0x7c /usr/local/mcuxpressoide-11.6.0_8187/ide/plugins/com.nxp.mcuxpresso.tools.linux_11.6.0.202112161359/tools/bin/../lib/gcc/arm-none-eabi/10.3.1/../../../../arm-none-eabi/lib/thumb/v6-m/nofp/libcr_c.a(initio.o)
                0x0000000000001d38                _initio
 .text.__vfprintf
                0x0000000000001db4      0xd40 /usr/local/mcuxpressoide-11.6.0_8187/ide/plugins/com.nxp.mcuxpresso.tools.linux_11.6.0.202112161359/tools/bin/../lib/gcc/arm-none-eabi/10.3.1/../../../../arm-none-eabi/lib/thumb/v6-m/nofp/libcr_c.a(printf.o)
                0x0000000000001db4                __vfprintf
 .text.setvbuf  0x0000000000002af4       0x4c /usr/local/mcuxpressoide-11.6.0_8187/ide/plugins/com.nxp.mcuxpresso.tools.linux_11.6.0.202112161359/tools/bin/../lib/gcc/arm-none-eabi/10.3.1/../../../../arm-none-eabi/lib/thumb/v6-m/nofp/libcr_c.a(setvbuf.o)
                0x0000000000002af4                setvbuf
 .text.strlen   0x0000000000002b40       0x58 /usr/local/mcuxpressoide-11.6.0_8187/ide/plugins/com.nxp.mcuxpresso.tools.linux_11.6.0.202112161359/tools/bin/../lib/gcc/arm-none-eabi/10.3.1/../../../../arm-none-eabi/lib/thumb/v6-m/nofp/libcr_c.a(strlen.o)
                0x0000000000002b40                strlen
 .text.memset   0x0000000000002b98        0x8 /usr/local/mcuxpressoide-11.6.0_8187/ide/plugins/com.nxp.mcuxpresso.tools.linux_11.6.0.202112161359/tools/bin/../lib/gcc/arm-none-eabi/10.3.1/../../../../arm-none-eabi/lib/thumb/v6-m/nofp/libcr_c.a(memset.o)
                0x0000000000002b98                memset
 .text._deferredlazyseek
                0x0000000000002ba0       0x40 /usr/local/mcuxpressoide-11.6.0_8187/ide/plugins/com.nxp.mcuxpresso.tools.linux_11.6.0.202112161359/tools/bin/../lib/gcc/arm-none-eabi/10.3.1/../../../../arm-none-eabi/lib/thumb/v6-m/nofp/libcr_c.a(_deferredlazyseek.o)
                0x0000000000002ba0                _deferredlazyseek
 .text.__flsbuf
                0x0000000000002be0      0x150 /usr/local/mcuxpressoide-11.6.0_8187/ide/plugins/com.nxp.mcuxpresso.tools.linux_11.6.0.202112161359/tools/bin/../lib/gcc/arm-none-eabi/10.3.1/../../../../arm-none-eabi/lib/thumb/v6-m/nofp/libcr_c.a(_deferredlazyseek.o)
                0x0000000000002be0                __flsbuf
 .text._fdopen  0x0000000000002d30       0x74 /usr/local/mcuxpressoide-11.6.0_8187/ide/plugins/com.nxp.mcuxpresso.tools.linux_11.6.0.202112161359/tools/bin/../lib/gcc/arm-none-eabi/10.3.1/../../../../arm-none-eabi/lib/thumb/v6-m/nofp/libcr_c.a(_fdopen.o)
                0x0000000000002d30                _fdopen
 .text._fflush  0x0000000000002da4       0x60 /usr/local/mcuxpressoide-11.6.0_8187/ide/plugins/com.nxp.mcuxpresso.tools.linux_11.6.0.202112161359/tools/bin/../lib/gcc/arm-none-eabi/10.3.1/../../../../arm-none-eabi/lib/thumb/v6-m/nofp/libcr_c.a(_fflush.o)
                0x0000000000002da4                _fflush
 .text._frexpl  0x0000000000002e04       0x80 /usr/local/mcuxpressoide-11.6.0_8187/ide/plugins/com.nxp.mcuxpresso.tools.linux_11.6.0.202112161359/tools/bin/../lib/gcc/arm-none-eabi/10.3.1/../../../../arm-none-eabi/lib/thumb/v6-m/nofp/libcr_c.a(_frexpl.o)
                0x0000000000002e04                _frexpl
 .text._ldexpl  0x0000000000002e84       0x58 /usr/local/mcuxpressoide-11.6.0_8187/ide/plugins/com.nxp.mcuxpresso.tools.linux_11.6.0.202112161359/tools/bin/../lib/gcc/arm-none-eabi/10.3.1/../../../../arm-none-eabi/lib/thumb/v6-m/nofp/libcr_c.a(_ldexpl.o)
                0x0000000000002e84                _ldexpl
 .text._Cwritebuf
                0x0000000000002edc       0x68 /usr/local/mcuxpressoide-11.6.0_8187/ide/plugins/com.nxp.mcuxpresso.tools.linux_11.6.0.202112161359/tools/bin/../lib/gcc/arm-none-eabi/10.3.1/../../../../arm-none-eabi/lib/thumb/v6-m/nofp/libcr_c.a(_writebuf.o)
                0x0000000000002edc                _Cwritebuf
 .text.malloc   0x0000000000002f44       0xcc /usr/local/mcuxpressoide-11.6.0_8187/ide/plugins/com.nxp.mcuxpresso.tools.linux_11.6.0.202112161359/tools/bin/../lib/gcc/arm-none-eabi/10.3.1/../../../../arm-none-eabi/lib/thumb/v6-m/nofp/libcr_c.a(alloc.o)
                0x0000000000002f44                malloc
 .text.free     0x0000000000003010       0x2c /usr/local/mcuxpressoide-11.6.0_8187/ide/plugins/com.nxp.mcuxpresso.tools.linux_11.6.0.202112161359/tools/bin/../lib/gcc/arm-none-eabi/10.3.1/../../../../arm-none-eabi/lib/thumb/v6-m/nofp/libcr_c.a(alloc.o)
                0x0000000000003010                free
 .text._Csys_alloc
                0x000000000000303c       0x20 /usr/local/mcuxpressoide-11.6.0_8187/ide/plugins/com.nxp.mcuxpresso.tools.linux_11.6.0.202112161359/tools/bin/../lib/gcc/arm-none-eabi/10.3.1/../../../../arm-none-eabi/lib/thumb/v6-m/nofp/libcr_c.a(alloc.o)
                0x000000000000303c                _Csys_alloc
 .text.fclose   0x000000000000305c       0x5c /usr/local/mcuxpressoide-11.6.0_8187/ide/plugins/com.nxp.mcuxpresso.tools.linux_11.6.0.202112161359/tools/bin/../lib/gcc/arm-none-eabi/10.3.1/../../../../arm-none-eabi/lib/thumb/v6-m/nofp/libcr_c.a(fclose.o)
                0x000000000000305c                fclose
 .text.fflush   0x00000000000030b8       0x44 /usr/local/mcuxpressoide-11.6.0_8187/ide/plugins/com.nxp.mcuxpresso.tools.linux_11.6.0.202112161359/tools/bin/../lib/gcc/arm-none-eabi/10.3.1/../../../../arm-none-eabi/lib/thumb/v6-m/nofp/libcr_c.a(fflush.o)
                0x00000000000030b8                fflush
 .text.fseek    0x00000000000030fc       0xf0 /usr/local/mcuxpressoide-11.6.0_8187/ide/plugins/com.nxp.mcuxpresso.tools.linux_11.6.0.202112161359/tools/bin/../lib/gcc/arm-none-eabi/10.3.1/../../../../arm-none-eabi/lib/thumb/v6-m/nofp/libcr_c.a(fseek.o)
                0x00000000000030fc                fseek
 .text.ftell    0x00000000000031ec       0x48 /usr/local/mcuxpressoide-11.6.0_8187/ide/plugins/com.nxp.mcuxpresso.tools.linux_11.6.0.202112161359/tools/bin/../lib/gcc/arm-none-eabi/10.3.1/../../../../arm-none-eabi/lib/thumb/v6-m/nofp/libcr_c.a(ftell.o)
                0x00000000000031ec                ftell
 .text.remove   0x0000000000003234       0x12 /usr/local/mcuxpressoide-11.6.0_8187/ide/plugins/com.nxp.mcuxpresso.tools.linux_11.6.0.202112161359/tools/bin/../lib/gcc/arm-none-eabi/10.3.1/../../../../arm-none-eabi/lib/thumb/v6-m/nofp/libcr_c.a(remove.o)
                0x0000000000003234                remove
 *fill*         0x0000000000003246        0x2 ff
 .text._sbrk    0x0000000000003248       0x44 /usr/local/mcuxpressoide-11.6.0_8187/ide/plugins/com.nxp.mcuxpresso.tools.linux_11.6.0.202112161359/tools/bin/../lib/gcc/arm-none-eabi/10.3.1/../../../../arm-none-eabi/lib/thumb/v6-m/nofp/libcr_c.a(_cr_sbrk.o)
                0x0000000000003248                _sbrk
 .text._do_fflush
                0x000000000000328c       0x48 /usr/local/mcuxpressoide-11.6.0_8187/ide/plugins/com.nxp.mcuxpresso.tools.linux_11.6.0.202112161359/tools/bin/../lib/gcc/arm-none-eabi/10.3.1/../../../../arm-none-eabi/lib/thumb/v6-m/nofp/libcr_c.a(_do_fflush.o)
                0x000000000000328c                _do_fflush
 .text.__check_heap_overflow
                0x00000000000032d4       0x18 /usr/local/mcuxpressoide-11.6.0_8187/ide/plugins/com.nxp.mcuxpresso.tools.linux_11.6.0.202112161359/tools/bin/../lib/gcc/arm-none-eabi/10.3.1/../../../../arm-none-eabi/lib/thumb/v6-m/nofp/libcr_c.a(_cr_check_heap.o)
                0x00000000000032d4                __check_heap_overflow
 .text.__aeabi_dmul
                0x00000000000032ec      0x184 /usr/local/mcuxpressoide-11.6.0_8187/ide/plugins/com.nxp.mcuxpresso.tools.linux_11.6.0.202112161359/tools/bin/../lib/gcc/arm-none-eabi/10.3.1/thumb/v6-m/nofp/libcr_eabihelpers.a(double.o)
                0x00000000000032ec                __aeabi_dmul
 .text.__aeabi_ddiv
                0x0000000000003470      0x14c /usr/local/mcuxpressoide-11.6.0_8187/ide/plugins/com.nxp.mcuxpresso.tools.linux_11.6.0.202112161359/tools/bin/../lib/gcc/arm-none-eabi/10.3.1/thumb/v6-m/nofp/libcr_eabihelpers.a(double.o)
                0x0000000000003470                __aeabi_ddiv
 .text.__aeabi_dsub
                0x00000000000035bc      0x1c0 /usr/local/mcuxpressoide-11.6.0_8187/ide/plugins/com.nxp.mcuxpresso.tools.linux_11.6.0.202112161359/tools/bin/../lib/gcc/arm-none-eabi/10.3.1/thumb/v6-m/nofp/libcr_eabihelpers.a(double.o)
                0x00000000000035bc                __aeabi_dsub
 .text.__aeabi_dadd
                0x000000000000377c      0x134 /usr/local/mcuxpressoide-11.6.0_8187/ide/plugins/com.nxp.mcuxpresso.tools.linux_11.6.0.202112161359/tools/bin/../lib/gcc/arm-none-eabi/10.3.1/thumb/v6-m/nofp/libcr_eabihelpers.a(double.o)
                0x000000000000377c                __aeabi_dadd
 .text.__aeabi_d2iz
                0x00000000000038b0       0x50 /usr/local/mcuxpressoide-11.6.0_8187/ide/plugins/com.nxp.mcuxpresso.tools.linux_11.6.0.202112161359/tools/bin/../lib/gcc/arm-none-eabi/10.3.1/thumb/v6-m/nofp/libcr_eabihelpers.a(double.o)
                0x00000000000038b0                __aeabi_d2iz
 .text.__bhs_ui2d
                0x0000000000003900       0x5e /usr/local/mcuxpressoide-11.6.0_8187/ide/plugins/com.nxp.mcuxpresso.tools.linux_11.6.0.202112161359/tools/bin/../lib/gcc/arm-none-eabi/10.3.1/thumb/v6-m/nofp/libcr_eabihelpers.a(double.o)
                0x0000000000003900                __bhs_ui2d
 .text.__aeabi_i2d
                0x000000000000395e       0x18 /usr/local/mcuxpressoide-11.6.0_8187/ide/plugins/com.nxp.mcuxpresso.tools.linux_11.6.0.202112161359/tools/bin/../lib/gcc/arm-none-eabi/10.3.1/thumb/v6-m/nofp/libcr_eabihelpers.a(double.o)
                0x000000000000395e                __aeabi_i2d
 *fill*         0x0000000000003976        0x2 ff
 .text.__aeabi_dcmpeq
                0x0000000000003978       0x30 /usr/local/mcuxpressoide-11.6.0_8187/ide/plugins/com.nxp.mcuxpresso.tools.linux_11.6.0.202112161359/tools/bin/../lib/gcc/arm-none-eabi/10.3.1/thumb/v6-m/nofp/libcr_eabihelpers.a(double.o)
                0x0000000000003978                __aeabi_dcmpeq
 .text.__aeabi_dcmplt
                0x00000000000039a8       0x60 /usr/local/mcuxpressoide-11.6.0_8187/ide/plugins/com.nxp.mcuxpresso.tools.linux_11.6.0.202112161359/tools/bin/../lib/gcc/arm-none-eabi/10.3.1/thumb/v6-m/nofp/libcr_eabihelpers.a(double.o)
                0x00000000000039a8                __aeabi_dcmplt
 .text.__aeabi_dcmple
                0x0000000000003a08       0x5c /usr/local/mcuxpressoide-11.6.0_8187/ide/plugins/com.nxp.mcuxpresso.tools.linux_11.6.0.202112161359/tools/bin/../lib/gcc/arm-none-eabi/10.3.1/thumb/v6-m/nofp/libcr_eabihelpers.a(double.o)
                0x0000000000003a08                __aeabi_dcmple
 .text.__aeabi_dcmpge
                0x0000000000003a64       0x5c /usr/local/mcuxpressoide-11.6.0_8187/ide/plugins/com.nxp.mcuxpresso.tools.linux_11.6.0.202112161359/tools/bin/../lib/gcc/arm-none-eabi/10.3.1/thumb/v6-m/nofp/libcr_eabihelpers.a(double.o)
                0x0000000000003a64                __aeabi_dcmpge
 .text.__aeabi_llong_lmul
                0x0000000000003ac0       0x2e /usr/local/mcuxpressoide-11.6.0_8187/ide/plugins/com.nxp.mcuxpresso.tools.linux_11.6.0.202112161359/tools/bin/../lib/gcc/arm-none-eabi/10.3.1/thumb/v6-m/nofp/libcr_eabihelpers.a(llong.o)
                0x0000000000003ac0                __aeabi_lmul
 .text.__aeabi_memset_lowlevel
                0x0000000000003aee       0x2a /usr/local/mcuxpressoide-11.6.0_8187/ide/plugins/com.nxp.mcuxpresso.tools.linux_11.6.0.202112161359/tools/bin/../lib/gcc/arm-none-eabi/10.3.1/thumb/v6-m/nofp/libcr_eabihelpers.a(memcpy.o)
                0x0000000000003aee                __aeabi_lowlevel_memset
 .text.__gnu_thumb1_case_shi
                0x0000000000003b18       0x10 /usr/local/mcuxpressoide-11.6.0_8187/ide/plugins/com.nxp.mcuxpresso.tools.linux_11.6.0.202112161359/tools/bin/../lib/gcc/arm-none-eabi/10.3.1/thumb/v6-m/nofp/libcr_eabihelpers.a(thumb1_switch_helpers.o)
                0x0000000000003b18                __gnu_thumb1_case_shi
 .text.__sys_appexit
                0x0000000000003b28        0x2 /usr/local/mcuxpressoide-11.6.0_8187/ide/plugins/com.nxp.mcuxpresso.tools.linux_11.6.0.202112161359/tools/bin/../lib/gcc/arm-none-eabi/10.3.1/../../../../arm-none-eabi/lib/thumb/v6-m/nofp/libcr_nohost.a(__sys_appexit.o)
                0x0000000000003b28                __exit
                0x0000000000003b28                __sys_appexit
 .text.__sys_close
                0x0000000000003b2a        0x6 /usr/local/mcuxpressoide-11.6.0_8187/ide/plugins/com.nxp.mcuxpresso.tools.linux_11.6.0.202112161359/tools/bin/../lib/gcc/arm-none-eabi/10.3.1/../../../../arm-none-eabi/lib/thumb/v6-m/nofp/libcr_nohost.a(__sys_close.o)
                0x0000000000003b2a                __sys_close
 .text.__sys_flen
                0x0000000000003b30        0x6 /usr/local/mcuxpressoide-11.6.0_8187/ide/plugins/com.nxp.mcuxpresso.tools.linux_11.6.0.202112161359/tools/bin/../lib/gcc/arm-none-eabi/10.3.1/../../../../arm-none-eabi/lib/thumb/v6-m/nofp/libcr_nohost.a(__sys_flen.o)
                0x0000000000003b30                __sys_flen
 .text.__sys_istty
                0x0000000000003b36        0x6 /usr/local/mcuxpressoide-11.6.0_8187/ide/plugins/com.nxp.mcuxpresso.tools.linux_11.6.0.202112161359/tools/bin/../lib/gcc/arm-none-eabi/10.3.1/../../../../arm-none-eabi/lib/thumb/v6-m/nofp/libcr_nohost.a(__sys_istty.o)
                0x0000000000003b36                __sys_istty
 .text.__sys_remove
                0x0000000000003b3c        0x6 /usr/local/mcuxpressoide-11.6.0_8187/ide/plugins/com.nxp.mcuxpresso.tools.linux_11.6.0.202112161359/tools/bin/../lib/gcc/arm-none-eabi/10.3.1/../../../../arm-none-eabi/lib/thumb/v6-m/nofp/libcr_nohost.a(__sys_remove.o)
                0x0000000000003b3c                __sys_remove
 .text.__sys_seek
                0x0000000000003b42        0x6 /usr/local/mcuxpressoide-11.6.0_8187/ide/plugins/com.nxp.mcuxpresso.tools.linux_11.6.0.202112161359/tools/bin/../lib/gcc/arm-none-eabi/10.3.1/../../../../arm-none-eabi/lib/thumb/v6-m/nofp/libcr_nohost.a(__sys_seek.o)
                0x0000000000003b42                __sys_seek
 .text.__sys_tmpnam
                0x0000000000003b48        0x6 /usr/local/mcuxpressoide-11.6.0_8187/ide/plugins/com.nxp.mcuxpresso.tools.linux_11.6.0.202112161359/tools/bin/../lib/gcc/arm-none-eabi/10.3.1/../../../../arm-none-eabi/lib/thumb/v6-m/nofp/libcr_nohost.a(__sys_tmpnam.o)
                0x0000000000003b48                __sys_tmpnam
 .text.__sys_write
                0x0000000000003b4e        0x4 /usr/local/mcuxpressoide-11.6.0_8187/ide/plugins/com.nxp.mcuxpresso.tools.linux_11.6.0.202112161359/tools/bin/../lib/gcc/arm-none-eabi/10.3.1/../../../../arm-none-eabi/lib/thumb/v6-m/nofp/libcr_nohost.a(__sys_write.o)
                0x0000000000003b4e                __sys_write
 *(.rodata .rodata.* .constdata .constdata.*)
 *fill*         0x0000000000003b52        0x2 ff
 .rodata.HMC5883L.str1.4
                0x0000000000003b54       0x17 ./HMC5883L/hmc5883l.o
 *fill*         0x0000000000003b6b        0x1 ff
 .rodata.HMC5883L
                0x0000000000003b6c       0x14 ./HMC5883L/hmc5883l.o
 .rodata.fp_display.str1.1
                0x0000000000003b80       0x34 /usr/local/mcuxpressoide-11.6.0_8187/ide/plugins/com.nxp.mcuxpresso.tools.linux_11.6.0.202112161359/tools/bin/../lib/gcc/arm-none-eabi/10.3.1/../../../../arm-none-eabi/lib/thumb/v6-m/nofp/libcr_c.a(fpprintf.o)
                                         0x35 (size before relaxing)
 .rodata._initio.str1.1
                0x0000000000003bb4        0x4 /usr/local/mcuxpressoide-11.6.0_8187/ide/plugins/com.nxp.mcuxpresso.tools.linux_11.6.0.202112161359/tools/bin/../lib/gcc/arm-none-eabi/10.3.1/../../../../arm-none-eabi/lib/thumb/v6-m/nofp/libcr_c.a(initio.o)
 .rodata.__vfprintf.str1.1
                0x0000000000003bb8       0x31 /usr/local/mcuxpressoide-11.6.0_8187/ide/plugins/com.nxp.mcuxpresso.tools.linux_11.6.0.202112161359/tools/bin/../lib/gcc/arm-none-eabi/10.3.1/../../../../arm-none-eabi/lib/thumb/v6-m/nofp/libcr_c.a(printf.o)
                                         0x38 (size before relaxing)
 .rodata._Csys_alloc.str1.1
                0x0000000000003be9       0x18 /usr/local/mcuxpressoide-11.6.0_8187/ide/plugins/com.nxp.mcuxpresso.tools.linux_11.6.0.202112161359/tools/bin/../lib/gcc/arm-none-eabi/10.3.1/../../../../arm-none-eabi/lib/thumb/v6-m/nofp/libcr_c.a(alloc.o)
 *fill*         0x0000000000003c01        0x3 ff
 .rodata.__num_Ciob_streams
                0x0000000000003c04        0x4 /usr/local/mcuxpressoide-11.6.0_8187/ide/plugins/com.nxp.mcuxpresso.tools.linux_11.6.0.202112161359/tools/bin/../lib/gcc/arm-none-eabi/10.3.1/../../../../arm-none-eabi/lib/thumb/v6-m/nofp/libcr_nohost.a(__ciob.o)
                0x0000000000003c04                __num_Ciob_streams
                0x0000000000003c08                . = ALIGN (0x4)

.glue_7         0x0000000000003c08        0x0
 .glue_7        0x0000000000003c08        0x0 linker stubs

.glue_7t        0x0000000000003c08        0x0
 .glue_7t       0x0000000000003c08        0x0 linker stubs

.vfp11_veneer   0x0000000000003c08        0x0
 .vfp11_veneer  0x0000000000003c08        0x0 linker stubs

.v4_bx          0x0000000000003c08        0x0
 .v4_bx         0x0000000000003c08        0x0 linker stubs

.iplt           0x0000000000003c08        0x0
 .iplt          0x0000000000003c08        0x0 ./src/aeabi_romdiv_patch.o

.rel.dyn        0x0000000000003c08        0x0
 .rel.iplt      0x0000000000003c08        0x0 ./src/aeabi_romdiv_patch.o

.ARM.extab
 *(.ARM.extab* .gnu.linkonce.armextab.*)

.ARM.exidx      0x0000000000003c08        0x0
                0x0000000000003c08                __exidx_start = .
 *(.ARM.exidx* .gnu.linkonce.armexidx.*)
                0x0000000000003c08                __exidx_end = .
                0x0000000000003c08                _etext = .

.mtb_buffer_default
                0x0000000010000000      0x100
 *(.mtb*)
 .mtb.$RAM1     0x0000000010000000      0x100 ./src/mtb.o
                0x0000000010000000                __mtb_buffer__

.uninit_RESERVED
                0x0000000010000100        0x0
                0x0000000010000100                _start_uninit_RESERVED = .
 *(.bss.$RESERVED*)
                0x0000000010000100                . = ALIGN (0x4)
                0x0000000010000100                _end_uninit_RESERVED = .

.data           0x0000000010000100        0x4 load address 0x0000000000003c08
 FILL mask 0xff
                0x0000000010000100                _data = .
                [!provide]                        PROVIDE (__start_data_RAM = .)
                [!provide]                        PROVIDE (__start_data_RamLoc16 = .)
 *(vtable)
 *(.ramfunc*)
 *(CodeQuickAccess)
 *(DataQuickAccess)
 *(RamFunction)
 *(.data*)
 .data.segundos
                0x0000000010000100        0x2 ./Drivers/dr_systick.o
                0x0000000010000100                segundos
                0x0000000010000104                . = ALIGN (0x4)
 *fill*         0x0000000010000102        0x2 ff
                0x0000000010000104                _edata = .
                [!provide]                        PROVIDE (__end_data_RAM = .)
                [!provide]                        PROVIDE (__end_data_RamLoc16 = .)

.igot.plt       0x0000000010000104        0x0 load address 0x0000000000003c0c
 .igot.plt      0x0000000010000104        0x0 ./src/aeabi_romdiv_patch.o

.bss            0x0000000010000104      0x3d8
                0x0000000010000104                _bss = .
                [!provide]                        PROVIDE (__start_bss_RAM = .)
                [!provide]                        PROVIDE (__start_bss_RamLoc16 = .)
 *(.bss*)
 .bss.pDivRom_idiv
                0x0000000010000104        0x4 ./src/cr_startup_lpc84x.o
                0x0000000010000104                pDivRom_idiv
 .bss.pDivRom_uidiv
                0x0000000010000108        0x4 ./src/cr_startup_lpc84x.o
                0x0000000010000108                pDivRom_uidiv
 .bss.UART1     0x000000001000010c       0x42 ./UART/uart1.o
                0x000000001000010c                UART1
 *fill*         0x000000001000014e        0x2 
 .bss.Tmr_Run   0x0000000010000150       0x78 ./Timers/timers.o
                0x0000000010000150                Tmr_Run
 .bss.TMR_Events
                0x00000000100001c8       0x1e ./Timers/timers.o
                0x00000000100001c8                TMR_Events
 *fill*         0x00000000100001e6        0x2 
 .bss.TMR_handlers
                0x00000000100001e8       0x78 ./Timers/timers.o
                0x00000000100001e8                TMR_handlers
 .bss.TMR_StandBy
                0x0000000010000260       0x1e ./Timers/timers.o
                0x0000000010000260                TMR_StandBy
 *fill*         0x000000001000027e        0x2 
 .bss.Tmr_Base  0x0000000010000280       0x1e ./Timers/timers.o
                0x0000000010000280                Tmr_Base
 .bss.leerHMC5883L
                0x000000001000029e        0x1 ./Timers/timers.o
                0x000000001000029e                leerHMC5883L
 .bss.sampleDAC
                0x000000001000029f        0x1 ./SCTIMER/sctimer.o
 .bss.demora_i2c
                0x00000000100002a0        0x1 ./I2C/i2c.o
                0x00000000100002a0                demora_i2c
 *fill*         0x00000000100002a1        0x3 
 .bss.data      0x00000000100002a4        0x6 ./HMC5883L/hmc5883l.o
                0x00000000100002a4                data
 .bss.x         0x00000000100002aa        0x2 ./HMC5883L/hmc5883l.o
                0x00000000100002aa                x
 .bss.y         0x00000000100002ac        0x2 ./HMC5883L/hmc5883l.o
                0x00000000100002ac                y
 .bss.z         0x00000000100002ae        0x2 ./HMC5883L/hmc5883l.o
                0x00000000100002ae                z
 .bss.buffer    0x00000000100002b0       0x32 ./HMC5883L/hmc5883l.o
                0x00000000100002b0                buffer
 .bss.estado.0  0x00000000100002e2        0x1 ./HMC5883L/hmc5883l.o
 .bss.flagProcesarPulso
                0x00000000100002e3        0x1 ./CTIMER/ctimer.o
 .bss.pulsos    0x00000000100002e4        0x8 ./CTIMER/ctimer.o
 .bss.i.0       0x00000000100002ec        0x1 ./CTIMER/ctimer.o
 *fill*         0x00000000100002ed        0x3 
 .bss.errno     0x00000000100002f0        0x4 /usr/local/mcuxpressoide-11.6.0_8187/ide/plugins/com.nxp.mcuxpresso.tools.linux_11.6.0.202112161359/tools/bin/../lib/gcc/arm-none-eabi/10.3.1/../../../../arm-none-eabi/lib/thumb/v6-m/nofp/libcr_c.a(errno.o)
                0x00000000100002f0                errno
 .bss.__end_of_heap
                0x00000000100002f4        0x4 /usr/local/mcuxpressoide-11.6.0_8187/ide/plugins/com.nxp.mcuxpresso.tools.linux_11.6.0.202112161359/tools/bin/../lib/gcc/arm-none-eabi/10.3.1/../../../../arm-none-eabi/lib/thumb/v6-m/nofp/libcr_c.a(__init_alloc.o)
                0x00000000100002f4                __end_of_heap
 .bss.__heaps   0x00000000100002f8        0x4 /usr/local/mcuxpressoide-11.6.0_8187/ide/plugins/com.nxp.mcuxpresso.tools.linux_11.6.0.202112161359/tools/bin/../lib/gcc/arm-none-eabi/10.3.1/../../../../arm-none-eabi/lib/thumb/v6-m/nofp/libcr_c.a(__init_alloc.o)
                0x00000000100002f8                __heaps
 .bss.__Ciob    0x00000000100002fc      0x1e0 /usr/local/mcuxpressoide-11.6.0_8187/ide/plugins/com.nxp.mcuxpresso.tools.linux_11.6.0.202112161359/tools/bin/../lib/gcc/arm-none-eabi/10.3.1/../../../../arm-none-eabi/lib/thumb/v6-m/nofp/libcr_nohost.a(__ciob.o)
                0x00000000100002fc                __Ciob
 *(COMMON)
                0x00000000100004dc                . = ALIGN (0x4)
                0x00000000100004dc                _ebss = .
                [!provide]                        PROVIDE (__end_bss_RAM = .)
                [!provide]                        PROVIDE (__end_bss_RamLoc16 = .)
                [!provide]                        PROVIDE (end = .)

.noinit         0x00000000100004dc        0x0
                0x00000000100004dc                _noinit = .
                [!provide]                        PROVIDE (__start_noinit_RAM = .)
                [!provide]                        PROVIDE (__start_noinit_RamLoc16 = .)
 *(.noinit*)
                0x00000000100004dc                . = ALIGN (0x4)
                0x00000000100004dc                _end_noinit = .
                [!provide]                        PROVIDE (__end_noinit_RAM = .)
                [!provide]                        PROVIDE (__end_noinit_RamLoc16 = .)
                0x00000000100004dc                PROVIDE (_pvHeapStart = DEFINED (__user_heap_base)?__user_heap_base:.)
                0x0000000010004000                PROVIDE (_vStackTop = DEFINED (__user_stack_top)?__user_stack_top:(__top_RamLoc16 - 0x0))
                0xffffffffefffbac3                PROVIDE (__valid_user_code_checksum = (0x0 - (((_vStackTop + (ResetISR + 0x1)) + (DEFINED (NMI_Handler)?NMI_Handler:M0_NMI_Handler + 0x1)) + (DEFINED (HardFault_Handler)?HardFault_Handler:M0_HardFault_Handler + 0x1))))
                0x0000000000000000                _image_start = LOADADDR (.text)
                0x0000000000003c0c                _image_end = (LOADADDR (.data) + SIZEOF (.data))
                0x0000000000003c0c                _image_size = (_image_end - _image_start)
OUTPUT(HMC5883L.axf elf32-littlearm)
LOAD linker stubs

.ARM.attributes
                0x0000000000000000       0x28
 .ARM.attributes
                0x0000000000000000       0x1c ./src/aeabi_romdiv_patch.o
 .ARM.attributes
                0x000000000000001c       0x2c ./src/cr_startup_lpc84x.o
 .ARM.attributes
                0x0000000000000048       0x2c ./src/crp.o
 .ARM.attributes
                0x0000000000000074       0x2c ./src/main.o
 .ARM.attributes
                0x00000000000000a0       0x2c ./src/mtb.o
 .ARM.attributes
                0x00000000000000cc       0x2c ./UART/uart1.o
 .ARM.attributes
                0x00000000000000f8       0x2c ./Timers/timers.o
 .ARM.attributes
                0x0000000000000124       0x2c ./SCTIMER/sctimer.o
 .ARM.attributes
                0x0000000000000150       0x2c ./IO/io.o
 .ARM.attributes
                0x000000000000017c       0x2c ./I2C/i2c.o
 .ARM.attributes
                0x00000000000001a8       0x2c ./HMC5883L/hmc5883l.o
 .ARM.attributes
                0x00000000000001d4       0x2c ./GPIO/gpio.o
 .ARM.attributes
                0x0000000000000200       0x2c ./Drivers/Inicializacion.o
 .ARM.attributes
                0x000000000000022c       0x2c ./Drivers/dr_pll.o
 .ARM.attributes
                0x0000000000000258       0x2c ./Drivers/dr_systick.o
 .ARM.attributes
                0x0000000000000284       0x2c ./CTIMER/ctimer.o
 .ARM.attributes
                0x00000000000002b0       0x2c /usr/local/mcuxpressoide-11.6.0_8187/ide/plugins/com.nxp.mcuxpresso.tools.linux_11.6.0.202112161359/tools/bin/../lib/gcc/arm-none-eabi/10.3.1/../../../../arm-none-eabi/lib/thumb/v6-m/nofp/libcr_nohost.a(_cr__main.o)
 .ARM.attributes
                0x00000000000002dc       0x2c /usr/local/mcuxpressoide-11.6.0_8187/ide/plugins/com.nxp.mcuxpresso.tools.linux_11.6.0.202112161359/tools/bin/../lib/gcc/arm-none-eabi/10.3.1/../../../../arm-none-eabi/lib/thumb/v6-m/nofp/libcr_c.a(fpprintf.o)
 .ARM.attributes
                0x0000000000000308       0x2c /usr/local/mcuxpressoide-11.6.0_8187/ide/plugins/com.nxp.mcuxpresso.tools.linux_11.6.0.202112161359/tools/bin/../lib/gcc/arm-none-eabi/10.3.1/../../../../arm-none-eabi/lib/thumb/v6-m/nofp/libcr_c.a(initio.o)
 .ARM.attributes
                0x0000000000000334       0x2c /usr/local/mcuxpressoide-11.6.0_8187/ide/plugins/com.nxp.mcuxpresso.tools.linux_11.6.0.202112161359/tools/bin/../lib/gcc/arm-none-eabi/10.3.1/../../../../arm-none-eabi/lib/thumb/v6-m/nofp/libcr_c.a(printf.o)
 .ARM.attributes
                0x0000000000000360       0x2c /usr/local/mcuxpressoide-11.6.0_8187/ide/plugins/com.nxp.mcuxpresso.tools.linux_11.6.0.202112161359/tools/bin/../lib/gcc/arm-none-eabi/10.3.1/../../../../arm-none-eabi/lib/thumb/v6-m/nofp/libcr_c.a(setvbuf.o)
 .ARM.attributes
                0x000000000000038c       0x2c /usr/local/mcuxpressoide-11.6.0_8187/ide/plugins/com.nxp.mcuxpresso.tools.linux_11.6.0.202112161359/tools/bin/../lib/gcc/arm-none-eabi/10.3.1/../../../../arm-none-eabi/lib/thumb/v6-m/nofp/libcr_c.a(strlen.o)
 .ARM.attributes
                0x00000000000003b8       0x2c /usr/local/mcuxpressoide-11.6.0_8187/ide/plugins/com.nxp.mcuxpresso.tools.linux_11.6.0.202112161359/tools/bin/../lib/gcc/arm-none-eabi/10.3.1/../../../../arm-none-eabi/lib/thumb/v6-m/nofp/libcr_c.a(memset.o)
 .ARM.attributes
                0x00000000000003e4       0x2c /usr/local/mcuxpressoide-11.6.0_8187/ide/plugins/com.nxp.mcuxpresso.tools.linux_11.6.0.202112161359/tools/bin/../lib/gcc/arm-none-eabi/10.3.1/../../../../arm-none-eabi/lib/thumb/v6-m/nofp/libcr_c.a(_deferredlazyseek.o)
 .ARM.attributes
                0x0000000000000410       0x2c /usr/local/mcuxpressoide-11.6.0_8187/ide/plugins/com.nxp.mcuxpresso.tools.linux_11.6.0.202112161359/tools/bin/../lib/gcc/arm-none-eabi/10.3.1/../../../../arm-none-eabi/lib/thumb/v6-m/nofp/libcr_c.a(_fdopen.o)
 .ARM.attributes
                0x000000000000043c       0x2c /usr/local/mcuxpressoide-11.6.0_8187/ide/plugins/com.nxp.mcuxpresso.tools.linux_11.6.0.202112161359/tools/bin/../lib/gcc/arm-none-eabi/10.3.1/../../../../arm-none-eabi/lib/thumb/v6-m/nofp/libcr_c.a(_fflush.o)
 .ARM.attributes
                0x0000000000000468       0x2c /usr/local/mcuxpressoide-11.6.0_8187/ide/plugins/com.nxp.mcuxpresso.tools.linux_11.6.0.202112161359/tools/bin/../lib/gcc/arm-none-eabi/10.3.1/../../../../arm-none-eabi/lib/thumb/v6-m/nofp/libcr_c.a(_frexpl.o)
 .ARM.attributes
                0x0000000000000494       0x2c /usr/local/mcuxpressoide-11.6.0_8187/ide/plugins/com.nxp.mcuxpresso.tools.linux_11.6.0.202112161359/tools/bin/../lib/gcc/arm-none-eabi/10.3.1/../../../../arm-none-eabi/lib/thumb/v6-m/nofp/libcr_c.a(_ldexpl.o)
 .ARM.attributes
                0x00000000000004c0       0x2c /usr/local/mcuxpressoide-11.6.0_8187/ide/plugins/com.nxp.mcuxpresso.tools.linux_11.6.0.202112161359/tools/bin/../lib/gcc/arm-none-eabi/10.3.1/../../../../arm-none-eabi/lib/thumb/v6-m/nofp/libcr_c.a(_writebuf.o)
 .ARM.attributes
                0x00000000000004ec       0x2c /usr/local/mcuxpressoide-11.6.0_8187/ide/plugins/com.nxp.mcuxpresso.tools.linux_11.6.0.202112161359/tools/bin/../lib/gcc/arm-none-eabi/10.3.1/../../../../arm-none-eabi/lib/thumb/v6-m/nofp/libcr_c.a(alloc.o)
 .ARM.attributes
                0x0000000000000518       0x2c /usr/local/mcuxpressoide-11.6.0_8187/ide/plugins/com.nxp.mcuxpresso.tools.linux_11.6.0.202112161359/tools/bin/../lib/gcc/arm-none-eabi/10.3.1/../../../../arm-none-eabi/lib/thumb/v6-m/nofp/libcr_c.a(errno.o)
 .ARM.attributes
                0x0000000000000544       0x2c /usr/local/mcuxpressoide-11.6.0_8187/ide/plugins/com.nxp.mcuxpresso.tools.linux_11.6.0.202112161359/tools/bin/../lib/gcc/arm-none-eabi/10.3.1/../../../../arm-none-eabi/lib/thumb/v6-m/nofp/libcr_c.a(fclose.o)
 .ARM.attributes
                0x0000000000000570       0x2c /usr/local/mcuxpressoide-11.6.0_8187/ide/plugins/com.nxp.mcuxpresso.tools.linux_11.6.0.202112161359/tools/bin/../lib/gcc/arm-none-eabi/10.3.1/../../../../arm-none-eabi/lib/thumb/v6-m/nofp/libcr_c.a(fflush.o)
 .ARM.attributes
                0x000000000000059c       0x2c /usr/local/mcuxpressoide-11.6.0_8187/ide/plugins/com.nxp.mcuxpresso.tools.linux_11.6.0.202112161359/tools/bin/../lib/gcc/arm-none-eabi/10.3.1/../../../../arm-none-eabi/lib/thumb/v6-m/nofp/libcr_c.a(fseek.o)
 .ARM.attributes
                0x00000000000005c8       0x2c /usr/local/mcuxpressoide-11.6.0_8187/ide/plugins/com.nxp.mcuxpresso.tools.linux_11.6.0.202112161359/tools/bin/../lib/gcc/arm-none-eabi/10.3.1/../../../../arm-none-eabi/lib/thumb/v6-m/nofp/libcr_c.a(ftell.o)
 .ARM.attributes
                0x00000000000005f4       0x2c /usr/local/mcuxpressoide-11.6.0_8187/ide/plugins/com.nxp.mcuxpresso.tools.linux_11.6.0.202112161359/tools/bin/../lib/gcc/arm-none-eabi/10.3.1/../../../../arm-none-eabi/lib/thumb/v6-m/nofp/libcr_c.a(remove.o)
 .ARM.attributes
                0x0000000000000620       0x2c /usr/local/mcuxpressoide-11.6.0_8187/ide/plugins/com.nxp.mcuxpresso.tools.linux_11.6.0.202112161359/tools/bin/../lib/gcc/arm-none-eabi/10.3.1/../../../../arm-none-eabi/lib/thumb/v6-m/nofp/libcr_c.a(__init_alloc.o)
 .ARM.attributes
                0x000000000000064c       0x2c /usr/local/mcuxpressoide-11.6.0_8187/ide/plugins/com.nxp.mcuxpresso.tools.linux_11.6.0.202112161359/tools/bin/../lib/gcc/arm-none-eabi/10.3.1/../../../../arm-none-eabi/lib/thumb/v6-m/nofp/libcr_c.a(_cr_sbrk.o)
 .ARM.attributes
                0x0000000000000678       0x2c /usr/local/mcuxpressoide-11.6.0_8187/ide/plugins/com.nxp.mcuxpresso.tools.linux_11.6.0.202112161359/tools/bin/../lib/gcc/arm-none-eabi/10.3.1/../../../../arm-none-eabi/lib/thumb/v6-m/nofp/libcr_c.a(_do_fflush.o)
 .ARM.attributes
                0x00000000000006a4       0x2c /usr/local/mcuxpressoide-11.6.0_8187/ide/plugins/com.nxp.mcuxpresso.tools.linux_11.6.0.202112161359/tools/bin/../lib/gcc/arm-none-eabi/10.3.1/../../../../arm-none-eabi/lib/thumb/v6-m/nofp/libcr_c.a(_cr_check_heap.o)
 .ARM.attributes
                0x00000000000006d0       0x2c /usr/local/mcuxpressoide-11.6.0_8187/ide/plugins/com.nxp.mcuxpresso.tools.linux_11.6.0.202112161359/tools/bin/../lib/gcc/arm-none-eabi/10.3.1/thumb/v6-m/nofp/libcr_eabihelpers.a(double.o)
 .ARM.attributes
                0x00000000000006fc       0x1c /usr/local/mcuxpressoide-11.6.0_8187/ide/plugins/com.nxp.mcuxpresso.tools.linux_11.6.0.202112161359/tools/bin/../lib/gcc/arm-none-eabi/10.3.1/thumb/v6-m/nofp/libcr_eabihelpers.a(llong.o)
 .ARM.attributes
                0x0000000000000718       0x1c /usr/local/mcuxpressoide-11.6.0_8187/ide/plugins/com.nxp.mcuxpresso.tools.linux_11.6.0.202112161359/tools/bin/../lib/gcc/arm-none-eabi/10.3.1/thumb/v6-m/nofp/libcr_eabihelpers.a(memcpy.o)
 .ARM.attributes
                0x0000000000000734       0x1c /usr/local/mcuxpressoide-11.6.0_8187/ide/plugins/com.nxp.mcuxpresso.tools.linux_11.6.0.202112161359/tools/bin/../lib/gcc/arm-none-eabi/10.3.1/thumb/v6-m/nofp/libcr_eabihelpers.a(thumb1_switch_helpers.o)
 .ARM.attributes
                0x0000000000000750       0x2c /usr/local/mcuxpressoide-11.6.0_8187/ide/plugins/com.nxp.mcuxpresso.tools.linux_11.6.0.202112161359/tools/bin/../lib/gcc/arm-none-eabi/10.3.1/../../../../arm-none-eabi/lib/thumb/v6-m/nofp/libcr_nohost.a(__ciob.o)
 .ARM.attributes
                0x000000000000077c       0x2c /usr/local/mcuxpressoide-11.6.0_8187/ide/plugins/com.nxp.mcuxpresso.tools.linux_11.6.0.202112161359/tools/bin/../lib/gcc/arm-none-eabi/10.3.1/../../../../arm-none-eabi/lib/thumb/v6-m/nofp/libcr_nohost.a(__sys_appexit.o)
 .ARM.attributes
                0x00000000000007a8       0x2c /usr/local/mcuxpressoide-11.6.0_8187/ide/plugins/com.nxp.mcuxpresso.tools.linux_11.6.0.202112161359/tools/bin/../lib/gcc/arm-none-eabi/10.3.1/../../../../arm-none-eabi/lib/thumb/v6-m/nofp/libcr_nohost.a(__sys_close.o)
 .ARM.attributes
                0x00000000000007d4       0x2c /usr/local/mcuxpressoide-11.6.0_8187/ide/plugins/com.nxp.mcuxpresso.tools.linux_11.6.0.202112161359/tools/bin/../lib/gcc/arm-none-eabi/10.3.1/../../../../arm-none-eabi/lib/thumb/v6-m/nofp/libcr_nohost.a(__sys_flen.o)
 .ARM.attributes
                0x0000000000000800       0x2c /usr/local/mcuxpressoide-11.6.0_8187/ide/plugins/com.nxp.mcuxpresso.tools.linux_11.6.0.202112161359/tools/bin/../lib/gcc/arm-none-eabi/10.3.1/../../../../arm-none-eabi/lib/thumb/v6-m/nofp/libcr_nohost.a(__sys_istty.o)
 .ARM.attributes
                0x000000000000082c       0x2c /usr/local/mcuxpressoide-11.6.0_8187/ide/plugins/com.nxp.mcuxpresso.tools.linux_11.6.0.202112161359/tools/bin/../lib/gcc/arm-none-eabi/10.3.1/../../../../arm-none-eabi/lib/thumb/v6-m/nofp/libcr_nohost.a(__sys_remove.o)
 .ARM.attributes
                0x0000000000000858       0x2c /usr/local/mcuxpressoide-11.6.0_8187/ide/plugins/com.nxp.mcuxpresso.tools.linux_11.6.0.202112161359/tools/bin/../lib/gcc/arm-none-eabi/10.3.1/../../../../arm-none-eabi/lib/thumb/v6-m/nofp/libcr_nohost.a(__sys_seek.o)
 .ARM.attributes
                0x0000000000000884       0x2c /usr/local/mcuxpressoide-11.6.0_8187/ide/plugins/com.nxp.mcuxpresso.tools.linux_11.6.0.202112161359/tools/bin/../lib/gcc/arm-none-eabi/10.3.1/../../../../arm-none-eabi/lib/thumb/v6-m/nofp/libcr_nohost.a(__sys_tmpnam.o)
 .ARM.attributes
                0x00000000000008b0       0x2c /usr/local/mcuxpressoide-11.6.0_8187/ide/plugins/com.nxp.mcuxpresso.tools.linux_11.6.0.202112161359/tools/bin/../lib/gcc/arm-none-eabi/10.3.1/../../../../arm-none-eabi/lib/thumb/v6-m/nofp/libcr_nohost.a(__sys_write.o)

.comment        0x0000000000000000       0x49
 .comment       0x0000000000000000       0x49 ./src/cr_startup_lpc84x.o
                                         0x4a (size before relaxing)
 .comment       0x0000000000000049       0x4a ./src/crp.o
 .comment       0x0000000000000049       0x4a ./src/main.o
 .comment       0x0000000000000049       0x4a ./src/mtb.o
 .comment       0x0000000000000049       0x4a ./UART/uart1.o
 .comment       0x0000000000000049       0x4a ./Timers/timers.o
 .comment       0x0000000000000049       0x4a ./SCTIMER/sctimer.o
 .comment       0x0000000000000049       0x4a ./IO/io.o
 .comment       0x0000000000000049       0x4a ./I2C/i2c.o
 .comment       0x0000000000000049       0x4a ./HMC5883L/hmc5883l.o
 .comment       0x0000000000000049       0x4a ./GPIO/gpio.o
 .comment       0x0000000000000049       0x4a ./Drivers/Inicializacion.o
 .comment       0x0000000000000049       0x4a ./Drivers/dr_pll.o
 .comment       0x0000000000000049       0x4a ./Drivers/dr_systick.o
 .comment       0x0000000000000049       0x4a ./CTIMER/ctimer.o
 .comment       0x0000000000000049       0x4a /usr/local/mcuxpressoide-11.6.0_8187/ide/plugins/com.nxp.mcuxpresso.tools.linux_11.6.0.202112161359/tools/bin/../lib/gcc/arm-none-eabi/10.3.1/../../../../arm-none-eabi/lib/thumb/v6-m/nofp/libcr_nohost.a(_cr__main.o)
 .comment       0x0000000000000049       0x4a /usr/local/mcuxpressoide-11.6.0_8187/ide/plugins/com.nxp.mcuxpresso.tools.linux_11.6.0.202112161359/tools/bin/../lib/gcc/arm-none-eabi/10.3.1/../../../../arm-none-eabi/lib/thumb/v6-m/nofp/libcr_c.a(fpprintf.o)
 .comment       0x0000000000000049       0x4a /usr/local/mcuxpressoide-11.6.0_8187/ide/plugins/com.nxp.mcuxpresso.tools.linux_11.6.0.202112161359/tools/bin/../lib/gcc/arm-none-eabi/10.3.1/../../../../arm-none-eabi/lib/thumb/v6-m/nofp/libcr_c.a(initio.o)
 .comment       0x0000000000000049       0x4a /usr/local/mcuxpressoide-11.6.0_8187/ide/plugins/com.nxp.mcuxpresso.tools.linux_11.6.0.202112161359/tools/bin/../lib/gcc/arm-none-eabi/10.3.1/../../../../arm-none-eabi/lib/thumb/v6-m/nofp/libcr_c.a(printf.o)
 .comment       0x0000000000000049       0x4a /usr/local/mcuxpressoide-11.6.0_8187/ide/plugins/com.nxp.mcuxpresso.tools.linux_11.6.0.202112161359/tools/bin/../lib/gcc/arm-none-eabi/10.3.1/../../../../arm-none-eabi/lib/thumb/v6-m/nofp/libcr_c.a(setvbuf.o)
 .comment       0x0000000000000049       0x4a /usr/local/mcuxpressoide-11.6.0_8187/ide/plugins/com.nxp.mcuxpresso.tools.linux_11.6.0.202112161359/tools/bin/../lib/gcc/arm-none-eabi/10.3.1/../../../../arm-none-eabi/lib/thumb/v6-m/nofp/libcr_c.a(strlen.o)
 .comment       0x0000000000000049       0x4a /usr/local/mcuxpressoide-11.6.0_8187/ide/plugins/com.nxp.mcuxpresso.tools.linux_11.6.0.202112161359/tools/bin/../lib/gcc/arm-none-eabi/10.3.1/../../../../arm-none-eabi/lib/thumb/v6-m/nofp/libcr_c.a(memset.o)
 .comment       0x0000000000000049       0x4a /usr/local/mcuxpressoide-11.6.0_8187/ide/plugins/com.nxp.mcuxpresso.tools.linux_11.6.0.202112161359/tools/bin/../lib/gcc/arm-none-eabi/10.3.1/../../../../arm-none-eabi/lib/thumb/v6-m/nofp/libcr_c.a(_deferredlazyseek.o)
 .comment       0x0000000000000049       0x4a /usr/local/mcuxpressoide-11.6.0_8187/ide/plugins/com.nxp.mcuxpresso.tools.linux_11.6.0.202112161359/tools/bin/../lib/gcc/arm-none-eabi/10.3.1/../../../../arm-none-eabi/lib/thumb/v6-m/nofp/libcr_c.a(_fdopen.o)
 .comment       0x0000000000000049       0x4a /usr/local/mcuxpressoide-11.6.0_8187/ide/plugins/com.nxp.mcuxpresso.tools.linux_11.6.0.202112161359/tools/bin/../lib/gcc/arm-none-eabi/10.3.1/../../../../arm-none-eabi/lib/thumb/v6-m/nofp/libcr_c.a(_fflush.o)
 .comment       0x0000000000000049       0x4a /usr/local/mcuxpressoide-11.6.0_8187/ide/plugins/com.nxp.mcuxpresso.tools.linux_11.6.0.202112161359/tools/bin/../lib/gcc/arm-none-eabi/10.3.1/../../../../arm-none-eabi/lib/thumb/v6-m/nofp/libcr_c.a(_frexpl.o)
 .comment       0x0000000000000049       0x4a /usr/local/mcuxpressoide-11.6.0_8187/ide/plugins/com.nxp.mcuxpresso.tools.linux_11.6.0.202112161359/tools/bin/../lib/gcc/arm-none-eabi/10.3.1/../../../../arm-none-eabi/lib/thumb/v6-m/nofp/libcr_c.a(_ldexpl.o)
 .comment       0x0000000000000049       0x4a /usr/local/mcuxpressoide-11.6.0_8187/ide/plugins/com.nxp.mcuxpresso.tools.linux_11.6.0.202112161359/tools/bin/../lib/gcc/arm-none-eabi/10.3.1/../../../../arm-none-eabi/lib/thumb/v6-m/nofp/libcr_c.a(_writebuf.o)
 .comment       0x0000000000000049       0x4a /usr/local/mcuxpressoide-11.6.0_8187/ide/plugins/com.nxp.mcuxpresso.tools.linux_11.6.0.202112161359/tools/bin/../lib/gcc/arm-none-eabi/10.3.1/../../../../arm-none-eabi/lib/thumb/v6-m/nofp/libcr_c.a(alloc.o)
 .comment       0x0000000000000049       0x4a /usr/local/mcuxpressoide-11.6.0_8187/ide/plugins/com.nxp.mcuxpresso.tools.linux_11.6.0.202112161359/tools/bin/../lib/gcc/arm-none-eabi/10.3.1/../../../../arm-none-eabi/lib/thumb/v6-m/nofp/libcr_c.a(errno.o)
 .comment       0x0000000000000049       0x4a /usr/local/mcuxpressoide-11.6.0_8187/ide/plugins/com.nxp.mcuxpresso.tools.linux_11.6.0.202112161359/tools/bin/../lib/gcc/arm-none-eabi/10.3.1/../../../../arm-none-eabi/lib/thumb/v6-m/nofp/libcr_c.a(fclose.o)
 .comment       0x0000000000000049       0x4a /usr/local/mcuxpressoide-11.6.0_8187/ide/plugins/com.nxp.mcuxpresso.tools.linux_11.6.0.202112161359/tools/bin/../lib/gcc/arm-none-eabi/10.3.1/../../../../arm-none-eabi/lib/thumb/v6-m/nofp/libcr_c.a(fflush.o)
 .comment       0x0000000000000049       0x4a /usr/local/mcuxpressoide-11.6.0_8187/ide/plugins/com.nxp.mcuxpresso.tools.linux_11.6.0.202112161359/tools/bin/../lib/gcc/arm-none-eabi/10.3.1/../../../../arm-none-eabi/lib/thumb/v6-m/nofp/libcr_c.a(fseek.o)
 .comment       0x0000000000000049       0x4a /usr/local/mcuxpressoide-11.6.0_8187/ide/plugins/com.nxp.mcuxpresso.tools.linux_11.6.0.202112161359/tools/bin/../lib/gcc/arm-none-eabi/10.3.1/../../../../arm-none-eabi/lib/thumb/v6-m/nofp/libcr_c.a(ftell.o)
 .comment       0x0000000000000049       0x4a /usr/local/mcuxpressoide-11.6.0_8187/ide/plugins/com.nxp.mcuxpresso.tools.linux_11.6.0.202112161359/tools/bin/../lib/gcc/arm-none-eabi/10.3.1/../../../../arm-none-eabi/lib/thumb/v6-m/nofp/libcr_c.a(remove.o)
 .comment       0x0000000000000049       0x4a /usr/local/mcuxpressoide-11.6.0_8187/ide/plugins/com.nxp.mcuxpresso.tools.linux_11.6.0.202112161359/tools/bin/../lib/gcc/arm-none-eabi/10.3.1/../../../../arm-none-eabi/lib/thumb/v6-m/nofp/libcr_c.a(__init_alloc.o)
 .comment       0x0000000000000049       0x4a /usr/local/mcuxpressoide-11.6.0_8187/ide/plugins/com.nxp.mcuxpresso.tools.linux_11.6.0.202112161359/tools/bin/../lib/gcc/arm-none-eabi/10.3.1/../../../../arm-none-eabi/lib/thumb/v6-m/nofp/libcr_c.a(_cr_sbrk.o)
 .comment       0x0000000000000049       0x4a /usr/local/mcuxpressoide-11.6.0_8187/ide/plugins/com.nxp.mcuxpresso.tools.linux_11.6.0.202112161359/tools/bin/../lib/gcc/arm-none-eabi/10.3.1/../../../../arm-none-eabi/lib/thumb/v6-m/nofp/libcr_c.a(_do_fflush.o)
 .comment       0x0000000000000049       0x4a /usr/local/mcuxpressoide-11.6.0_8187/ide/plugins/com.nxp.mcuxpresso.tools.linux_11.6.0.202112161359/tools/bin/../lib/gcc/arm-none-eabi/10.3.1/../../../../arm-none-eabi/lib/thumb/v6-m/nofp/libcr_c.a(_cr_check_heap.o)
 .comment       0x0000000000000049       0x4a /usr/local/mcuxpressoide-11.6.0_8187/ide/plugins/com.nxp.mcuxpresso.tools.linux_11.6.0.202112161359/tools/bin/../lib/gcc/arm-none-eabi/10.3.1/thumb/v6-m/nofp/libcr_eabihelpers.a(double.o)
 .comment       0x0000000000000049       0x4a /usr/local/mcuxpressoide-11.6.0_8187/ide/plugins/com.nxp.mcuxpresso.tools.linux_11.6.0.202112161359/tools/bin/../lib/gcc/arm-none-eabi/10.3.1/../../../../arm-none-eabi/lib/thumb/v6-m/nofp/libcr_nohost.a(__ciob.o)
 .comment       0x0000000000000049       0x4a /usr/local/mcuxpressoide-11.6.0_8187/ide/plugins/com.nxp.mcuxpresso.tools.linux_11.6.0.202112161359/tools/bin/../lib/gcc/arm-none-eabi/10.3.1/../../../../arm-none-eabi/lib/thumb/v6-m/nofp/libcr_nohost.a(__sys_appexit.o)
 .comment       0x0000000000000049       0x4a /usr/local/mcuxpressoide-11.6.0_8187/ide/plugins/com.nxp.mcuxpresso.tools.linux_11.6.0.202112161359/tools/bin/../lib/gcc/arm-none-eabi/10.3.1/../../../../arm-none-eabi/lib/thumb/v6-m/nofp/libcr_nohost.a(__sys_close.o)
 .comment       0x0000000000000049       0x4a /usr/local/mcuxpressoide-11.6.0_8187/ide/plugins/com.nxp.mcuxpresso.tools.linux_11.6.0.202112161359/tools/bin/../lib/gcc/arm-none-eabi/10.3.1/../../../../arm-none-eabi/lib/thumb/v6-m/nofp/libcr_nohost.a(__sys_flen.o)
 .comment       0x0000000000000049       0x4a /usr/local/mcuxpressoide-11.6.0_8187/ide/plugins/com.nxp.mcuxpresso.tools.linux_11.6.0.202112161359/tools/bin/../lib/gcc/arm-none-eabi/10.3.1/../../../../arm-none-eabi/lib/thumb/v6-m/nofp/libcr_nohost.a(__sys_istty.o)
 .comment       0x0000000000000049       0x4a /usr/local/mcuxpressoide-11.6.0_8187/ide/plugins/com.nxp.mcuxpresso.tools.linux_11.6.0.202112161359/tools/bin/../lib/gcc/arm-none-eabi/10.3.1/../../../../arm-none-eabi/lib/thumb/v6-m/nofp/libcr_nohost.a(__sys_remove.o)
 .comment       0x0000000000000049       0x4a /usr/local/mcuxpressoide-11.6.0_8187/ide/plugins/com.nxp.mcuxpresso.tools.linux_11.6.0.202112161359/tools/bin/../lib/gcc/arm-none-eabi/10.3.1/../../../../arm-none-eabi/lib/thumb/v6-m/nofp/libcr_nohost.a(__sys_seek.o)
 .comment       0x0000000000000049       0x4a /usr/local/mcuxpressoide-11.6.0_8187/ide/plugins/com.nxp.mcuxpresso.tools.linux_11.6.0.202112161359/tools/bin/../lib/gcc/arm-none-eabi/10.3.1/../../../../arm-none-eabi/lib/thumb/v6-m/nofp/libcr_nohost.a(__sys_tmpnam.o)
 .comment       0x0000000000000049       0x4a /usr/local/mcuxpressoide-11.6.0_8187/ide/plugins/com.nxp.mcuxpresso.tools.linux_11.6.0.202112161359/tools/bin/../lib/gcc/arm-none-eabi/10.3.1/../../../../arm-none-eabi/lib/thumb/v6-m/nofp/libcr_nohost.a(__sys_write.o)

.debug_line     0x0000000000000000     0x3ace
 .debug_line    0x0000000000000000       0x65 ./src/aeabi_romdiv_patch.o
 .debug_line    0x0000000000000065      0x14d ./src/cr_startup_lpc84x.o
 .debug_line    0x00000000000001b2       0xb5 ./src/crp.o
 .debug_line    0x0000000000000267      0x659 ./src/main.o
 .debug_line    0x00000000000008c0       0xd2 ./src/mtb.o
 .debug_line    0x0000000000000992      0x680 ./UART/uart1.o
 .debug_line    0x0000000000001012      0x50b ./Timers/timers.o
 .debug_line    0x000000000000151d      0x322 ./SCTIMER/sctimer.o
 .debug_line    0x000000000000183f      0x34a ./IO/io.o
 .debug_line    0x0000000000001b89      0x334 ./I2C/i2c.o
 .debug_line    0x0000000000001ebd      0x464 ./HMC5883L/hmc5883l.o
 .debug_line    0x0000000000002321      0x38a ./GPIO/gpio.o
 .debug_line    0x00000000000026ab      0x662 ./Drivers/Inicializacion.o
 .debug_line    0x0000000000002d0d      0x229 ./Drivers/dr_pll.o
 .debug_line    0x0000000000002f36      0x3e8 ./Drivers/dr_systick.o
 .debug_line    0x000000000000331e      0x7b0 ./CTIMER/ctimer.o

.debug_info     0x0000000000000000     0x4319
 .debug_info    0x0000000000000000       0x22 ./src/aeabi_romdiv_patch.o
 .debug_info    0x0000000000000022      0x262 ./src/cr_startup_lpc84x.o
 .debug_info    0x0000000000000284       0x40 ./src/crp.o
 .debug_info    0x00000000000002c4       0x8d ./src/main.o
 .debug_info    0x0000000000000351       0x54 ./src/mtb.o
 .debug_info    0x00000000000003a5      0xdf5 ./UART/uart1.o
 .debug_info    0x000000000000119a      0x390 ./Timers/timers.o
 .debug_info    0x000000000000152a      0x9c2 ./SCTIMER/sctimer.o
 .debug_info    0x0000000000001eec      0x27c ./IO/io.o
 .debug_info    0x0000000000002168      0x44a ./I2C/i2c.o
 .debug_info    0x00000000000025b2      0x14e ./HMC5883L/hmc5883l.o
 .debug_info    0x0000000000002700      0xb01 ./GPIO/gpio.o
 .debug_info    0x0000000000003201       0x89 ./Drivers/Inicializacion.o
 .debug_info    0x000000000000328a      0x57e ./Drivers/dr_pll.o
 .debug_info    0x0000000000003808      0x15b ./Drivers/dr_systick.o
 .debug_info    0x0000000000003963      0x9b6 ./CTIMER/ctimer.o

.debug_abbrev   0x0000000000000000     0x1077
 .debug_abbrev  0x0000000000000000       0x12 ./src/aeabi_romdiv_patch.o
 .debug_abbrev  0x0000000000000012      0x135 ./src/cr_startup_lpc84x.o
 .debug_abbrev  0x0000000000000147       0x38 ./src/crp.o
 .debug_abbrev  0x000000000000017f       0x49 ./src/main.o
 .debug_abbrev  0x00000000000001c8       0x46 ./src/mtb.o
 .debug_abbrev  0x000000000000020e      0x23a ./UART/uart1.o
 .debug_abbrev  0x0000000000000448      0x173 ./Timers/timers.o
 .debug_abbrev  0x00000000000005bb      0x1a7 ./SCTIMER/sctimer.o
 .debug_abbrev  0x0000000000000762      0x113 ./IO/io.o
 .debug_abbrev  0x0000000000000875      0x1ad ./I2C/i2c.o
 .debug_abbrev  0x0000000000000a22       0xb9 ./HMC5883L/hmc5883l.o
 .debug_abbrev  0x0000000000000adb      0x1d0 ./GPIO/gpio.o
 .debug_abbrev  0x0000000000000cab       0x47 ./Drivers/Inicializacion.o
 .debug_abbrev  0x0000000000000cf2       0xdf ./Drivers/dr_pll.o
 .debug_abbrev  0x0000000000000dd1      0x10a ./Drivers/dr_systick.o
 .debug_abbrev  0x0000000000000edb      0x19c ./CTIMER/ctimer.o

.debug_aranges  0x0000000000000000      0x400
 .debug_aranges
                0x0000000000000000       0x28 ./src/aeabi_romdiv_patch.o
 .debug_aranges
                0x0000000000000028       0x60 ./src/cr_startup_lpc84x.o
 .debug_aranges
                0x0000000000000088       0x18 ./src/crp.o
 .debug_aranges
                0x00000000000000a0       0x20 ./src/main.o
 .debug_aranges
                0x00000000000000c0       0x18 ./src/mtb.o
 .debug_aranges
                0x00000000000000d8       0x68 ./UART/uart1.o
 .debug_aranges
                0x0000000000000140       0x80 ./Timers/timers.o
 .debug_aranges
                0x00000000000001c0       0x50 ./SCTIMER/sctimer.o
 .debug_aranges
                0x0000000000000210       0x30 ./IO/io.o
 .debug_aranges
                0x0000000000000240       0xb0 ./I2C/i2c.o
 .debug_aranges
                0x00000000000002f0       0x20 ./HMC5883L/hmc5883l.o
 .debug_aranges
                0x0000000000000310       0x40 ./GPIO/gpio.o
 .debug_aranges
                0x0000000000000350       0x20 ./Drivers/Inicializacion.o
 .debug_aranges
                0x0000000000000370       0x20 ./Drivers/dr_pll.o
 .debug_aranges
                0x0000000000000390       0x28 ./Drivers/dr_systick.o
 .debug_aranges
                0x00000000000003b8       0x48 ./CTIMER/ctimer.o

.debug_str      0x0000000000000000    0x343c8
 .debug_str     0x0000000000000000       0x72 ./src/aeabi_romdiv_patch.o
 .debug_str     0x0000000000000072     0x2dd4 ./src/cr_startup_lpc84x.o
                                       0x2e2f (size before relaxing)
 .debug_str     0x0000000000002e46       0xe9 ./src/crp.o
                                       0x2d44 (size before relaxing)
 .debug_str     0x0000000000002f2f    0x30414 ./src/main.o
                                      0x3310a (size before relaxing)
 .debug_str     0x0000000000033343       0xd0 ./src/mtb.o
                                       0x3179 (size before relaxing)
 .debug_str     0x0000000000033413      0x87d ./UART/uart1.o
                                      0x32f52 (size before relaxing)
 .debug_str     0x0000000000033c90      0x136 ./Timers/timers.o
                                      0x328bb (size before relaxing)
 .debug_str     0x0000000000033dc6      0x167 ./SCTIMER/sctimer.o
                                      0x32b00 (size before relaxing)
 .debug_str     0x0000000000033f2d       0x4a ./IO/io.o
                                      0x32925 (size before relaxing)
 .debug_str     0x0000000000033f77      0x180 ./I2C/i2c.o
                                       0x304c (size before relaxing)
 .debug_str     0x00000000000340f7       0x2a ./HMC5883L/hmc5883l.o
                                      0x32a27 (size before relaxing)
 .debug_str     0x0000000000034121      0x142 ./GPIO/gpio.o
                                      0x32c0e (size before relaxing)
 .debug_str     0x0000000000034263       0x28 ./Drivers/Inicializacion.o
                                      0x3311f (size before relaxing)
 .debug_str     0x000000000003428b       0x24 ./Drivers/dr_pll.o
                                      0x327a9 (size before relaxing)
 .debug_str     0x00000000000342af       0x6b ./Drivers/dr_systick.o
                                      0x3284e (size before relaxing)
 .debug_str     0x000000000003431a       0xae ./CTIMER/ctimer.o
                                      0x335dc (size before relaxing)

.debug_ranges   0x0000000000000000      0x2f8
 .debug_ranges  0x0000000000000000       0x20 ./src/aeabi_romdiv_patch.o
 .debug_ranges  0x0000000000000020       0x50 ./src/cr_startup_lpc84x.o
 .debug_ranges  0x0000000000000070       0x10 ./src/main.o
 .debug_ranges  0x0000000000000080       0x58 ./UART/uart1.o
 .debug_ranges  0x00000000000000d8       0x70 ./Timers/timers.o
 .debug_ranges  0x0000000000000148       0x40 ./SCTIMER/sctimer.o
 .debug_ranges  0x0000000000000188       0x20 ./IO/io.o
 .debug_ranges  0x00000000000001a8       0xa0 ./I2C/i2c.o
 .debug_ranges  0x0000000000000248       0x10 ./HMC5883L/hmc5883l.o
 .debug_ranges  0x0000000000000258       0x30 ./GPIO/gpio.o
 .debug_ranges  0x0000000000000288       0x10 ./Drivers/Inicializacion.o
 .debug_ranges  0x0000000000000298       0x10 ./Drivers/dr_pll.o
 .debug_ranges  0x00000000000002a8       0x18 ./Drivers/dr_systick.o
 .debug_ranges  0x00000000000002c0       0x38 ./CTIMER/ctimer.o

.debug_macro    0x0000000000000000     0x79b0
 .debug_macro   0x0000000000000000       0x23 ./src/cr_startup_lpc84x.o
 .debug_macro   0x0000000000000023      0xa6c ./src/cr_startup_lpc84x.o
 .debug_macro   0x0000000000000a8f       0x1a ./src/crp.o
 .debug_macro   0x0000000000000aa9       0x34 ./src/crp.o
 .debug_macro   0x0000000000000add      0x17c ./src/main.o
 .debug_macro   0x0000000000000c59       0x10 ./src/main.o
 .debug_macro   0x0000000000000c69      0x12e ./src/main.o
 .debug_macro   0x0000000000000d97       0xa0 ./src/main.o
 .debug_macro   0x0000000000000e37       0x82 ./src/main.o
 .debug_macro   0x0000000000000eb9       0x16 ./src/main.o
 .debug_macro   0x0000000000000ecf       0x3f ./src/main.o
 .debug_macro   0x0000000000000f0e      0x5b3 ./src/main.o
 .debug_macro   0x00000000000014c1      0x3a1 ./src/main.o
 .debug_macro   0x0000000000001862     0x55c4 ./src/main.o
 .debug_macro   0x0000000000006e26       0x6a ./src/main.o
 .debug_macro   0x0000000000006e90       0x2e ./src/main.o
 .debug_macro   0x0000000000006ebe       0x3a ./src/main.o
 .debug_macro   0x0000000000006ef8       0x3a ./src/main.o
 .debug_macro   0x0000000000006f32       0x2e ./src/main.o
 .debug_macro   0x0000000000006f60       0x16 ./src/main.o
 .debug_macro   0x0000000000006f76       0x3a ./src/main.o
 .debug_macro   0x0000000000006fb0       0x1c ./src/main.o
 .debug_macro   0x0000000000006fcc       0x10 ./src/main.o
 .debug_macro   0x0000000000006fdc       0x2e ./src/main.o
 .debug_macro   0x000000000000700a       0x29 ./src/mtb.o
 .debug_macro   0x0000000000007033       0x10 ./src/mtb.o
 .debug_macro   0x0000000000007043       0xba ./UART/uart1.o
 .debug_macro   0x00000000000070fd       0xba ./Timers/timers.o
 .debug_macro   0x00000000000071b7       0x81 ./SCTIMER/sctimer.o
 .debug_macro   0x0000000000007238       0x16 ./SCTIMER/sctimer.o
 .debug_macro   0x000000000000724e       0x99 ./IO/io.o
 .debug_macro   0x00000000000072e7       0x41 ./I2C/i2c.o
 .debug_macro   0x0000000000007328       0xfd ./HMC5883L/hmc5883l.o
 .debug_macro   0x0000000000007425       0x9a ./HMC5883L/hmc5883l.o
 .debug_macro   0x00000000000074bf       0x8e ./GPIO/gpio.o
 .debug_macro   0x000000000000754d       0x1c ./GPIO/gpio.o
 .debug_macro   0x0000000000007569      0x17c ./Drivers/Inicializacion.o
 .debug_macro   0x00000000000076e5       0x64 ./Drivers/dr_pll.o
 .debug_macro   0x0000000000007749       0xeb ./Drivers/dr_systick.o
 .debug_macro   0x0000000000007834      0x17c ./CTIMER/ctimer.o

.debug_frame    0x0000000000000000      0xa1c
 .debug_frame   0x0000000000000000      0x118 ./src/cr_startup_lpc84x.o
 .debug_frame   0x0000000000000118       0x2c ./src/main.o
 .debug_frame   0x0000000000000144      0x150 ./UART/uart1.o
 .debug_frame   0x0000000000000294      0x1a0 ./Timers/timers.o
 .debug_frame   0x0000000000000434       0xe0 ./SCTIMER/sctimer.o
 .debug_frame   0x0000000000000514       0x6c ./IO/io.o
 .debug_frame   0x0000000000000580      0x25c ./I2C/i2c.o
 .debug_frame   0x00000000000007dc       0x30 ./HMC5883L/hmc5883l.o
 .debug_frame   0x000000000000080c       0xac ./GPIO/gpio.o
 .debug_frame   0x00000000000008b8       0x2c ./Drivers/Inicializacion.o
 .debug_frame   0x00000000000008e4       0x2c ./Drivers/dr_pll.o
 .debug_frame   0x0000000000000910       0x4c ./Drivers/dr_systick.o
 .debug_frame   0x000000000000095c       0xc0 ./CTIMER/ctimer.o

Cross Reference Table

Symbol                                            File
ADC_OVR_IRQHandler                                ./src/cr_startup_lpc84x.o
ADC_SEQA_IRQHandler                               ./src/cr_startup_lpc84x.o
ADC_SEQB_IRQHandler                               ./src/cr_startup_lpc84x.o
ADC_THCMP_IRQHandler                              ./src/cr_startup_lpc84x.o
AnalizarTimers                                    ./Timers/timers.o
                                                  ./Drivers/dr_systick.o
AnalizarTramaUart1                                ./UART/uart1.o
BOD_IRQHandler                                    ./src/cr_startup_lpc84x.o
Borrar_Memoria                                    ./I2C/i2c.o
BufferEntradas                                    ./IO/io.o
BufferTeclado                                     ./Teclado/teclado.o
CMP_IRQHandler                                    ./src/cr_startup_lpc84x.o
CRP_WORD                                          ./src/crp.o
CTIMER0_IRQHandler                                ./CTIMER/ctimer.o
                                                  ./src/cr_startup_lpc84x.o
CodigoAnterior                                    ./Teclado/teclado.o
ConfigMatch                                       ./CTIMER/ctimer.o
DAC0_IRQHandler                                   ./src/cr_startup_lpc84x.o
DAC_GetFlagSampleReady                            ./SCTIMER/sctimer.o
DAC_GetMatch0Value                                ./SCTIMER/sctimer.o
DAC_SetFlagSample                                 ./SCTIMER/sctimer.o
DAC_SetMatch0Value                                ./SCTIMER/sctimer.o
DMA_IRQHandler                                    ./src/cr_startup_lpc84x.o
Debounce                                          ./IO/io.o
Display_LCD                                       ./LCD/lcd.o
EV_DAC                                            ./Timers/timers.o
Entradas                                          ./IO/io.o
EstadosEstables                                   ./Teclado/teclado.o
FAIM_IRQHandler                                   ./src/cr_startup_lpc84x.o
FLASH_IRQHandler                                  ./src/cr_startup_lpc84x.o
GPIO_Dir                                          ./GPIO/gpio.o
                                                  ./I2C/i2c.o
                                                  ./LCD/lcd.o
                                                  ./Teclado/teclado.o
                                                  ./UART/uart1.o
GPIO_Read                                         ./GPIO/gpio.o
                                                  ./I2C/i2c.o
                                                  ./IO/io.o
                                                  ./Teclado/teclado.o
GPIO_Set                                          ./GPIO/gpio.o
                                                  ./CTIMER/ctimer.o
                                                  ./I2C/i2c.o
                                                  ./LCD/lcd.o
                                                  ./Teclado/teclado.o
                                                  ./UART/uart1.o
GetDemora_IIC                                     ./I2C/i2c.o
                                                  ./HMC5883L/hmc5883l.o
GetFlagLecturaHMC5883L                            ./Timers/timers.o
                                                  ./HMC5883L/hmc5883l.o
GetFlagProcesarPulso                              ./CTIMER/ctimer.o
GetKey                                            ./Teclado/teclado.o
GetTiempoDAC                                      ./Timers/timers.o
GetTiempoPulso                                    ./CTIMER/ctimer.o
GetTimer                                          ./Timers/timers.o
HMC5883L                                          ./HMC5883L/hmc5883l.o
                                                  ./src/main.o
HMC5883L_Leer                                     ./Timers/timers.o
                                                  ./Drivers/Inicializacion.o
HardFault_Handler                                 ./src/cr_startup_lpc84x.o
I2C0_IRQHandler                                   ./src/cr_startup_lpc84x.o
I2C1_IRQHandler                                   ./src/cr_startup_lpc84x.o
I2C2_IRQHandler                                   ./src/cr_startup_lpc84x.o
I2C3_IRQHandler                                   ./src/cr_startup_lpc84x.o
IIC_Clock                                         ./I2C/i2c.o
IIC_Demora                                        ./I2C/i2c.o
IIC_Escribir                                      ./I2C/i2c.o
IIC_Guardar_Bloque                                ./I2C/i2c.o
IIC_Inicializacion                                ./I2C/i2c.o
                                                  ./Drivers/Inicializacion.o
IIC_Leer_Bloque                                   ./I2C/i2c.o
IIC_Read                                          ./I2C/i2c.o
                                                  ./HMC5883L/hmc5883l.o
IIC_Read_Clock                                    ./I2C/i2c.o
IIC_Read_Driver                                   ./I2C/i2c.o
IIC_Read_Driver_16b                               ./I2C/i2c.o
IIC_Read_Driver_32b                               ./I2C/i2c.o
IIC_Start                                         ./I2C/i2c.o
                                                  ./HMC5883L/hmc5883l.o
IIC_Stop                                          ./I2C/i2c.o
                                                  ./HMC5883L/hmc5883l.o
IIC_Write                                         ./I2C/i2c.o
                                                  ./HMC5883L/hmc5883l.o
IIC_Write_Driver                                  ./I2C/i2c.o
IIC_Write_Driver_16b                              ./I2C/i2c.o
IIC_Write_Driver_32b                              ./I2C/i2c.o
IOCON_config_io                                   ./GPIO/gpio.o
                                                  ./LCD/lcd.o
                                                  ./Teclado/teclado.o
                                                  ./UART/uart1.o
Inicializar                                       ./Drivers/Inicializacion.o
                                                  ./src/main.o
Inicializar_CTimer0                               ./CTIMER/ctimer.o
                                                  ./Drivers/Inicializacion.o
Inicializar_GPIO                                  ./GPIO/gpio.o
                                                  ./Drivers/Inicializacion.o
Inicializar_IO                                    ./IO/io.o
                                                  ./Drivers/Inicializacion.o
Inicializar_LCD                                   ./LCD/lcd.o
Inicializar_PLL                                   ./Drivers/dr_pll.o
                                                  ./Drivers/Inicializacion.o
Inicializar_SCTimer                               ./SCTIMER/sctimer.o
Inicializar_SysTick                               ./Drivers/dr_systick.o
                                                  ./Drivers/Inicializacion.o
Inicializar_Teclado                               ./Teclado/teclado.o
Inicializar_UART1                                 ./UART/uart1.o
                                                  ./Drivers/Inicializacion.o
IntDefaultHandler                                 ./src/cr_startup_lpc84x.o
LCD_Delay                                         ./LCD/lcd.o
LCD_Escribir                                      ./LCD/lcd.o
LeerBufferRX                                      ./UART/uart1.o
MRT_IRQHandler                                    ./src/cr_startup_lpc84x.o
MyPow                                             ./UART/uart1.o
NMI_Handler                                       ./src/cr_startup_lpc84x.o
PININT0_IRQHandler                                ./src/cr_startup_lpc84x.o
PININT1_IRQHandler                                ./src/cr_startup_lpc84x.o
PININT2_IRQHandler                                ./src/cr_startup_lpc84x.o
PININT3_IRQHandler                                ./src/cr_startup_lpc84x.o
PININT4_IRQHandler                                ./src/cr_startup_lpc84x.o
PININT5_IRQHandler                                ./src/cr_startup_lpc84x.o
PININT6_IRQHandler                                ./src/cr_startup_lpc84x.o
PININT7_IRQHandler                                ./src/cr_startup_lpc84x.o
PendSV_Handler                                    ./src/cr_startup_lpc84x.o
ReloadSctimer                                     ./SCTIMER/sctimer.o
ResetISR                                          ./src/cr_startup_lpc84x.o
SCT_IRQHandler                                    ./SCTIMER/sctimer.o
                                                  ./src/cr_startup_lpc84x.o
SPI0_IRQHandler                                   ./src/cr_startup_lpc84x.o
SPI1_IRQHandler                                   ./src/cr_startup_lpc84x.o
SVC_Handler                                       ./src/cr_startup_lpc84x.o
SetDemora_IIC                                     ./I2C/i2c.o
                                                  ./HMC5883L/hmc5883l.o
SetFlagLecturaHMC5883L                            ./Timers/timers.o
                                                  ./HMC5883L/hmc5883l.o
SetFlagProcesarPulso                              ./CTIMER/ctimer.o
SetTimer                                          ./Timers/timers.o
StandByTimer                                      ./Timers/timers.o
SysTick_Handler                                   ./Drivers/dr_systick.o
                                                  ./src/cr_startup_lpc84x.o
TECLADO_Barrido                                   ./Teclado/teclado.o
TECLADO_Barrido_HW                                ./Teclado/teclado.o
TECLADO_Barrido_SW                                ./Teclado/teclado.o
TMR_Events                                        ./Timers/timers.o
TMR_StandBy                                       ./Timers/timers.o
TMR_handlers                                      ./Timers/timers.o
TimerClose                                        ./Timers/timers.o
TimerEvent                                        ./Timers/timers.o
                                                  ./src/main.o
TimerStart                                        ./Timers/timers.o
                                                  ./Drivers/Inicializacion.o
TimerStop                                         ./Timers/timers.o
Tmr_Base                                          ./Timers/timers.o
Tmr_Run                                           ./Timers/timers.o
UART0_IRQHandler                                  ./src/cr_startup_lpc84x.o
UART1                                             ./UART/uart1.o
UART1_IRQHandler                                  ./UART/uart1.o
                                                  ./src/cr_startup_lpc84x.o
UART1_PopRx                                       ./UART/uart1.o
UART1_PopTx                                       ./UART/uart1.o
UART1_PushRx                                      ./UART/uart1.o
UART1_PushTx                                      ./UART/uart1.o
UART1_Send                                        ./UART/uart1.o
                                                  ./HMC5883L/hmc5883l.o
UART2_IRQHandler                                  ./src/cr_startup_lpc84x.o
WDT_IRQHandler                                    ./src/cr_startup_lpc84x.o
WKT_IRQHandler                                    ./src/cr_startup_lpc84x.o
_Csys_alloc                                       /usr/local/mcuxpressoide-11.6.0_8187/ide/plugins/com.nxp.mcuxpresso.tools.linux_11.6.0.202112161359/tools/bin/../lib/gcc/arm-none-eabi/10.3.1/../../../../arm-none-eabi/lib/thumb/v6-m/nofp/libcr_c.a(alloc.o)
                                                  /usr/local/mcuxpressoide-11.6.0_8187/ide/plugins/com.nxp.mcuxpresso.tools.linux_11.6.0.202112161359/tools/bin/../lib/gcc/arm-none-eabi/10.3.1/../../../../arm-none-eabi/lib/thumb/v6-m/nofp/libcr_c.a(_deferredlazyseek.o)
_Cwritebuf                                        /usr/local/mcuxpressoide-11.6.0_8187/ide/plugins/com.nxp.mcuxpresso.tools.linux_11.6.0.202112161359/tools/bin/../lib/gcc/arm-none-eabi/10.3.1/../../../../arm-none-eabi/lib/thumb/v6-m/nofp/libcr_c.a(_writebuf.o)
                                                  /usr/local/mcuxpressoide-11.6.0_8187/ide/plugins/com.nxp.mcuxpresso.tools.linux_11.6.0.202112161359/tools/bin/../lib/gcc/arm-none-eabi/10.3.1/../../../../arm-none-eabi/lib/thumb/v6-m/nofp/libcr_c.a(_fflush.o)
                                                  /usr/local/mcuxpressoide-11.6.0_8187/ide/plugins/com.nxp.mcuxpresso.tools.linux_11.6.0.202112161359/tools/bin/../lib/gcc/arm-none-eabi/10.3.1/../../../../arm-none-eabi/lib/thumb/v6-m/nofp/libcr_c.a(_deferredlazyseek.o)
__Ciob                                            /usr/local/mcuxpressoide-11.6.0_8187/ide/plugins/com.nxp.mcuxpresso.tools.linux_11.6.0.202112161359/tools/bin/../lib/gcc/arm-none-eabi/10.3.1/../../../../arm-none-eabi/lib/thumb/v6-m/nofp/libcr_nohost.a(__ciob.o)
                                                  /usr/local/mcuxpressoide-11.6.0_8187/ide/plugins/com.nxp.mcuxpresso.tools.linux_11.6.0.202112161359/tools/bin/../lib/gcc/arm-none-eabi/10.3.1/../../../../arm-none-eabi/lib/thumb/v6-m/nofp/libcr_c.a(fflush.o)
                                                  /usr/local/mcuxpressoide-11.6.0_8187/ide/plugins/com.nxp.mcuxpresso.tools.linux_11.6.0.202112161359/tools/bin/../lib/gcc/arm-none-eabi/10.3.1/../../../../arm-none-eabi/lib/thumb/v6-m/nofp/libcr_c.a(printf.o)
                                                  /usr/local/mcuxpressoide-11.6.0_8187/ide/plugins/com.nxp.mcuxpresso.tools.linux_11.6.0.202112161359/tools/bin/../lib/gcc/arm-none-eabi/10.3.1/../../../../arm-none-eabi/lib/thumb/v6-m/nofp/libcr_c.a(initio.o)
                                                  /usr/local/mcuxpressoide-11.6.0_8187/ide/plugins/com.nxp.mcuxpresso.tools.linux_11.6.0.202112161359/tools/bin/../lib/gcc/arm-none-eabi/10.3.1/../../../../arm-none-eabi/lib/thumb/v6-m/nofp/libcr_c.a(fpprintf.o)
__aeabi_cdcmpeq                                   /usr/local/mcuxpressoide-11.6.0_8187/ide/plugins/com.nxp.mcuxpresso.tools.linux_11.6.0.202112161359/tools/bin/../lib/gcc/arm-none-eabi/10.3.1/thumb/v6-m/nofp/libcr_eabihelpers.a(double.o)
__aeabi_cdcmple                                   /usr/local/mcuxpressoide-11.6.0_8187/ide/plugins/com.nxp.mcuxpresso.tools.linux_11.6.0.202112161359/tools/bin/../lib/gcc/arm-none-eabi/10.3.1/thumb/v6-m/nofp/libcr_eabihelpers.a(double.o)
__aeabi_cdrcmple                                  /usr/local/mcuxpressoide-11.6.0_8187/ide/plugins/com.nxp.mcuxpresso.tools.linux_11.6.0.202112161359/tools/bin/../lib/gcc/arm-none-eabi/10.3.1/thumb/v6-m/nofp/libcr_eabihelpers.a(double.o)
__aeabi_d2f                                       /usr/local/mcuxpressoide-11.6.0_8187/ide/plugins/com.nxp.mcuxpresso.tools.linux_11.6.0.202112161359/tools/bin/../lib/gcc/arm-none-eabi/10.3.1/thumb/v6-m/nofp/libcr_eabihelpers.a(double.o)
__aeabi_d2iz                                      /usr/local/mcuxpressoide-11.6.0_8187/ide/plugins/com.nxp.mcuxpresso.tools.linux_11.6.0.202112161359/tools/bin/../lib/gcc/arm-none-eabi/10.3.1/thumb/v6-m/nofp/libcr_eabihelpers.a(double.o)
                                                  /usr/local/mcuxpressoide-11.6.0_8187/ide/plugins/com.nxp.mcuxpresso.tools.linux_11.6.0.202112161359/tools/bin/../lib/gcc/arm-none-eabi/10.3.1/../../../../arm-none-eabi/lib/thumb/v6-m/nofp/libcr_c.a(fpprintf.o)
__aeabi_d2lz                                      /usr/local/mcuxpressoide-11.6.0_8187/ide/plugins/com.nxp.mcuxpresso.tools.linux_11.6.0.202112161359/tools/bin/../lib/gcc/arm-none-eabi/10.3.1/thumb/v6-m/nofp/libcr_eabihelpers.a(double.o)
__aeabi_d2uiz                                     /usr/local/mcuxpressoide-11.6.0_8187/ide/plugins/com.nxp.mcuxpresso.tools.linux_11.6.0.202112161359/tools/bin/../lib/gcc/arm-none-eabi/10.3.1/thumb/v6-m/nofp/libcr_eabihelpers.a(double.o)
__aeabi_d2ulz                                     /usr/local/mcuxpressoide-11.6.0_8187/ide/plugins/com.nxp.mcuxpresso.tools.linux_11.6.0.202112161359/tools/bin/../lib/gcc/arm-none-eabi/10.3.1/thumb/v6-m/nofp/libcr_eabihelpers.a(double.o)
__aeabi_dadd                                      /usr/local/mcuxpressoide-11.6.0_8187/ide/plugins/com.nxp.mcuxpresso.tools.linux_11.6.0.202112161359/tools/bin/../lib/gcc/arm-none-eabi/10.3.1/thumb/v6-m/nofp/libcr_eabihelpers.a(double.o)
                                                  /usr/local/mcuxpressoide-11.6.0_8187/ide/plugins/com.nxp.mcuxpresso.tools.linux_11.6.0.202112161359/tools/bin/../lib/gcc/arm-none-eabi/10.3.1/../../../../arm-none-eabi/lib/thumb/v6-m/nofp/libcr_c.a(fpprintf.o)
__aeabi_dcmpeq                                    /usr/local/mcuxpressoide-11.6.0_8187/ide/plugins/com.nxp.mcuxpresso.tools.linux_11.6.0.202112161359/tools/bin/../lib/gcc/arm-none-eabi/10.3.1/thumb/v6-m/nofp/libcr_eabihelpers.a(double.o)
                                                  /usr/local/mcuxpressoide-11.6.0_8187/ide/plugins/com.nxp.mcuxpresso.tools.linux_11.6.0.202112161359/tools/bin/../lib/gcc/arm-none-eabi/10.3.1/../../../../arm-none-eabi/lib/thumb/v6-m/nofp/libcr_c.a(_ldexpl.o)
                                                  /usr/local/mcuxpressoide-11.6.0_8187/ide/plugins/com.nxp.mcuxpresso.tools.linux_11.6.0.202112161359/tools/bin/../lib/gcc/arm-none-eabi/10.3.1/../../../../arm-none-eabi/lib/thumb/v6-m/nofp/libcr_c.a(_frexpl.o)
                                                  /usr/local/mcuxpressoide-11.6.0_8187/ide/plugins/com.nxp.mcuxpresso.tools.linux_11.6.0.202112161359/tools/bin/../lib/gcc/arm-none-eabi/10.3.1/../../../../arm-none-eabi/lib/thumb/v6-m/nofp/libcr_c.a(fpprintf.o)
__aeabi_dcmpge                                    /usr/local/mcuxpressoide-11.6.0_8187/ide/plugins/com.nxp.mcuxpresso.tools.linux_11.6.0.202112161359/tools/bin/../lib/gcc/arm-none-eabi/10.3.1/thumb/v6-m/nofp/libcr_eabihelpers.a(double.o)
                                                  /usr/local/mcuxpressoide-11.6.0_8187/ide/plugins/com.nxp.mcuxpresso.tools.linux_11.6.0.202112161359/tools/bin/../lib/gcc/arm-none-eabi/10.3.1/../../../../arm-none-eabi/lib/thumb/v6-m/nofp/libcr_c.a(fpprintf.o)
__aeabi_dcmpgt                                    /usr/local/mcuxpressoide-11.6.0_8187/ide/plugins/com.nxp.mcuxpresso.tools.linux_11.6.0.202112161359/tools/bin/../lib/gcc/arm-none-eabi/10.3.1/thumb/v6-m/nofp/libcr_eabihelpers.a(double.o)
__aeabi_dcmple                                    /usr/local/mcuxpressoide-11.6.0_8187/ide/plugins/com.nxp.mcuxpresso.tools.linux_11.6.0.202112161359/tools/bin/../lib/gcc/arm-none-eabi/10.3.1/thumb/v6-m/nofp/libcr_eabihelpers.a(double.o)
                                                  /usr/local/mcuxpressoide-11.6.0_8187/ide/plugins/com.nxp.mcuxpresso.tools.linux_11.6.0.202112161359/tools/bin/../lib/gcc/arm-none-eabi/10.3.1/../../../../arm-none-eabi/lib/thumb/v6-m/nofp/libcr_c.a(fpprintf.o)
__aeabi_dcmplt                                    /usr/local/mcuxpressoide-11.6.0_8187/ide/plugins/com.nxp.mcuxpresso.tools.linux_11.6.0.202112161359/tools/bin/../lib/gcc/arm-none-eabi/10.3.1/thumb/v6-m/nofp/libcr_eabihelpers.a(double.o)
                                                  /usr/local/mcuxpressoide-11.6.0_8187/ide/plugins/com.nxp.mcuxpresso.tools.linux_11.6.0.202112161359/tools/bin/../lib/gcc/arm-none-eabi/10.3.1/../../../../arm-none-eabi/lib/thumb/v6-m/nofp/libcr_c.a(fpprintf.o)
__aeabi_dcmpun                                    /usr/local/mcuxpressoide-11.6.0_8187/ide/plugins/com.nxp.mcuxpresso.tools.linux_11.6.0.202112161359/tools/bin/../lib/gcc/arm-none-eabi/10.3.1/thumb/v6-m/nofp/libcr_eabihelpers.a(double.o)
__aeabi_ddiv                                      /usr/local/mcuxpressoide-11.6.0_8187/ide/plugins/com.nxp.mcuxpresso.tools.linux_11.6.0.202112161359/tools/bin/../lib/gcc/arm-none-eabi/10.3.1/thumb/v6-m/nofp/libcr_eabihelpers.a(double.o)
                                                  /usr/local/mcuxpressoide-11.6.0_8187/ide/plugins/com.nxp.mcuxpresso.tools.linux_11.6.0.202112161359/tools/bin/../lib/gcc/arm-none-eabi/10.3.1/../../../../arm-none-eabi/lib/thumb/v6-m/nofp/libcr_c.a(fpprintf.o)
__aeabi_dmul                                      /usr/local/mcuxpressoide-11.6.0_8187/ide/plugins/com.nxp.mcuxpresso.tools.linux_11.6.0.202112161359/tools/bin/../lib/gcc/arm-none-eabi/10.3.1/thumb/v6-m/nofp/libcr_eabihelpers.a(double.o)
                                                  /usr/local/mcuxpressoide-11.6.0_8187/ide/plugins/com.nxp.mcuxpresso.tools.linux_11.6.0.202112161359/tools/bin/../lib/gcc/arm-none-eabi/10.3.1/../../../../arm-none-eabi/lib/thumb/v6-m/nofp/libcr_c.a(fpprintf.o)
__aeabi_dneg                                      /usr/local/mcuxpressoide-11.6.0_8187/ide/plugins/com.nxp.mcuxpresso.tools.linux_11.6.0.202112161359/tools/bin/../lib/gcc/arm-none-eabi/10.3.1/thumb/v6-m/nofp/libcr_eabihelpers.a(double.o)
__aeabi_drsub                                     /usr/local/mcuxpressoide-11.6.0_8187/ide/plugins/com.nxp.mcuxpresso.tools.linux_11.6.0.202112161359/tools/bin/../lib/gcc/arm-none-eabi/10.3.1/thumb/v6-m/nofp/libcr_eabihelpers.a(double.o)
__aeabi_dsub                                      /usr/local/mcuxpressoide-11.6.0_8187/ide/plugins/com.nxp.mcuxpresso.tools.linux_11.6.0.202112161359/tools/bin/../lib/gcc/arm-none-eabi/10.3.1/thumb/v6-m/nofp/libcr_eabihelpers.a(double.o)
                                                  /usr/local/mcuxpressoide-11.6.0_8187/ide/plugins/com.nxp.mcuxpresso.tools.linux_11.6.0.202112161359/tools/bin/../lib/gcc/arm-none-eabi/10.3.1/../../../../arm-none-eabi/lib/thumb/v6-m/nofp/libcr_c.a(fpprintf.o)
__aeabi_i2d                                       /usr/local/mcuxpressoide-11.6.0_8187/ide/plugins/com.nxp.mcuxpresso.tools.linux_11.6.0.202112161359/tools/bin/../lib/gcc/arm-none-eabi/10.3.1/thumb/v6-m/nofp/libcr_eabihelpers.a(double.o)
                                                  /usr/local/mcuxpressoide-11.6.0_8187/ide/plugins/com.nxp.mcuxpresso.tools.linux_11.6.0.202112161359/tools/bin/../lib/gcc/arm-none-eabi/10.3.1/../../../../arm-none-eabi/lib/thumb/v6-m/nofp/libcr_c.a(fpprintf.o)
__aeabi_idiv                                      ./src/aeabi_romdiv_patch.o
                                                  /usr/local/mcuxpressoide-11.6.0_8187/ide/plugins/com.nxp.mcuxpresso.tools.linux_11.6.0.202112161359/tools/bin/../lib/gcc/arm-none-eabi/10.3.1/../../../../arm-none-eabi/lib/thumb/v6-m/nofp/libcr_c.a(fpprintf.o)
__aeabi_idivmod                                   ./src/aeabi_romdiv_patch.o
__aeabi_l2d                                       /usr/local/mcuxpressoide-11.6.0_8187/ide/plugins/com.nxp.mcuxpresso.tools.linux_11.6.0.202112161359/tools/bin/../lib/gcc/arm-none-eabi/10.3.1/thumb/v6-m/nofp/libcr_eabihelpers.a(double.o)
__aeabi_lasr                                      /usr/local/mcuxpressoide-11.6.0_8187/ide/plugins/com.nxp.mcuxpresso.tools.linux_11.6.0.202112161359/tools/bin/../lib/gcc/arm-none-eabi/10.3.1/thumb/v6-m/nofp/libcr_eabihelpers.a(llong.o)
__aeabi_lcmp                                      /usr/local/mcuxpressoide-11.6.0_8187/ide/plugins/com.nxp.mcuxpresso.tools.linux_11.6.0.202112161359/tools/bin/../lib/gcc/arm-none-eabi/10.3.1/thumb/v6-m/nofp/libcr_eabihelpers.a(llong.o)