../SPI/spi.c:27:6:SPI_MEMORIA_Inicializacion	16	static
../SPI/spi.c:69:6:SPI_HW_Enable	8	static
../SPI/spi.c:75:6:SPI_HW_Disable	8	static
../SPI/spi.c:81:6:SPI_WRITE_Enable	8	static
../SPI/spi.c:90:6:SPI_WRITE_Disable	8	static
../SPI/spi.c:101:6:SPI_HW_Write	24	static
../SPI/spi.c:125:9:SPI_HW_Read	16	static
../SPI/spi.c:150:6:SPI_Demora	24	static
../SPI/spi.c:157:6:SPI_Borrar_Sector	16	static
../SPI/spi.c:174:6:SPI_Borrar_Todo	8	static
../SPI/spi.c:187:6:SPI_Borrar_Bloque	16	static
../SPI/spi.c:204:6:SPI_Reset_SW	8	static
../SPI/spi.c:221:6:SPI_Guardar	32	static
../SPI/spi.c:231:6:SPI_Guardar_Byte	16	static
../SPI/spi.c:262:6:SPI_Leer	40	static
../SPI/spi.c:292:9:SPI_Leer_Configuracion	32	static
../SPI/spi.c:307:6:SPI_Guardar_Configuracion	40	static
../SPI/spi.c:325:6:SPI_Jedec_ID_Leer	8	static
../SPI/spi.c:338:6:SPI_WriteBlock_Protection	16	static
../SPI/spi.c:358:6:SPI_Wait_Busy	8	static
