../RC522/rc522.c:25:6:showSerialNumber	72	static
../RC522/rc522.c:69:6:setup	8	static
../RC522/rc522.c:81:6:MFRC522_Init	8	static
../RC522/rc522.c:102:6:MFRC522_Reset	8	static
../RC522/rc522.c:110:6:AntennaOn	24	static
../RC522/rc522.c:123:6:SetBitMask	32	static
../RC522/rc522.c:133:6:ClearBitMask	32	static
../RC522/rc522.c:143:6:Write_MFRC522	16	static
../RC522/rc522.c:155:9:Read_MFRC522	32	static
../RC522/rc522.c:172:6:delay1s	8	static
../RC522/rc522.c:181:9:MFRC522_Anticoll	40	static
../RC522/rc522.c:217:9:MFRC522_ToCard	48	static
../RC522/rc522.c:314:6:MFRC522_Halt	40	static
../RC522/rc522.c:333:6:CalulateCRC	40	static
../RC522/rc522.c:365:9:MFRC522_Request	40	static
../RC522/rc522.c:381:6:beepOkWrite	8	static
../RC522/rc522.c:387:6:beepOk	8	static
../RC522/rc522.c:392:6:beepNok	8	static
../RC522/rc522.c:401:8:writeTagBlockMemory	96	static
../RC522/rc522.c:618:9:MFRC522_SelectTag	64	static
../RC522/rc522.c:648:6:writeTagBlockData	56	static
../RC522/rc522.c:667:9:MFRC522_Auth	64	static
../RC522/rc522.c:697:9:MFRC522_Write	72	static
../RC522/rc522.c:730:9:MFRC522_Read	40	static
../RC522/rc522.c:748:6:readDataHEX	56	static
../RC522/rc522.c:879:6:readDataASCII	96	static
../RC522/rc522.c:930:8:readDataASCIIsectorBlock	96	static
../RC522/rc522.c:981:6:sendToSerialASCII	64	static
../RC522/rc522.c:1002:6:sendToSerialHEX	200	static
../RC522/rc522.c:1018:6:InitRC522	8	static
